#
# There is insufficient memory for the Java Runtime Environment to continue.
# Native memory allocation (malloc) failed to allocate 1048576 bytes. Error detail: AllocateHeap
# Possible reasons:
#   The system is out of physical RAM or swap space
#   This process is running with CompressedOops enabled, and the Java Heap may be blocking the growth of the native heap
# Possible solutions:
#   Reduce memory load on the system
#   Increase physical memory or swap space
#   Check if swap backing store is full
#   Decrease Java heap size (-Xmx/-Xms)
#   Decrease number of Java threads
#   Decrease Java thread stack sizes (-Xss)
#   Set larger code cache with -XX:ReservedCodeCacheSize=
#   JVM is running with Unscaled Compressed Oops mode in which the Java heap is
#     placed in the first 4GB address space. The Java Heap base address is the
#     maximum limit for the native heap growth. Please use -XX:HeapBaseMinAddress
#     to set the Java Heap base and to place the Java Heap above 4GB virtual address.
# This output file may be truncated or incomplete.
#
#  Out of Memory Error (allocation.cpp:44), pid=10364, tid=1932
#
# JRE version: OpenJDK Runtime Environment Temurin-21.0.11+10 (21.0.11+10) (build 21.0.11+10-LTS)
# Java VM: OpenJDK 64-Bit Server VM Temurin-21.0.11+10 (21.0.11+10-LTS, mixed mode, sharing, tiered, compressed oops, compressed class ptrs, parallel gc, windows-amd64)
# No core dump will be written. Minidumps are not enabled by default on client versions of Windows
#

---------------  S U M M A R Y ------------

Command Line: --add-modules=ALL-SYSTEM --add-opens=java.base/java.util=ALL-UNNAMED --add-opens=java.base/java.lang=ALL-UNNAMED --add-opens=java.base/sun.nio.fs=ALL-UNNAMED -Declipse.application=org.eclipse.jdt.ls.core.id1 -Dosgi.bundles.defaultStartLevel=4 -Declipse.product=org.eclipse.jdt.ls.core.product -Djava.import.generatesMetadataFilesAtProjectRoot=false -DDetectVMInstallationsJob.disabled=true -Dfile.encoding=utf8 -XX:+UseParallelGC -XX:GCTimeRatio=4 -XX:AdaptiveSizePolicyWeight=90 -Dsun.zip.disableMemoryMapping=true -Xmx2G -Xms100m -Xlog:disable -javaagent:c:\Users\LENOVO\.cursor\extensions\redhat.java-1.55.0-win32-x64\lombok\lombok-1.18.39-4050.jar -XX:+HeapDumpOnOutOfMemoryError -XX:HeapDumpPath=c:\Users\LENOVO\AppData\Roaming\Cursor\User\workspaceStorage\a78203c44efd8367260fac9b3c4b3b31\redhat.java -Daether.dependencyCollector.impl=bf c:\Users\LENOVO\.cursor\extensions\redhat.java-1.55.0-win32-x64\server\plugins\org.eclipse.equinox.launcher_1.7.200.v20260619-2039.jar -configuration c:\Users\LENOVO\AppData\Roaming\Cursor\User\globalStorage\redhat.java\1.55.0\config_win -data c:\Users\LENOVO\AppData\Roaming\Cursor\User\workspaceStorage\a78203c44efd8367260fac9b3c4b3b31\redhat.java\jdt_ws --pipe=\\.\pipe\lsp-f886bfe04f495b40db9b5d59f2ecd162-sock

Host: 11th Gen Intel(R) Core(TM) i5-1135G7 @ 2.40GHz, 8 cores, 19G,  Windows 11 , 64 bit Build 26100 (10.0.26100.8521)
Time: Wed Jul 15 13:26:39 2026 W. Central Africa Standard Time elapsed time: 171031.385513 seconds (1d 23h 30m 31s)

---------------  T H R E A D  ---------------

Current thread (0x00000186f444a380):  JavaThread "Attach Listener" daemon [_thread_in_vm, id=1932, stack(0x000000348ee00000,0x000000348ef00000) (1024K)]

Stack: [0x000000348ee00000,0x000000348ef00000]
Native frames: (J=compiled Java code, j=interpreted, Vv=VM code, C=native code)
V  [jvm.dll+0x6d7e19]
V  [jvm.dll+0x8b5096]
V  [jvm.dll+0x8b764e]
V  [jvm.dll+0x8b7d33]
V  [jvm.dll+0x284596]
V  [jvm.dll+0xc13c7]
V  [jvm.dll+0x6d86c9]
V  [jvm.dll+0x133616]
V  [jvm.dll+0x3f868e]
V  [jvm.dll+0x85fb0d]
V  [jvm.dll+0x6d664d]
C  [ucrtbase.dll+0x2cd30]
C  [KERNEL32.DLL+0x2e957]
C  [ntdll.dll+0x87c1c]


---------------  P R O C E S S  ---------------

Threads class SMR info:
_java_thread_list=0x00000186d4ecbb70, length=40, elements={
0x00000186f2138a10, 0x00000186f458d800, 0x00000186f4445d00, 0x00000186f4447810,
0x00000186f444a380, 0x00000186f444c340, 0x00000186f444ced0, 0x00000186f444fda0,
0x00000186fd71a4b0, 0x00000186fd935e40, 0x00000186fdb05960, 0x00000186fe5a9020,
0x00000186fe2d9cf0, 0x00000186fe2bdca0, 0x00000186fe2bace0, 0x00000186fe49f840,
0x00000186fd7e01c0, 0x00000186fd83da40, 0x00000186fd83cd20, 0x00000186fe717a10,
0x00000186fe717380, 0x00000186fe719450, 0x00000186fe715fd0, 0x00000186fe71bbb0,
0x00000186fe719ae0, 0x00000186fe71a170, 0x00000186fe71cf60, 0x00000186fe71a800,
0x00000186fe71d5f0, 0x00000186fe71c240, 0x00000186fe71ae90, 0x00000186fe71c8d0,
0x00000186fd83d3b0, 0x00000186d5e0aa30, 0x00000186d5e0b750, 0x00000186d5e0f260,
0x00000186d5e0bde0, 0x00000186d5e0d820, 0x00000186d5e0f8f0, 0x00000186d5e0ebd0
}

Java Threads: ( => current thread )
  0x00000186f2138a10 JavaThread "main"                              [_thread_blocked, id=30404, stack(0x000000348e700000,0x000000348e800000) (1024K)]
  0x00000186f458d800 JavaThread "Reference Handler"          daemon [_thread_blocked, id=34036, stack(0x000000348eb00000,0x000000348ec00000) (1024K)]
  0x00000186f4445d00 JavaThread "Finalizer"                  daemon [_thread_blocked, id=34172, stack(0x000000348ec00000,0x000000348ed00000) (1024K)]
  0x00000186f4447810 JavaThread "Signal Dispatcher"          daemon [_thread_blocked, id=32756, stack(0x000000348ed00000,0x000000348ee00000) (1024K)]
=>0x00000186f444a380 JavaThread "Attach Listener"            daemon [_thread_in_vm, id=1932, stack(0x000000348ee00000,0x000000348ef00000) (1024K)]
  0x00000186f444c340 JavaThread "Service Thread"             daemon [_thread_blocked, id=10276, stack(0x000000348ef00000,0x000000348f000000) (1024K)]
  0x00000186f444ced0 JavaThread "Monitor Deflation Thread"   daemon [_thread_blocked, id=29288, stack(0x000000348f000000,0x000000348f100000) (1024K)]
  0x00000186f444fda0 JavaThread "C2 CompilerThread0"         daemon [_thread_blocked, id=27728, stack(0x000000348f100000,0x000000348f200000) (1024K)]
  0x00000186fd71a4b0 JavaThread "C1 CompilerThread0"         daemon [_thread_blocked, id=27976, stack(0x000000348f200000,0x000000348f300000) (1024K)]
  0x00000186fd935e40 JavaThread "Common-Cleaner"             daemon [_thread_blocked, id=31368, stack(0x000000348f400000,0x000000348f500000) (1024K)]
  0x00000186fdb05960 JavaThread "Notification Thread"        daemon [_thread_blocked, id=38360, stack(0x000000348f300000,0x000000348f400000) (1024K)]
  0x00000186fe5a9020 JavaThread "Active Thread: Equinox Container: 5ac31adc-d4d7-4e32-b2c9-897c148dd62d"        [_thread_blocked, id=14576, stack(0x000000348f500000,0x000000348f600000) (1024K)]
  0x00000186fe2d9cf0 JavaThread "Refresh Thread: Equinox Container: 5ac31adc-d4d7-4e32-b2c9-897c148dd62d" daemon [_thread_blocked, id=25848, stack(0x000000348fd00000,0x000000348fe00000) (1024K)]
  0x00000186fe2bdca0 JavaThread "Framework Event Dispatcher: Equinox Container: 5ac31adc-d4d7-4e32-b2c9-897c148dd62d" daemon [_thread_blocked, id=33932, stack(0x000000348fe00000,0x000000348ff00000) (1024K)]
  0x00000186fe2bace0 JavaThread "Start Level: Equinox Container: 5ac31adc-d4d7-4e32-b2c9-897c148dd62d" daemon [_thread_blocked, id=33996, stack(0x000000348ff00000,0x0000003490000000) (1024K)]
  0x00000186fe49f840 JavaThread "Bundle File Closer"         daemon [_thread_blocked, id=21328, stack(0x0000003490000000,0x0000003490100000) (1024K)]
  0x00000186fd7e01c0 JavaThread "SCR Component Actor"        daemon [_thread_blocked, id=14036, stack(0x0000003490100000,0x0000003490200000) (1024K)]
  0x00000186fd83da40 JavaThread "Worker-JM"                         [_thread_blocked, id=32256, stack(0x0000003490200000,0x0000003490300000) (1024K)]
  0x00000186fd83cd20 JavaThread "JNA Cleaner"                daemon [_thread_blocked, id=26656, stack(0x0000003490300000,0x0000003490400000) (1024K)]
  0x00000186fe717a10 JavaThread "Java indexing"              daemon [_thread_blocked, id=35576, stack(0x0000003490700000,0x0000003490800000) (1024K)]
  0x00000186fe717380 JavaThread "Worker-2"                          [_thread_blocked, id=2408, stack(0x0000003490900000,0x0000003490a00000) (1024K)]
  0x00000186fe719450 JavaThread "Thread-1"                   daemon [_thread_in_native, id=37400, stack(0x0000003490f00000,0x0000003491000000) (1024K)]
  0x00000186fe715fd0 JavaThread "Thread-2"                   daemon [_thread_in_native, id=37584, stack(0x0000003491000000,0x0000003491100000) (1024K)]
  0x00000186fe71bbb0 JavaThread "Thread-3"                   daemon [_thread_in_native, id=1528, stack(0x0000003491100000,0x0000003491200000) (1024K)]
  0x00000186fe719ae0 JavaThread "Thread-4"                   daemon [_thread_in_native, id=6840, stack(0x0000003491200000,0x0000003491300000) (1024K)]
  0x00000186fe71a170 JavaThread "Thread-5"                   daemon [_thread_in_native, id=3284, stack(0x0000003491300000,0x0000003491400000) (1024K)]
  0x00000186fe71cf60 JavaThread "Thread-6"                   daemon [_thread_in_native, id=3276, stack(0x0000003491400000,0x0000003491500000) (1024K)]
  0x00000186fe71a800 JavaThread "Thread-7"                   daemon [_thread_in_native, id=24012, stack(0x0000003491500000,0x0000003491600000) (1024K)]
  0x00000186fe71d5f0 JavaThread "Thread-8"                   daemon [_thread_in_native, id=14296, stack(0x0000003491600000,0x0000003491700000) (1024K)]
  0x00000186fe71c240 JavaThread "Thread-9"                   daemon [_thread_in_native, id=18704, stack(0x0000003491700000,0x0000003491800000) (1024K)]
  0x00000186fe71ae90 JavaThread "pool-2-thread-1"                   [_thread_blocked, id=30124, stack(0x0000003491800000,0x0000003491900000) (1024K)]
  0x00000186fe71c8d0 JavaThread "Timer-0"                           [_thread_blocked, id=14728, stack(0x0000003491a00000,0x0000003491b00000) (1024K)]
  0x00000186fd83d3b0 JavaThread "Timer-1"                           [_thread_blocked, id=18020, stack(0x0000003491b00000,0x0000003491c00000) (1024K)]
  0x00000186d5e0aa30 JavaThread "WorkspaceEventsHandler"            [_thread_blocked, id=37940, stack(0x0000003491c00000,0x0000003491d00000) (1024K)]
  0x00000186d5e0b750 JavaThread "pool-1-thread-1"                   [_thread_blocked, id=2508, stack(0x0000003491d00000,0x0000003491e00000) (1024K)]
  0x00000186d5e0f260 JavaThread "Timer-2"                           [_thread_blocked, id=28116, stack(0x0000003492100000,0x0000003492200000) (1024K)]
  0x00000186d5e0bde0 JavaThread "Timer-3"                           [_thread_blocked, id=8272, stack(0x0000003492000000,0x0000003492100000) (1024K)]
  0x00000186d5e0d820 JavaThread "Timer-4"                           [_thread_blocked, id=3576, stack(0x0000003492200000,0x0000003492300000) (1024K)]
  0x00000186d5e0f8f0 JavaThread "Timer-5"                           [_thread_blocked, id=24880, stack(0x0000003492400000,0x0000003492500000) (1024K)]
  0x00000186d5e0ebd0 JavaThread "Worker-6"                          [_thread_blocked, id=26676, stack(0x000000348e400000,0x000000348e500000) (1024K)]
Total: 40

Other Threads:
  0x00000186f44438b0 VMThread "VM Thread"                           [id=38904, stack(0x000000348ea00000,0x000000348eb00000) (1024K)]
  0x00000186f453f830 WatcherThread "VM Periodic Task Thread"        [id=10884, stack(0x000000348e900000,0x000000348ea00000) (1024K)]
  0x00000186f44f14f0 WorkerThread "GC Thread#0"                     [id=17360, stack(0x000000348e800000,0x000000348e900000) (1024K)]
  0x00000186fdfa0850 WorkerThread "GC Thread#1"                     [id=17132, stack(0x000000348f600000,0x000000348f700000) (1024K)]
  0x00000186fe577140 WorkerThread "GC Thread#2"                     [id=25040, stack(0x000000348f700000,0x000000348f800000) (1024K)]
  0x00000186fdbd7960 WorkerThread "GC Thread#3"                     [id=29644, stack(0x000000348f800000,0x000000348f900000) (1024K)]
  0x00000186fdebc730 WorkerThread "GC Thread#4"                     [id=36116, stack(0x000000348f900000,0x000000348fa00000) (1024K)]
  0x00000186fdebcae0 WorkerThread "GC Thread#5"                     [id=34480, stack(0x000000348fa00000,0x000000348fb00000) (1024K)]
  0x00000186fdebd2a0 WorkerThread "GC Thread#6"                     [id=2636, stack(0x000000348fb00000,0x000000348fc00000) (1024K)]
  0x00000186fe26c3e0 WorkerThread "GC Thread#7"                     [id=35184, stack(0x000000348fc00000,0x000000348fd00000) (1024K)]
Total: 10

Threads with active compile tasks:
Total: 0

VM state: not at safepoint (normal execution)

VM Mutex/Monitor currently owned by a thread: None

Heap address: 0x0000000080000000, size: 2048 MB, Compressed Oops mode: 32-bit

CDS archive(s) mapped at: [0x000001868f000000-0x000001868fba0000-0x000001868fba0000), size 12189696, SharedBaseAddress: 0x000001868f000000, ArchiveRelocationMode: 1.
Compressed class space mapped at: 0x0000018690000000-0x00000186d0000000, reserved size: 1073741824
Narrow klass base: 0x000001868f000000, Narrow klass shift: 0, Narrow klass range: 0x100000000

GC Precious Log:
 CardTable entry size: 512
 CPUs: 8 total, 8 available
 Memory: 20279M
 Large Page Support: Disabled
 NUMA Support: Disabled
 Compressed Oops: Enabled (32-bit)
 Alignments: Space 512K, Generation 512K, Heap 2M
 Heap Min Capacity: 100M
 Heap Initial Capacity: 100M
 Heap Max Capacity: 2G
 Pre-touch: Disabled
 Parallel Workers: 8

Heap:
 PSYoungGen      total 22528K, used 12804K [0x00000000d5580000, 0x00000000d6e00000, 0x0000000100000000)
  eden space 22016K, 55% used [0x00000000d5580000,0x00000000d6186e78,0x00000000d6b00000)
  from space 512K, 95% used [0x00000000d6d80000,0x00000000d6dfa1b8,0x00000000d6e00000)
  to   space 1024K, 0% used [0x00000000d6c00000,0x00000000d6c00000,0x00000000d6d00000)
 ParOldGen       total 68608K, used 28046K [0x0000000080000000, 0x0000000084300000, 0x00000000d5580000)
  object space 68608K, 40% used [0x0000000080000000,0x0000000081b63898,0x0000000084300000)
 Metaspace       used 53978K, committed 55168K, reserved 1114112K
  class space    used 6010K, committed 6528K, reserved 1048576K

Card table byte_map: [0x00000186f3e70000,0x00000186f4280000] _byte_map_base: 0x00000186f3a70000

Marking Bits: (ParMarkBitMap*) 0x00007ffdbf514460
 Begin Bits: [0x00000186f7980000, 0x00000186f9980000)
 End Bits:   [0x00000186f9980000, 0x00000186fb980000)

Polling page: 0x00000186f22b0000

Metaspace:

Usage:
  Non-class:     46.84 MB used.
      Class:      5.87 MB used.
       Both:     52.71 MB used.

Virtual space:
  Non-class space:       64.00 MB reserved,      47.50 MB ( 74%) committed,  1 nodes.
      Class space:        1.00 GB reserved,       6.38 MB ( <1%) committed,  1 nodes.
             Both:        1.06 GB reserved,      53.88 MB (  5%) committed. 

Chunk freelists:
   Non-Class:  15.91 MB
       Class:  9.50 MB
        Both:  25.41 MB

MaxMetaspaceSize: unlimited
CompressedClassSpaceSize: 1.00 GB
Initial GC threshold: 21.00 MB
Current GC threshold: 58.38 MB
CDS: on
 - commit_granule_bytes: 65536.
 - commit_granule_words: 8192.
 - virtual_space_node_default_size: 8388608.
 - enlarge_chunks_in_place: 1.
 - use_allocation_guard: 0.


Internal statistics:

num_allocs_failed_limit: 6.
num_arena_births: 878.
num_arena_deaths: 30.
num_vsnodes_births: 2.
num_vsnodes_deaths: 0.
num_space_committed: 862.
num_space_uncommitted: 0.
num_chunks_returned_to_freelist: 41.
num_chunks_taken_from_freelist: 3163.
num_chunk_merges: 9.
num_chunk_splits: 1919.
num_chunks_enlarged: 1098.
num_inconsistent_stats: 0.

CodeHeap 'non-profiled nmethods': size=120000Kb used=4514Kb max_used=4514Kb free=115485Kb
 bounds [0x0000018687ad0000, 0x0000018687f40000, 0x000001868f000000]
CodeHeap 'profiled nmethods': size=120000Kb used=14818Kb max_used=14818Kb free=105181Kb
 bounds [0x0000018680000000, 0x0000018680e80000, 0x0000018687530000]
CodeHeap 'non-nmethods': size=5760Kb used=1421Kb max_used=1479Kb free=4338Kb
 bounds [0x0000018687530000, 0x00000186877a0000, 0x0000018687ad0000]
CodeCache: size=245760Kb, used=20753Kb, max_used=20811Kb, free=225004Kb
 total_blobs=7833, nmethods=7122, adapters=617, full_count=0
Compilation: enabled, stopped_count=0, restarted_count=0

Compilation events (20 events):
Event: 157496.828 Thread 0x00000186f444fda0 7680       4       java.util.concurrent.Executors$RunnableAdapter::call (14 bytes)
Event: 157496.955 Thread 0x00000186f444fda0 nmethod 7680 0x0000018687f31210 code [0x0000018687f315c0, 0x0000018687f33000]
Event: 159504.355 Thread 0x00000186fd71a4b0 7681       3       java.lang.Thread::getPriority (17 bytes)
Event: 159504.365 Thread 0x00000186fd71a4b0 nmethod 7681 0x0000018680e77490 code [0x0000018680e77640, 0x0000018680e77908]
Event: 160404.360 Thread 0x00000186f444fda0 7682       4       sun.security.provider.DigestBase::engineUpdate (176 bytes)
Event: 160404.399 Thread 0x00000186f444fda0 nmethod 7682 0x0000018687f34610 code [0x0000018687f34820, 0x0000018687f35108]
Event: 161304.394 Thread 0x00000186fd71a4b0 7683       3       org.eclipse.core.internal.dtree.DeltaDataTree::storeStrings (31 bytes)
Event: 161304.400 Thread 0x00000186fd71a4b0 nmethod 7683 0x0000018680e77a10 code [0x0000018680e77be0, 0x0000018680e77f10]
Event: 161521.993 Thread 0x00000186f444fda0 7684       4       java.util.logging.Logger::isLoggable (27 bytes)
Event: 161521.997 Thread 0x00000186f444fda0 nmethod 7684 0x0000018687f35790 code [0x0000018687f35920, 0x0000018687f359f8]
Event: 163524.437 Thread 0x00000186f444fda0 7685       4       org.eclipse.core.internal.jobs.JobManager::startJob (89 bytes)
Event: 163524.489 Thread 0x00000186f444fda0 nmethod 7685 0x0000018687f35b10 code [0x0000018687f35da0, 0x0000018687f36808]
Event: 163584.437 Thread 0x00000186f444fda0 7686   !   4       org.eclipse.core.internal.jobs.JobManager::sleepHint (67 bytes)
Event: 163584.447 Thread 0x00000186f444fda0 nmethod 7686 0x0000018687f37290 code [0x0000018687f37440, 0x0000018687f37918]
Event: 167642.397 Thread 0x00000186f444fda0 7687       4       java.lang.Module::getClassLoader (20 bytes)
Event: 167642.416 Thread 0x00000186f444fda0 nmethod 7687 0x0000018687f37c10 code [0x0000018687f37da0, 0x0000018687f37e30]
Event: 167724.672 Thread 0x00000186f444fda0 7688  s!   4       org.eclipse.core.internal.jobs.WorkerPool::sleep (124 bytes)
Event: 167724.718 Thread 0x00000186f444fda0 nmethod 7688 0x0000018687f37f10 code [0x0000018687f38100, 0x0000018687f385a0]
Event: 170304.862 Thread 0x00000186fd71a4b0 7689       3       java.lang.Long::fastUUID (224 bytes)
Event: 170304.887 Thread 0x00000186fd71a4b0 nmethod 7689 0x0000018680e78090 code [0x0000018680e78280, 0x0000018680e786d0]

GC Heap History (20 events):
Event: 13.427 GC heap before
{Heap before GC invocations=17 (full 2):
 PSYoungGen      total 23040K, used 23040K [0x00000000d5580000, 0x00000000d7100000, 0x0000000100000000)
  eden space 22016K, 100% used [0x00000000d5580000,0x00000000d6b00000,0x00000000d6b00000)
  from space 1024K, 100% used [0x00000000d6f00000,0x00000000d7000000,0x00000000d7000000)
  to   space 3072K, 0% used [0x00000000d6b00000,0x00000000d6b00000,0x00000000d6e00000)
 ParOldGen       total 68608K, used 20899K [0x0000000080000000, 0x0000000084300000, 0x00000000d5580000)
  object space 68608K, 30% used [0x0000000080000000,0x0000000081468fe0,0x0000000084300000)
 Metaspace       used 41689K, committed 42816K, reserved 1114112K
  class space    used 4494K, committed 4992K, reserved 1048576K
}
Event: 13.430 GC heap after
{Heap after GC invocations=17 (full 2):
 PSYoungGen      total 23552K, used 1080K [0x00000000d5580000, 0x00000000d6f80000, 0x0000000100000000)
  eden space 22016K, 0% used [0x00000000d5580000,0x00000000d5580000,0x00000000d6b00000)
  from space 1536K, 70% used [0x00000000d6b00000,0x00000000d6c0e1e8,0x00000000d6c80000)
  to   space 2048K, 0% used [0x00000000d6d80000,0x00000000d6d80000,0x00000000d6f80000)
 ParOldGen       total 68608K, used 21523K [0x0000000080000000, 0x0000000084300000, 0x00000000d5580000)
  object space 68608K, 31% used [0x0000000080000000,0x0000000081504ff0,0x0000000084300000)
 Metaspace       used 41689K, committed 42816K, reserved 1114112K
  class space    used 4494K, committed 4992K, reserved 1048576K
}
Event: 13.726 GC heap before
{Heap before GC invocations=18 (full 2):
 PSYoungGen      total 23552K, used 23096K [0x00000000d5580000, 0x00000000d6f80000, 0x0000000100000000)
  eden space 22016K, 100% used [0x00000000d5580000,0x00000000d6b00000,0x00000000d6b00000)
  from space 1536K, 70% used [0x00000000d6b00000,0x00000000d6c0e1e8,0x00000000d6c80000)
  to   space 2048K, 0% used [0x00000000d6d80000,0x00000000d6d80000,0x00000000d6f80000)
 ParOldGen       total 68608K, used 21523K [0x0000000080000000, 0x0000000084300000, 0x00000000d5580000)
  object space 68608K, 31% used [0x0000000080000000,0x0000000081504ff0,0x0000000084300000)
 Metaspace       used 43752K, committed 44864K, reserved 1114112K
  class space    used 4790K, committed 5248K, reserved 1048576K
}
Event: 13.728 GC heap after
{Heap after GC invocations=18 (full 2):
 PSYoungGen      total 23040K, used 682K [0x00000000d5580000, 0x00000000d6e80000, 0x0000000100000000)
  eden space 22016K, 0% used [0x00000000d5580000,0x00000000d5580000,0x00000000d6b00000)
  from space 1024K, 66% used [0x00000000d6d80000,0x00000000d6e2ab60,0x00000000d6e80000)
  to   space 1024K, 0% used [0x00000000d6c80000,0x00000000d6c80000,0x00000000d6d80000)
 ParOldGen       total 68608K, used 22334K [0x0000000080000000, 0x0000000084300000, 0x00000000d5580000)
  object space 68608K, 32% used [0x0000000080000000,0x00000000815cfb48,0x0000000084300000)
 Metaspace       used 43752K, committed 44864K, reserved 1114112K
  class space    used 4790K, committed 5248K, reserved 1048576K
}
Event: 14.235 GC heap before
{Heap before GC invocations=19 (full 2):
 PSYoungGen      total 23040K, used 22698K [0x00000000d5580000, 0x00000000d6e80000, 0x0000000100000000)
  eden space 22016K, 100% used [0x00000000d5580000,0x00000000d6b00000,0x00000000d6b00000)
  from space 1024K, 66% used [0x00000000d6d80000,0x00000000d6e2ab60,0x00000000d6e80000)
  to   space 1024K, 0% used [0x00000000d6c80000,0x00000000d6c80000,0x00000000d6d80000)
 ParOldGen       total 68608K, used 22334K [0x0000000080000000, 0x0000000084300000, 0x00000000d5580000)
  object space 68608K, 32% used [0x0000000080000000,0x00000000815cfb48,0x0000000084300000)
 Metaspace       used 45939K, committed 47040K, reserved 1114112K
  class space    used 5064K, committed 5568K, reserved 1048576K
}
Event: 14.237 GC heap after
{Heap after GC invocations=19 (full 2):
 PSYoungGen      total 23040K, used 1024K [0x00000000d5580000, 0x00000000d7100000, 0x0000000100000000)
  eden space 22016K, 0% used [0x00000000d5580000,0x00000000d5580000,0x00000000d6b00000)
  from space 1024K, 100% used [0x00000000d6c80000,0x00000000d6d80000,0x00000000d6d80000)
  to   space 3072K, 0% used [0x00000000d6e00000,0x00000000d6e00000,0x00000000d7100000)
 ParOldGen       total 68608K, used 23622K [0x0000000080000000, 0x0000000084300000, 0x00000000d5580000)
  object space 68608K, 34% used [0x0000000080000000,0x0000000081711b48,0x0000000084300000)
 Metaspace       used 45939K, committed 47040K, reserved 1114112K
  class space    used 5064K, committed 5568K, reserved 1048576K
}
Event: 15.064 GC heap before
{Heap before GC invocations=20 (full 2):
 PSYoungGen      total 23040K, used 23040K [0x00000000d5580000, 0x00000000d7100000, 0x0000000100000000)
  eden space 22016K, 100% used [0x00000000d5580000,0x00000000d6b00000,0x00000000d6b00000)
  from space 1024K, 100% used [0x00000000d6c80000,0x00000000d6d80000,0x00000000d6d80000)
  to   space 3072K, 0% used [0x00000000d6e00000,0x00000000d6e00000,0x00000000d7100000)
 ParOldGen       total 68608K, used 23622K [0x0000000080000000, 0x0000000084300000, 0x00000000d5580000)
  object space 68608K, 34% used [0x0000000080000000,0x0000000081711b48,0x0000000084300000)
 Metaspace       used 48390K, committed 49536K, reserved 1114112K
  class space    used 5381K, committed 5888K, reserved 1048576K
}
Event: 15.065 GC heap after
{Heap after GC invocations=20 (full 2):
 PSYoungGen      total 23552K, used 1184K [0x00000000d5580000, 0x00000000d6f80000, 0x0000000100000000)
  eden space 22016K, 0% used [0x00000000d5580000,0x00000000d5580000,0x00000000d6b00000)
  from space 1536K, 77% used [0x00000000d6e00000,0x00000000d6f28000,0x00000000d6f80000)
  to   space 2048K, 0% used [0x00000000d6b80000,0x00000000d6b80000,0x00000000d6d80000)
 ParOldGen       total 68608K, used 24622K [0x0000000080000000, 0x0000000084300000, 0x00000000d5580000)
  object space 68608K, 35% used [0x0000000080000000,0x000000008180bb48,0x0000000084300000)
 Metaspace       used 48390K, committed 49536K, reserved 1114112K
  class space    used 5381K, committed 5888K, reserved 1048576K
}
Event: 16.727 GC heap before
{Heap before GC invocations=21 (full 2):
 PSYoungGen      total 23552K, used 23200K [0x00000000d5580000, 0x00000000d6f80000, 0x0000000100000000)
  eden space 22016K, 100% used [0x00000000d5580000,0x00000000d6b00000,0x00000000d6b00000)
  from space 1536K, 77% used [0x00000000d6e00000,0x00000000d6f28000,0x00000000d6f80000)
  to   space 2048K, 0% used [0x00000000d6b80000,0x00000000d6b80000,0x00000000d6d80000)
 ParOldGen       total 68608K, used 24622K [0x0000000080000000, 0x0000000084300000, 0x00000000d5580000)
  object space 68608K, 35% used [0x0000000080000000,0x000000008180bb48,0x0000000084300000)
 Metaspace       used 50819K, committed 51968K, reserved 1114112K
  class space    used 5705K, committed 6208K, reserved 1048576K
}
Event: 16.731 GC heap after
{Heap after GC invocations=21 (full 2):
 PSYoungGen      total 24064K, used 1632K [0x00000000d5580000, 0x00000000d6f00000, 0x0000000100000000)
  eden space 22016K, 0% used [0x00000000d5580000,0x00000000d5580000,0x00000000d6b00000)
  from space 2048K, 79% used [0x00000000d6b80000,0x00000000d6d18000,0x00000000d6d80000)
  to   space 1536K, 0% used [0x00000000d6d80000,0x00000000d6d80000,0x00000000d6f00000)
 ParOldGen       total 68608K, used 25598K [0x0000000080000000, 0x0000000084300000, 0x00000000d5580000)
  object space 68608K, 37% used [0x0000000080000000,0x00000000818ffb68,0x0000000084300000)
 Metaspace       used 50819K, committed 51968K, reserved 1114112K
  class space    used 5705K, committed 6208K, reserved 1048576K
}
Event: 18.392 GC heap before
{Heap before GC invocations=22 (full 2):
 PSYoungGen      total 24064K, used 23648K [0x00000000d5580000, 0x00000000d6f00000, 0x0000000100000000)
  eden space 22016K, 100% used [0x00000000d5580000,0x00000000d6b00000,0x00000000d6b00000)
  from space 2048K, 79% used [0x00000000d6b80000,0x00000000d6d18000,0x00000000d6d80000)
  to   space 1536K, 0% used [0x00000000d6d80000,0x00000000d6d80000,0x00000000d6f00000)
 ParOldGen       total 68608K, used 25598K [0x0000000080000000, 0x0000000084300000, 0x00000000d5580000)
  object space 68608K, 37% used [0x0000000080000000,0x00000000818ffb68,0x0000000084300000)
 Metaspace       used 52727K, committed 53824K, reserved 1114112K
  class space    used 5898K, committed 6400K, reserved 1048576K
}
Event: 18.395 GC heap after
{Heap after GC invocations=22 (full 2):
 PSYoungGen      total 23040K, used 800K [0x00000000d5580000, 0x00000000d6e80000, 0x0000000100000000)
  eden space 22016K, 0% used [0x00000000d5580000,0x00000000d5580000,0x00000000d6b00000)
  from space 1024K, 78% used [0x00000000d6d80000,0x00000000d6e48000,0x00000000d6e80000)
  to   space 1536K, 0% used [0x00000000d6b80000,0x00000000d6b80000,0x00000000d6d00000)
 ParOldGen       total 68608K, used 27051K [0x0000000080000000, 0x0000000084300000, 0x00000000d5580000)
  object space 68608K, 39% used [0x0000000080000000,0x0000000081a6ac40,0x0000000084300000)
 Metaspace       used 52727K, committed 53824K, reserved 1114112K
  class space    used 5898K, committed 6400K, reserved 1048576K
}
Event: 19.386 GC heap before
{Heap before GC invocations=23 (full 2):
 PSYoungGen      total 23040K, used 22816K [0x00000000d5580000, 0x00000000d6e80000, 0x0000000100000000)
  eden space 22016K, 100% used [0x00000000d5580000,0x00000000d6b00000,0x00000000d6b00000)
  from space 1024K, 78% used [0x00000000d6d80000,0x00000000d6e48000,0x00000000d6e80000)
  to   space 1536K, 0% used [0x00000000d6b80000,0x00000000d6b80000,0x00000000d6d00000)
 ParOldGen       total 68608K, used 27051K [0x0000000080000000, 0x0000000084300000, 0x00000000d5580000)
  object space 68608K, 39% used [0x0000000080000000,0x0000000081a6ac40,0x0000000084300000)
 Metaspace       used 52750K, committed 53952K, reserved 1114112K
  class space    used 5900K, committed 6400K, reserved 1048576K
}
Event: 19.387 GC heap after
{Heap after GC invocations=23 (full 2):
 PSYoungGen      total 23552K, used 224K [0x00000000d5580000, 0x00000000d6e00000, 0x0000000100000000)
  eden space 22016K, 0% used [0x00000000d5580000,0x00000000d5580000,0x00000000d6b00000)
  from space 1536K, 14% used [0x00000000d6b80000,0x00000000d6bb8000,0x00000000d6d00000)
  to   space 512K, 0% used [0x00000000d6d80000,0x00000000d6d80000,0x00000000d6e00000)
 ParOldGen       total 68608K, used 27750K [0x0000000080000000, 0x0000000084300000, 0x00000000d5580000)
  object space 68608K, 40% used [0x0000000080000000,0x0000000081b19898,0x0000000084300000)
 Metaspace       used 52750K, committed 53952K, reserved 1114112K
  class space    used 5900K, committed 6400K, reserved 1048576K
}
Event: 21.258 GC heap before
{Heap before GC invocations=24 (full 2):
 PSYoungGen      total 23552K, used 22240K [0x00000000d5580000, 0x00000000d6e00000, 0x0000000100000000)
  eden space 22016K, 100% used [0x00000000d5580000,0x00000000d6b00000,0x00000000d6b00000)
  from space 1536K, 14% used [0x00000000d6b80000,0x00000000d6bb8000,0x00000000d6d00000)
  to   space 512K, 0% used [0x00000000d6d80000,0x00000000d6d80000,0x00000000d6e00000)
 ParOldGen       total 68608K, used 27750K [0x0000000080000000, 0x0000000084300000, 0x00000000d5580000)
  object space 68608K, 40% used [0x0000000080000000,0x0000000081b19898,0x0000000084300000)
 Metaspace       used 52945K, committed 54080K, reserved 1114112K
  class space    used 5922K, committed 6400K, reserved 1048576K
}
Event: 21.259 GC heap after
{Heap after GC invocations=24 (full 2):
 PSYoungGen      total 22528K, used 288K [0x00000000d5580000, 0x00000000d6e00000, 0x0000000100000000)
  eden space 22016K, 0% used [0x00000000d5580000,0x00000000d5580000,0x00000000d6b00000)
  from space 512K, 56% used [0x00000000d6d80000,0x00000000d6dc8000,0x00000000d6e00000)
  to   space 512K, 0% used [0x00000000d6d00000,0x00000000d6d00000,0x00000000d6d80000)
 ParOldGen       total 68608K, used 27790K [0x0000000080000000, 0x0000000084300000, 0x00000000d5580000)
  object space 68608K, 40% used [0x0000000080000000,0x0000000081b23898,0x0000000084300000)
 Metaspace       used 52945K, committed 54080K, reserved 1114112K
  class space    used 5922K, committed 6400K, reserved 1048576K
}
Event: 21.980 GC heap before
{Heap before GC invocations=25 (full 2):
 PSYoungGen      total 22528K, used 22304K [0x00000000d5580000, 0x00000000d6e00000, 0x0000000100000000)
  eden space 22016K, 100% used [0x00000000d5580000,0x00000000d6b00000,0x00000000d6b00000)
  from space 512K, 56% used [0x00000000d6d80000,0x00000000d6dc8000,0x00000000d6e00000)
  to   space 512K, 0% used [0x00000000d6d00000,0x00000000d6d00000,0x00000000d6d80000)
 ParOldGen       total 68608K, used 27790K [0x0000000080000000, 0x0000000084300000, 0x00000000d5580000)
  object space 68608K, 40% used [0x0000000080000000,0x0000000081b23898,0x0000000084300000)
 Metaspace       used 52949K, committed 54080K, reserved 1114112K
  class space    used 5922K, committed 6400K, reserved 1048576K
}
Event: 21.982 GC heap after
{Heap after GC invocations=25 (full 2):
 PSYoungGen      total 22528K, used 160K [0x00000000d5580000, 0x00000000d6e00000, 0x0000000100000000)
  eden space 22016K, 0% used [0x00000000d5580000,0x00000000d5580000,0x00000000d6b00000)
  from space 512K, 31% used [0x00000000d6d00000,0x00000000d6d28000,0x00000000d6d80000)
  to   space 512K, 0% used [0x00000000d6d80000,0x00000000d6d80000,0x00000000d6e00000)
 ParOldGen       total 68608K, used 27958K [0x0000000080000000, 0x0000000084300000, 0x00000000d5580000)
  object space 68608K, 40% used [0x0000000080000000,0x0000000081b4d898,0x0000000084300000)
 Metaspace       used 52949K, committed 54080K, reserved 1114112K
  class space    used 5922K, committed 6400K, reserved 1048576K
}
Event: 22.725 GC heap before
{Heap before GC invocations=26 (full 2):
 PSYoungGen      total 22528K, used 22176K [0x00000000d5580000, 0x00000000d6e00000, 0x0000000100000000)
  eden space 22016K, 100% used [0x00000000d5580000,0x00000000d6b00000,0x00000000d6b00000)
  from space 512K, 31% used [0x00000000d6d00000,0x00000000d6d28000,0x00000000d6d80000)
  to   space 512K, 0% used [0x00000000d6d80000,0x00000000d6d80000,0x00000000d6e00000)
 ParOldGen       total 68608K, used 27958K [0x0000000080000000, 0x0000000084300000, 0x00000000d5580000)
  object space 68608K, 40% used [0x0000000080000000,0x0000000081b4d898,0x0000000084300000)
 Metaspace       used 53682K, committed 54848K, reserved 1114112K
  class space    used 6005K, committed 6528K, reserved 1048576K
}
Event: 22.727 GC heap after
{Heap after GC invocations=26 (full 2):
 PSYoungGen      total 22528K, used 488K [0x00000000d5580000, 0x00000000d6e00000, 0x0000000100000000)
  eden space 22016K, 0% used [0x00000000d5580000,0x00000000d5580000,0x00000000d6b00000)
  from space 512K, 95% used [0x00000000d6d80000,0x00000000d6dfa1b8,0x00000000d6e00000)
  to   space 1024K, 0% used [0x00000000d6c00000,0x00000000d6c00000,0x00000000d6d00000)
 ParOldGen       total 68608K, used 28046K [0x0000000080000000, 0x0000000084300000, 0x00000000d5580000)
  object space 68608K, 40% used [0x0000000080000000,0x0000000081b63898,0x0000000084300000)
 Metaspace       used 53682K, committed 54848K, reserved 1114112K
  class space    used 6005K, committed 6528K, reserved 1048576K
}

Dll operation events (12 events):
Event: 0.040 Loaded shared library c:\Users\LENOVO\.cursor\extensions\redhat.java-1.55.0-win32-x64\jre\21.0.11-win32-x86_64\bin\java.dll
Event: 0.344 Loaded shared library c:\Users\LENOVO\.cursor\extensions\redhat.java-1.55.0-win32-x64\jre\21.0.11-win32-x86_64\bin\zip.dll
Event: 0.402 Loaded shared library C:\Users\LENOVO\.cursor\extensions\redhat.java-1.55.0-win32-x64\jre\21.0.11-win32-x86_64\bin\instrument.dll
Event: 0.414 Loaded shared library C:\Users\LENOVO\.cursor\extensions\redhat.java-1.55.0-win32-x64\jre\21.0.11-win32-x86_64\bin\net.dll
Event: 0.418 Loaded shared library C:\Users\LENOVO\.cursor\extensions\redhat.java-1.55.0-win32-x64\jre\21.0.11-win32-x86_64\bin\nio.dll
Event: 0.424 Loaded shared library C:\Users\LENOVO\.cursor\extensions\redhat.java-1.55.0-win32-x64\jre\21.0.11-win32-x86_64\bin\zip.dll
Event: 0.482 Loaded shared library C:\Users\LENOVO\.cursor\extensions\redhat.java-1.55.0-win32-x64\jre\21.0.11-win32-x86_64\bin\jimage.dll
Event: 0.663 Loaded shared library c:\Users\LENOVO\.cursor\extensions\redhat.java-1.55.0-win32-x64\jre\21.0.11-win32-x86_64\bin\verify.dll
Event: 3.269 Loaded shared library C:\Users\LENOVO\AppData\Roaming\Cursor\User\globalStorage\redhat.java\1.55.0\config_win\org.eclipse.equinox.launcher\org.eclipse.equinox.launcher.win32.win32.x86_64_1.3.100.v20260613-0559\eclipse_11924.dll
Event: 9.084 Loaded shared library C:\Users\LENOVO\AppData\Local\Temp\jna--2053026509\jna13073653979235738696.dll
Event: 13.101 Loaded shared library C:\Users\LENOVO\.cursor\extensions\redhat.java-1.55.0-win32-x64\jre\21.0.11-win32-x86_64\bin\sunmscapi.dll
Event: 13.238 Loaded shared library C:\Users\LENOVO\.cursor\extensions\redhat.java-1.55.0-win32-x64\jre\21.0.11-win32-x86_64\bin\extnet.dll

Deoptimization events (20 events):
Event: 12010.541 Thread 0x00000186fe717380 DEOPT PACKING pc=0x00000186803f24d9 sp=0x00000034909fef40
Event: 12010.542 Thread 0x00000186fe717380 DEOPT UNPACKING pc=0x00000186875878e2 sp=0x00000034909fe3c8 mode 0
Event: 40208.186 Thread 0x00000186fe71ae90 Uncommon trap: trap_request=0xffffffd6 fr.pc=0x0000018687f229c0 relative=0x0000000000000300
Event: 40208.190 Thread 0x00000186fe71ae90 Uncommon trap: reason=array_check action=maybe_recompile pc=0x0000018687f229c0 method=java.util.concurrent.ScheduledThreadPoolExecutor$DelayedWorkQueue.offer(Ljava/lang/Runnable;)Z @ 65 c2
Event: 40208.190 Thread 0x00000186fe71ae90 DEOPT PACKING pc=0x0000018687f229c0 sp=0x00000034918ff560
Event: 40208.191 Thread 0x00000186fe71ae90 DEOPT UNPACKING pc=0x0000018687586da2 sp=0x00000034918ff400 mode 2
Event: 40218.187 Thread 0x00000186fe71ae90 Uncommon trap: trap_request=0xffffffd6 fr.pc=0x0000018687f229c0 relative=0x0000000000000300
Event: 40218.187 Thread 0x00000186fe71ae90 Uncommon trap: reason=array_check action=maybe_recompile pc=0x0000018687f229c0 method=java.util.concurrent.ScheduledThreadPoolExecutor$DelayedWorkQueue.offer(Ljava/lang/Runnable;)Z @ 65 c2
Event: 40218.187 Thread 0x00000186fe71ae90 DEOPT PACKING pc=0x0000018687f229c0 sp=0x00000034918ff560
Event: 40218.187 Thread 0x00000186fe71ae90 DEOPT UNPACKING pc=0x0000018687586da2 sp=0x00000034918ff400 mode 2
Event: 40228.199 Thread 0x00000186fe71ae90 Uncommon trap: trap_request=0xffffffd6 fr.pc=0x0000018687f229c0 relative=0x0000000000000300
Event: 40228.199 Thread 0x00000186fe71ae90 Uncommon trap: reason=array_check action=maybe_recompile pc=0x0000018687f229c0 method=java.util.concurrent.ScheduledThreadPoolExecutor$DelayedWorkQueue.offer(Ljava/lang/Runnable;)Z @ 65 c2
Event: 40228.199 Thread 0x00000186fe71ae90 DEOPT PACKING pc=0x0000018687f229c0 sp=0x00000034918ff560
Event: 40228.199 Thread 0x00000186fe71ae90 DEOPT UNPACKING pc=0x0000018687586da2 sp=0x00000034918ff400 mode 2
Event: 90202.656 Thread 0x00000186fe718dc0 DEOPT PACKING pc=0x00000186808c1d5b sp=0x0000003490efedf0
Event: 90202.658 Thread 0x00000186fe718dc0 DEOPT UNPACKING pc=0x00000186875878e2 sp=0x0000003490efe278 mode 0
Event: 119090.626 Thread 0x00000186fe71ae90 Uncommon trap: trap_request=0xffffff45 fr.pc=0x0000018687f1bff8 relative=0x0000000000000eb8
Event: 119090.627 Thread 0x00000186fe71ae90 Uncommon trap: reason=unstable_if action=reinterpret pc=0x0000018687f1bff8 method=org.eclipse.jdt.ls.core.internal.ParentProcessWatcher.parentProcessStillRunning()Z @ 26 c2
Event: 119090.628 Thread 0x00000186fe71ae90 DEOPT PACKING pc=0x0000018687f1bff8 sp=0x00000034918ff540
Event: 119090.629 Thread 0x00000186fe71ae90 DEOPT UNPACKING pc=0x0000018687586da2 sp=0x00000034918ff470 mode 2

Classes loaded (20 events):
Event: 20.824 Loading class java/io/StreamCorruptedException
Event: 20.824 Loading class java/io/StreamCorruptedException done
Event: 20.897 Loading class java/security/DigestInputStream
Event: 20.897 Loading class java/security/DigestInputStream done
Event: 22.424 Loading class java/util/Collections$SynchronizedRandomAccessList
Event: 22.424 Loading class java/util/Collections$SynchronizedList
Event: 22.424 Loading class java/util/Collections$SynchronizedList done
Event: 22.424 Loading class java/util/Collections$SynchronizedRandomAccessList done
Event: 22.514 Loading class java/util/concurrent/CompletableFuture$UniApply
Event: 22.514 Loading class java/util/concurrent/CompletableFuture$UniApply done
Event: 22.517 Loading class java/util/concurrent/CompletableFuture$UniExceptionally
Event: 22.519 Loading class java/util/concurrent/CompletableFuture$UniExceptionally done
Event: 22.542 Loading class java/util/concurrent/CompletableFuture$Signaller
Event: 22.542 Loading class java/util/concurrent/CompletableFuture$Signaller done
Event: 32.695 Loading class sun/nio/cs/ISO_8859_1$Encoder
Event: 32.695 Loading class sun/nio/cs/ISO_8859_1$Encoder done
Event: 32.695 Loading class sun/nio/cs/Surrogate$Parser
Event: 32.695 Loading class sun/nio/cs/Surrogate$Parser done
Event: 32.695 Loading class sun/nio/cs/Surrogate
Event: 32.695 Loading class sun/nio/cs/Surrogate done

Classes unloaded (15 events):
Event: 10.917 Thread 0x00000186f44438b0 Unloading class 0x00000186901b0c00 'java/lang/invoke/LambdaForm$MH+0x00000186901b0c00'
Event: 10.917 Thread 0x00000186f44438b0 Unloading class 0x00000186901b0800 'java/lang/invoke/LambdaForm$MH+0x00000186901b0800'
Event: 10.917 Thread 0x00000186f44438b0 Unloading class 0x00000186901b0400 'java/lang/invoke/LambdaForm$MH+0x00000186901b0400'
Event: 10.917 Thread 0x00000186f44438b0 Unloading class 0x00000186901b0000 'java/lang/invoke/LambdaForm$MH+0x00000186901b0000'
Event: 10.917 Thread 0x00000186f44438b0 Unloading class 0x00000186901afc00 'java/lang/invoke/LambdaForm$BMH+0x00000186901afc00'
Event: 10.917 Thread 0x00000186f44438b0 Unloading class 0x00000186901af800 'java/lang/invoke/LambdaForm$DMH+0x00000186901af800'
Event: 10.917 Thread 0x00000186f44438b0 Unloading class 0x00000186901ae400 'java/lang/invoke/LambdaForm$DMH+0x00000186901ae400'
Event: 12.800 Thread 0x00000186f44438b0 Unloading class 0x0000018690339000 'java/lang/invoke/LambdaForm$MH+0x0000018690339000'
Event: 12.800 Thread 0x00000186f44438b0 Unloading class 0x0000018690338400 'java/lang/invoke/LambdaForm$DMH+0x0000018690338400'
Event: 12.800 Thread 0x00000186f44438b0 Unloading class 0x0000018690335000 'java/lang/invoke/LambdaForm$MH+0x0000018690335000'
Event: 12.800 Thread 0x00000186f44438b0 Unloading class 0x0000018690330800 'java/lang/invoke/LambdaForm$MH+0x0000018690330800'
Event: 12.800 Thread 0x00000186f44438b0 Unloading class 0x000001869032b000 'java/lang/invoke/LambdaForm$MH+0x000001869032b000'
Event: 12.800 Thread 0x00000186f44438b0 Unloading class 0x000001869032a800 'java/lang/invoke/LambdaForm$MH+0x000001869032a800'
Event: 12.800 Thread 0x00000186f44438b0 Unloading class 0x000001869032a400 'java/lang/invoke/LambdaForm$MH+0x000001869032a400'
Event: 12.800 Thread 0x00000186f44438b0 Unloading class 0x0000018690329c00 'java/lang/invoke/LambdaForm$MH+0x0000018690329c00'

Classes redefined (0 events):
No events

Internal exceptions (20 events):
Event: 22.438 Thread 0x00000186d5e0b750 Exception <a 'sun/nio/fs/WindowsException'{0x00000000d61518b0}> (0x00000000d61518b0) 
thrown [s\src\hotspot\share\prims\jni.cpp, line 520]
Event: 22.439 Thread 0x00000186d5e0b750 Exception <a 'sun/nio/fs/WindowsException'{0x00000000d6170c60}> (0x00000000d6170c60) 
thrown [s\src\hotspot\share\prims\jni.cpp, line 520]
Event: 22.440 Thread 0x00000186d5e0b750 Exception <a 'sun/nio/fs/WindowsException'{0x00000000d61712b0}> (0x00000000d61712b0) 
thrown [s\src\hotspot\share\prims\jni.cpp, line 520]
Event: 22.502 Thread 0x00000186d5e0b750 Exception <a 'sun/nio/fs/WindowsException'{0x00000000d631fb78}> (0x00000000d631fb78) 
thrown [s\src\hotspot\share\prims\jni.cpp, line 520]
Event: 22.502 Thread 0x00000186d5e0b750 Exception <a 'sun/nio/fs/WindowsException'{0x00000000d6320478}> (0x00000000d6320478) 
thrown [s\src\hotspot\share\prims\jni.cpp, line 520]
Event: 22.503 Thread 0x00000186d5e0b750 Exception <a 'sun/nio/fs/WindowsException'{0x00000000d6334be8}> (0x00000000d6334be8) 
thrown [s\src\hotspot\share\prims\jni.cpp, line 520]
Event: 22.503 Thread 0x00000186d5e0b750 Exception <a 'sun/nio/fs/WindowsException'{0x00000000d63354c8}> (0x00000000d63354c8) 
thrown [s\src\hotspot\share\prims\jni.cpp, line 520]
Event: 22.504 Thread 0x00000186d5e0b750 Exception <a 'sun/nio/fs/WindowsException'{0x00000000d63487c8}> (0x00000000d63487c8) 
thrown [s\src\hotspot\share\prims\jni.cpp, line 520]
Event: 22.504 Thread 0x00000186d5e0b750 Exception <a 'sun/nio/fs/WindowsException'{0x00000000d63490a8}> (0x00000000d63490a8) 
thrown [s\src\hotspot\share\prims\jni.cpp, line 520]
Event: 22.506 Thread 0x00000186d5e0b750 Exception <a 'sun/nio/fs/WindowsException'{0x00000000d6387ca8}> (0x00000000d6387ca8) 
thrown [s\src\hotspot\share\prims\jni.cpp, line 520]
Event: 22.507 Thread 0x00000186d5e0b750 Exception <a 'sun/nio/fs/WindowsException'{0x00000000d63882d8}> (0x00000000d63882d8) 
thrown [s\src\hotspot\share\prims\jni.cpp, line 520]
Event: 22.507 Thread 0x00000186d5e0b750 Exception <a 'sun/nio/fs/WindowsException'{0x00000000d6388e60}> (0x00000000d6388e60) 
thrown [s\src\hotspot\share\prims\jni.cpp, line 520]
Event: 22.507 Thread 0x00000186d5e0b750 Exception <a 'sun/nio/fs/WindowsException'{0x00000000d6389490}> (0x00000000d6389490) 
thrown [s\src\hotspot\share\prims\jni.cpp, line 520]
Event: 22.509 Thread 0x00000186d5e0b750 Exception <a 'sun/nio/fs/WindowsException'{0x00000000d638a0d8}> (0x00000000d638a0d8) 
thrown [s\src\hotspot\share\prims\jni.cpp, line 520]
Event: 22.509 Thread 0x00000186d5e0b750 Exception <a 'sun/nio/fs/WindowsException'{0x00000000d63a8d58}> (0x00000000d63a8d58) 
thrown [s\src\hotspot\share\prims\jni.cpp, line 520]
Event: 22.510 Thread 0x00000186d5e0b750 Exception <a 'sun/nio/fs/WindowsException'{0x00000000d63a98e0}> (0x00000000d63a98e0) 
thrown [s\src\hotspot\share\prims\jni.cpp, line 520]
Event: 22.510 Thread 0x00000186d5e0b750 Exception <a 'sun/nio/fs/WindowsException'{0x00000000d63a9f10}> (0x00000000d63a9f10) 
thrown [s\src\hotspot\share\prims\jni.cpp, line 520]
Event: 22.513 Thread 0x00000186d5e0b750 Exception <a 'java/lang/IncompatibleClassChangeError'{0x00000000d63df080}: Found class java.lang.Object, but interface was expected> (0x00000000d63df080) 
thrown [s\src\hotspot\share\interpreter\linkResolver.cpp, line 840]
Event: 32.507 Thread 0x00000186fe5a9020 Implicit null exception at 0x0000018687de7fa4 to 0x0000018687de8460
Event: 119088.602 Thread 0x00000186d5e0b750 Exception <a 'java/lang/IncompatibleClassChangeError'{0x00000000d5587998}: Found class java.lang.Object, but interface was expected> (0x00000000d5587998) 
thrown [s\src\hotspot\share\interpreter\linkResolver.cpp, line 840]

ZGC Phase Switch (0 events):
No events

VM Operations (20 events):
Event: 164954.322 Executing non-safepoint VM operation: HandshakeAllThreads (HandshakeForDeflation)
Event: 164954.322 Executing non-safepoint VM operation: HandshakeAllThreads (HandshakeForDeflation) done
Event: 164954.322 Executing non-safepoint VM operation: RendezvousGCThreads
Event: 164954.322 Executing non-safepoint VM operation: RendezvousGCThreads done
Event: 165855.668 Executing non-safepoint VM operation: HandshakeAllThreads (HandshakeForDeflation)
Event: 165855.669 Executing non-safepoint VM operation: HandshakeAllThreads (HandshakeForDeflation) done
Event: 165855.669 Executing non-safepoint VM operation: RendezvousGCThreads
Event: 165855.669 Executing non-safepoint VM operation: RendezvousGCThreads done
Event: 166757.463 Executing non-safepoint VM operation: HandshakeAllThreads (HandshakeForDeflation)
Event: 166757.464 Executing non-safepoint VM operation: HandshakeAllThreads (HandshakeForDeflation) done
Event: 166757.464 Executing non-safepoint VM operation: RendezvousGCThreads
Event: 166757.473 Executing non-safepoint VM operation: RendezvousGCThreads done
Event: 169461.579 Executing non-safepoint VM operation: HandshakeAllThreads (HandshakeForDeflation)
Event: 169461.579 Executing non-safepoint VM operation: HandshakeAllThreads (HandshakeForDeflation) done
Event: 169461.579 Executing non-safepoint VM operation: RendezvousGCThreads
Event: 169461.579 Executing non-safepoint VM operation: RendezvousGCThreads done
Event: 170363.462 Executing non-safepoint VM operation: HandshakeAllThreads (HandshakeForDeflation)
Event: 170363.462 Executing non-safepoint VM operation: HandshakeAllThreads (HandshakeForDeflation) done
Event: 170363.462 Executing non-safepoint VM operation: RendezvousGCThreads
Event: 170363.462 Executing non-safepoint VM operation: RendezvousGCThreads done

Memory protections (0 events):
No events

Nmethod flushes (20 events):
Event: 12.830 Thread 0x00000186f44438b0 flushing  nmethod 0x00000186806a0390
Event: 12.830 Thread 0x00000186f44438b0 flushing  nmethod 0x00000186806a8590
Event: 12.830 Thread 0x00000186f44438b0 flushing  nmethod 0x00000186806c3510
Event: 12.830 Thread 0x00000186f44438b0 flushing  nmethod 0x00000186806f2990
Event: 12.830 Thread 0x00000186f44438b0 flushing  nmethod 0x0000018680717b10
Event: 12.830 Thread 0x00000186f44438b0 flushing  nmethod 0x0000018680718f10
Event: 12.830 Thread 0x00000186f44438b0 flushing  nmethod 0x0000018680719810
Event: 12.830 Thread 0x00000186f44438b0 flushing  nmethod 0x000001868071ba90
Event: 12.830 Thread 0x00000186f44438b0 flushing  nmethod 0x000001868071be90
Event: 12.830 Thread 0x00000186f44438b0 flushing  nmethod 0x000001868071c610
Event: 12.830 Thread 0x00000186f44438b0 flushing  nmethod 0x000001868071d390
Event: 12.830 Thread 0x00000186f44438b0 flushing  nmethod 0x000001868071e390
Event: 12.830 Thread 0x00000186f44438b0 flushing  nmethod 0x000001868071e890
Event: 12.830 Thread 0x00000186f44438b0 flushing  nmethod 0x000001868071f590
Event: 12.830 Thread 0x00000186f44438b0 flushing  nmethod 0x000001868071fa10
Event: 12.830 Thread 0x00000186f44438b0 flushing  nmethod 0x0000018680720710
Event: 12.830 Thread 0x00000186f44438b0 flushing  nmethod 0x0000018680722110
Event: 12.830 Thread 0x00000186f44438b0 flushing  nmethod 0x000001868074f790
Event: 12.830 Thread 0x00000186f44438b0 flushing  nmethod 0x000001868075ab90
Event: 12.830 Thread 0x00000186f44438b0 flushing  nmethod 0x0000018680763690

Events (20 events):
Event: 22.645 Thread 0x00000186fe717380 Thread added: 0x00000186d5e119c0
Event: 22.658 Thread 0x00000186d5e119c0 Thread added: 0x00000186d5e11330
Event: 22.937 Thread 0x00000186d5e11330 Thread exited: 0x00000186d5e11330
Event: 22.939 Thread 0x00000186d5e119c0 Thread exited: 0x00000186d5e119c0
Event: 32.506 Thread 0x00000186fd71a4b0 Thread added: 0x00000186fe835730
Event: 32.533 Thread 0x00000186fd71a4b0 Thread added: 0x00000186d463bdd0
Event: 37.577 Thread 0x00000186d463bdd0 Thread exited: 0x00000186d463bdd0
Event: 38.978 Thread 0x00000186fe835730 Thread exited: 0x00000186fe835730
Event: 82.525 Thread 0x00000186fe7180a0 Thread exited: 0x00000186fe7180a0
Event: 82.525 Thread 0x00000186fe718730 Thread exited: 0x00000186fe718730
Event: 82.617 Thread 0x00000186fe71b520 Thread exited: 0x00000186fe71b520
Event: 82.843 Thread 0x00000186d5e10610 Thread exited: 0x00000186d5e10610
Event: 142.531 Thread 0x00000186fe716660 Thread exited: 0x00000186fe716660
Event: 142.844 Thread 0x00000186d5e0c470 Thread exited: 0x00000186d5e0c470
Event: 202.844 Thread 0x00000186d5e0d190 Thread exited: 0x00000186d5e0d190
Event: 262.845 Thread 0x00000186d5e0ff80 Thread exited: 0x00000186d5e0ff80
Event: 322.639 Thread 0x00000186d5e0e540 Thread exited: 0x00000186d5e0e540
Event: 622.639 Thread 0x00000186d5e0ebd0 Thread exited: 0x00000186d5e0ebd0
Event: 150504.181 Thread 0x00000186fe717380 Thread added: 0x00000186d5e0ebd0
Event: 150504.194 Thread 0x00000186fe718dc0 Thread exited: 0x00000186fe718dc0


Dynamic libraries:
0x00007ff6b3640000 - 0x00007ff6b364e000 	c:\Users\LENOVO\.cursor\extensions\redhat.java-1.55.0-win32-x64\jre\21.0.11-win32-x86_64\bin\java.exe
0x00007ffe5cc00000 - 0x00007ffe5ce66000 	C:\WINDOWS\SYSTEM32\ntdll.dll
0x00007ffe53460000 - 0x00007ffe53481000 	C:\Program Files\Avast Software\Avast\aswhook.dll
0x00007ffe5bc40000 - 0x00007ffe5bd09000 	C:\WINDOWS\System32\KERNEL32.DLL
0x00007ffe5a0a0000 - 0x00007ffe5a49a000 	C:\WINDOWS\System32\KERNELBASE.dll
0x00007ffe59ec0000 - 0x00007ffe5a00c000 	C:\WINDOWS\System32\ucrtbase.dll
0x00007ffe3cec0000 - 0x00007ffe3ced8000 	c:\Users\LENOVO\.cursor\extensions\redhat.java-1.55.0-win32-x64\jre\21.0.11-win32-x86_64\bin\jli.dll
0x00007ffe3c8d0000 - 0x00007ffe3c8ee000 	c:\Users\LENOVO\.cursor\extensions\redhat.java-1.55.0-win32-x64\jre\21.0.11-win32-x86_64\bin\VCRUNTIME140.dll
0x00007ffe5c950000 - 0x00007ffe5cb17000 	C:\WINDOWS\System32\USER32.dll
0x00007ffe59e90000 - 0x00007ffe59eb7000 	C:\WINDOWS\System32\win32u.dll
0x00007ffe5c6f0000 - 0x00007ffe5c71b000 	C:\WINDOWS\System32\GDI32.dll
0x00007ffe5a6d0000 - 0x00007ffe5a7fb000 	C:\WINDOWS\System32\gdi32full.dll
0x00007ffe5a800000 - 0x00007ffe5a8a3000 	C:\WINDOWS\System32\msvcp_win.dll
0x00007ffe40ff0000 - 0x00007ffe41282000 	C:\WINDOWS\WinSxS\amd64_microsoft.windows.common-controls_6595b64144ccf1df_6.0.26100.8521_none_3e08b75ce33403b3\COMCTL32.dll
0x00007ffe5a970000 - 0x00007ffe5aa19000 	C:\WINDOWS\System32\msvcrt.dll
0x00007ffe5c6b0000 - 0x00007ffe5c6e2000 	C:\WINDOWS\System32\IMM32.DLL
0x00007ffe52e20000 - 0x00007ffe52e2c000 	c:\Users\LENOVO\.cursor\extensions\redhat.java-1.55.0-win32-x64\jre\21.0.11-win32-x86_64\bin\vcruntime140_1.dll
0x00007ffe1e1e0000 - 0x00007ffe1e26d000 	c:\Users\LENOVO\.cursor\extensions\redhat.java-1.55.0-win32-x64\jre\21.0.11-win32-x86_64\bin\msvcp140.dll
0x00007ffdbe850000 - 0x00007ffdbf5f2000 	c:\Users\LENOVO\.cursor\extensions\redhat.java-1.55.0-win32-x64\jre\21.0.11-win32-x86_64\bin\server\jvm.dll
0x00007ffe5c720000 - 0x00007ffe5c7d6000 	C:\WINDOWS\System32\ADVAPI32.dll
0x00007ffe5ab40000 - 0x00007ffe5abea000 	C:\WINDOWS\System32\sechost.dll
0x00007ffe5aa20000 - 0x00007ffe5ab38000 	C:\WINDOWS\System32\RPCRT4.dll
0x00007ffe5bbb0000 - 0x00007ffe5bc30000 	C:\WINDOWS\System32\WS2_32.dll
0x00007ffe59cf0000 - 0x00007ffe59d4e000 	C:\WINDOWS\SYSTEM32\POWRPROF.dll
0x00007ffe42bb0000 - 0x00007ffe42be6000 	C:\WINDOWS\SYSTEM32\WINMM.dll
0x00007ffe554b0000 - 0x00007ffe554bb000 	C:\WINDOWS\SYSTEM32\VERSION.dll
0x00007ffe59cd0000 - 0x00007ffe59ce4000 	C:\WINDOWS\SYSTEM32\UMPDC.dll
0x00007ffe58be0000 - 0x00007ffe58bfb000 	C:\WINDOWS\SYSTEM32\kernel.appcore.dll
0x00007ffe42ac0000 - 0x00007ffe42aca000 	c:\Users\LENOVO\.cursor\extensions\redhat.java-1.55.0-win32-x64\jre\21.0.11-win32-x86_64\bin\jimage.dll
0x00007ffe56400000 - 0x00007ffe56642000 	C:\WINDOWS\SYSTEM32\DBGHELP.DLL
0x00007ffe5aed0000 - 0x00007ffe5b253000 	C:\WINDOWS\System32\combase.dll
0x00007ffe5b750000 - 0x00007ffe5b829000 	C:\WINDOWS\System32\OLEAUT32.dll
0x00007ffe483f0000 - 0x00007ffe4842b000 	C:\WINDOWS\SYSTEM32\dbgcore.DLL
0x00007ffe5a4a0000 - 0x00007ffe5a548000 	C:\WINDOWS\System32\bcryptPrimitives.dll
0x00007ffe41fc0000 - 0x00007ffe41fcf000 	c:\Users\LENOVO\.cursor\extensions\redhat.java-1.55.0-win32-x64\jre\21.0.11-win32-x86_64\bin\instrument.dll
0x00007ffe2b190000 - 0x00007ffe2b1b0000 	c:\Users\LENOVO\.cursor\extensions\redhat.java-1.55.0-win32-x64\jre\21.0.11-win32-x86_64\bin\java.dll
0x00007ffe5be20000 - 0x00007ffe5c5a4000 	C:\WINDOWS\System32\SHELL32.dll
0x00007ffe57a10000 - 0x00007ffe58290000 	C:\WINDOWS\SYSTEM32\windows.storage.dll
0x00007ffe5c5b0000 - 0x00007ffe5c6a6000 	C:\WINDOWS\System32\SHCORE.dll
0x00007ffe5cb20000 - 0x00007ffe5cb87000 	C:\WINDOWS\System32\shlwapi.dll
0x00007ffe59db0000 - 0x00007ffe59dd9000 	C:\WINDOWS\SYSTEM32\profapi.dll
0x00007ffe298b0000 - 0x00007ffe298c8000 	c:\Users\LENOVO\.cursor\extensions\redhat.java-1.55.0-win32-x64\jre\21.0.11-win32-x86_64\bin\zip.dll
0x00007ffe42060000 - 0x00007ffe42070000 	C:\Users\LENOVO\.cursor\extensions\redhat.java-1.55.0-win32-x64\jre\21.0.11-win32-x86_64\bin\net.dll
0x00007ffe555d0000 - 0x00007ffe556f9000 	C:\WINDOWS\SYSTEM32\WINHTTP.dll
0x00007ffe59130000 - 0x00007ffe5919c000 	C:\WINDOWS\system32\mswsock.dll
0x00007ffe28e50000 - 0x00007ffe28e66000 	C:\Users\LENOVO\.cursor\extensions\redhat.java-1.55.0-win32-x64\jre\21.0.11-win32-x86_64\bin\nio.dll
0x00007ffe41750000 - 0x00007ffe41760000 	c:\Users\LENOVO\.cursor\extensions\redhat.java-1.55.0-win32-x64\jre\21.0.11-win32-x86_64\bin\verify.dll
0x00007ffe20960000 - 0x00007ffe209a5000 	C:\Users\LENOVO\AppData\Roaming\Cursor\User\globalStorage\redhat.java\1.55.0\config_win\org.eclipse.equinox.launcher\org.eclipse.equinox.launcher.win32.win32.x86_64_1.3.100.v20260613-0559\eclipse_11924.dll
0x00007ffe5ba10000 - 0x00007ffe5bba8000 	C:\WINDOWS\System32\ole32.dll
0x00007ffe59530000 - 0x00007ffe5954b000 	C:\WINDOWS\SYSTEM32\CRYPTSP.dll
0x00007ffe58b40000 - 0x00007ffe58b79000 	C:\WINDOWS\system32\rsaenh.dll
0x00007ffe591e0000 - 0x00007ffe59213000 	C:\WINDOWS\SYSTEM32\USERENV.dll
0x00007ffe59d80000 - 0x00007ffe59daa000 	C:\WINDOWS\SYSTEM32\bcrypt.dll
0x00007ffe59390000 - 0x00007ffe5939c000 	C:\WINDOWS\SYSTEM32\CRYPTBASE.dll
0x00007ffe58560000 - 0x00007ffe58593000 	C:\WINDOWS\SYSTEM32\IPHLPAPI.DLL
0x00007ffe5c880000 - 0x00007ffe5c88a000 	C:\WINDOWS\System32\NSI.dll
0x00007ffe205c0000 - 0x00007ffe20609000 	C:\Users\LENOVO\AppData\Local\Temp\jna--2053026509\jna13073653979235738696.dll
0x00007ffe5cbb0000 - 0x00007ffe5cbb8000 	C:\WINDOWS\System32\PSAPI.DLL
0x00007ffe55740000 - 0x00007ffe5575d000 	C:\WINDOWS\SYSTEM32\dhcpcsvc6.DLL
0x00007ffe55700000 - 0x00007ffe55725000 	C:\WINDOWS\SYSTEM32\dhcpcsvc.DLL
0x00007ffe41d30000 - 0x00007ffe41d3e000 	C:\Users\LENOVO\.cursor\extensions\redhat.java-1.55.0-win32-x64\jre\21.0.11-win32-x86_64\bin\sunmscapi.dll
0x00007ffe5a550000 - 0x00007ffe5a6c8000 	C:\WINDOWS\System32\CRYPT32.dll
0x00007ffe59690000 - 0x00007ffe596c0000 	C:\WINDOWS\SYSTEM32\ncrypt.dll
0x00007ffe59640000 - 0x00007ffe5967f000 	C:\WINDOWS\SYSTEM32\NTASN1.dll
0x00007ffe585a0000 - 0x00007ffe586ea000 	C:\WINDOWS\SYSTEM32\DNSAPI.dll
0x00007ffe58f50000 - 0x00007ffe58f5d000 	C:\WINDOWS\SYSTEM32\DSPARSE.dll
0x00007ffe53ed0000 - 0x00007ffe53edb000 	C:\Windows\System32\rasadhlp.dll
0x00007ffe557d0000 - 0x00007ffe55856000 	C:\WINDOWS\System32\fwpuclnt.dll
0x00007ffe41d20000 - 0x00007ffe41d29000 	C:\Users\LENOVO\.cursor\extensions\redhat.java-1.55.0-win32-x64\jre\21.0.11-win32-x86_64\bin\extnet.dll

JVMTI agents:
c:\Users\LENOVO\.cursor\extensions\redhat.java-1.55.0-win32-x64\lombok\lombok-1.18.39-4050.jar path:c:\Users\LENOVO\.cursor\extensions\redhat.java-1.55.0-win32-x64\jre\21.0.11-win32-x86_64\bin\instrument.dll, loaded, initialized, instrumentlib options:none

dbghelp: loaded successfully - version: 4.0.5 - missing functions: none
symbol engine: initialized successfully - sym options: 0x614 - pdb path: .;c:\Users\LENOVO\.cursor\extensions\redhat.java-1.55.0-win32-x64\jre\21.0.11-win32-x86_64\bin;C:\WINDOWS\SYSTEM32;C:\Program Files\Avast Software\Avast;C:\WINDOWS\WinSxS\amd64_microsoft.windows.common-controls_6595b64144ccf1df_6.0.26100.8521_none_3e08b75ce33403b3;c:\Users\LENOVO\.cursor\extensions\redhat.java-1.55.0-win32-x64\jre\21.0.11-win32-x86_64\bin\server;C:\Users\LENOVO\AppData\Roaming\Cursor\User\globalStorage\redhat.java\1.55.0\config_win\org.eclipse.equinox.launcher\org.eclipse.equinox.launcher.win32.win32.x86_64_1.3.100.v20260613-0559;C:\Users\LENOVO\AppData\Local\Temp\jna--2053026509

VM Arguments:
jvm_args: --add-modules=ALL-SYSTEM --add-opens=java.base/java.util=ALL-UNNAMED --add-opens=java.base/java.lang=ALL-UNNAMED --add-opens=java.base/sun.nio.fs=ALL-UNNAMED -Declipse.application=org.eclipse.jdt.ls.core.id1 -Dosgi.bundles.defaultStartLevel=4 -Declipse.product=org.eclipse.jdt.ls.core.product -Djava.import.generatesMetadataFilesAtProjectRoot=false -DDetectVMInstallationsJob.disabled=true -Dfile.encoding=utf8 -XX:+UseParallelGC -XX:GCTimeRatio=4 -XX:AdaptiveSizePolicyWeight=90 -Dsun.zip.disableMemoryMapping=true -Xmx2G -Xms100m -Xlog:disable -javaagent:c:\Users\LENOVO\.cursor\extensions\redhat.java-1.55.0-win32-x64\lombok\lombok-1.18.39-4050.jar -XX:+HeapDumpOnOutOfMemoryError -XX:HeapDumpPath=c:\Users\LENOVO\AppData\Roaming\Cursor\User\workspaceStorage\a78203c44efd8367260fac9b3c4b3b31\redhat.java -Daether.dependencyCollector.impl=bf 
java_command: c:\Users\LENOVO\.cursor\extensions\redhat.java-1.55.0-win32-x64\server\plugins\org.eclipse.equinox.launcher_1.7.200.v20260619-2039.jar -configuration c:\Users\LENOVO\AppData\Roaming\Cursor\User\globalStorage\redhat.java\1.55.0\config_win -data c:\Users\LENOVO\AppData\Roaming\Cursor\User\workspaceStorage\a78203c44efd8367260fac9b3c4b3b31\redhat.java\jdt_ws --pipe=\\.\pipe\lsp-f886bfe04f495b40db9b5d59f2ecd162-sock
java_class_path (initial): c:\Users\LENOVO\.cursor\extensions\redhat.java-1.55.0-win32-x64\server\plugins\org.eclipse.equinox.launcher_1.7.200.v20260619-2039.jar
Launcher Type: SUN_STANDARD

[Global flags]
    uintx AdaptiveSizePolicyWeight                 = 90                                        {product} {command line}
     intx CICompilerCount                          = 4                                         {product} {ergonomic}
    uintx GCTimeRatio                              = 4                                         {product} {command line}
     bool HeapDumpOnOutOfMemoryError               = true                                   {manageable} {command line}
    ccstr HeapDumpPath                             = c:\Users\LENOVO\AppData\Roaming\Cursor\User\workspaceStorage\a78203c44efd8367260fac9b3c4b3b31\redhat.java         {manageable} {command line}
   size_t InitialHeapSize                          = 104857600                                 {product} {command line}
   size_t MaxHeapSize                              = 2147483648                                {product} {command line}
   size_t MaxNewSize                               = 715653120                                 {product} {ergonomic}
   size_t MinHeapDeltaBytes                        = 524288                                    {product} {ergonomic}
   size_t MinHeapSize                              = 104857600                                 {product} {command line}
   size_t NewSize                                  = 34603008                                  {product} {ergonomic}
    uintx NonNMethodCodeHeapSize                   = 5839372                                {pd product} {ergonomic}
    uintx NonProfiledCodeHeapSize                  = 122909434                              {pd product} {ergonomic}
   size_t OldSize                                  = 70254592                                  {product} {ergonomic}
    uintx ProfiledCodeHeapSize                     = 122909434                              {pd product} {ergonomic}
    uintx ReservedCodeCacheSize                    = 251658240                              {pd product} {ergonomic}
     bool SegmentedCodeCache                       = true                                      {product} {ergonomic}
   size_t SoftMaxHeapSize                          = 2147483648                             {manageable} {ergonomic}
     bool UseCompressedOops                        = true                           {product lp64_product} {ergonomic}
     bool UseLargePagesIndividualAllocation        = false                                  {pd product} {ergonomic}
     bool UseParallelGC                            = true                                      {product} {command line}

Logging:
Log output configuration:
 #0: stdout all=off uptime,level,tags foldmultilines=false
 #1: stderr all=off uptime,level,tags foldmultilines=false

Release file:
JAVA_VERSION="21.0.11" 
MODULES="java.base java.compiler java.datatransfer java.xml java.prefs java.desktop java.instrument java.logging java.management java.security.sasl java.naming java.rmi java.management.rmi java.net.http java.scripting java.security.jgss java.transaction.xa java.sql java.sql.rowset java.xml.crypto java.se java.smartcardio jdk.accessibility jdk.internal.jvmstat jdk.attach jdk.charsets jdk.internal.opt jdk.zipfs jdk.compiler jdk.crypto.ec jdk.crypto.cryptoki jdk.crypto.mscapi jdk.dynalink jdk.internal.ed jdk.editpad jdk.hotspot.agent jdk.httpserver jdk.internal.le jdk.internal.vm.ci jdk.internal.vm.compiler jdk.internal.vm.compiler.management jdk.jartool jdk.javadoc jdk.jcmd jdk.management jdk.management.agent jdk.jconsole jdk.jdeps jdk.jdwp.agent jdk.jdi jdk.jfr jdk.jshell jdk.jsobject jdk.jstatd jdk.localedata jdk.management.jfr jdk.naming.dns jdk.naming.rmi jdk.net jdk.nio.mapmode jdk.random jdk.sctp jdk.security.auth jdk.security.jgss jdk.unsupported jdk.unsupported.desktop jdk.xml.dom" 

Environment Variables:
JAVA_HOME=C:\Program Files\Java\jdk-25
PATH=C:\Program Files\Common Files\Oracle\Java\javapath;C:\Program Files (x86)\Common Files\Oracle\Java\java8path;C:\Program Files (x86)\Common Files\Oracle\Java\javapath;C:\WINDOWS\system32;C:\WINDOWS;C:\WINDOWS\System32\Wbem;C:\WINDOWS\System32\WindowsPowerShell\v1.0\;C:\WINDOWS\System32\OpenSSH\;C:\Program Files\Git\cmd;C:\Program Files\nodejs\;C:\Program Files\Docker\Docker\resources\bin;C:\Users\LENOVO\AppData\Local\Python\pythoncore-3.14-64\;C:\Users\LENOVO\AppData\Local\Python\pythoncore-3.14-64\Scripts\;C:\Program Files\Java\jdk-25\bin;C:\Program Files\Go\bin;C:\Users\LENOVO\scoop\apps\openssl\current\bin;C:\Ruby34-x64\bin;C:\Users\LENOVO\scoop\shims;C:\Users\LENOVO\AppData\Local\Microsoft\WindowsApps;C:\Users\LENOVO\AppData\Local\Programs\cursor\resources\app\bin;C:\Users\LENOVO\AppData\Roaming\npm;C:\Users\LENOVO\AppData\Local\JetBrains\Toolbox\scripts;C:\platform-tools;C:\Users\LENOVO\AppData\Local\Python\bin;C:\Users\LENOVO\go\bin;C:\Users\LENOVO\AppData\Local\Microsoft\WinGet\Packages\Ngrok.Ngrok_Microsoft.Winget.Source_8wekyb3d8bbwe;
USERNAME=LENOVO
OS=Windows_NT
PROCESSOR_IDENTIFIER=Intel64 Family 6 Model 140 Stepping 1, GenuineIntel
TMP=C:\Users\LENOVO\AppData\Local\Temp
TEMP=C:\Users\LENOVO\AppData\Local\Temp




Periodic native trim disabled

---------------  S Y S T E M  ---------------

OS:
 Windows 11 , 64 bit Build 26100 (10.0.26100.8521)
OS uptime: 6 days 6:48 hours
Hyper-V role detected

CPU: total 8 (initial active 8) (4 cores per cpu, 2 threads per core) family 6 model 140 stepping 1 microcode 0x8a, cx8, cmov, fxsr, ht, mmx, 3dnowpref, sse, sse2, sse3, ssse3, sse4.1, sse4.2, popcnt, lzcnt, tsc, tscinvbit, avx, avx2, aes, erms, clmul, bmi1, bmi2, adx, avx512f, avx512dq, avx512cd, avx512bw, avx512vl, sha, fma, vzeroupper, avx512_vpopcntdq, avx512_vpclmulqdq, avx512_vaes, avx512_vnni, clflush, clflushopt, clwb, avx512_vbmi2, avx512_vbmi, hv, rdtscp, rdpid, fsrm, gfni, avx512_bitalg, f16c, cet_ibt, cet_ss, avx512_ifma
Processor Information for the first 8 processors :
  Max Mhz: 2419, Current Mhz: 2419, Mhz Limit: 2419

Memory: 4k page, system-wide physical 20279M (847M free)
TotalPageFile size 50644M (AvailPageFile size 10M)
current process WorkingSet (physical memory assigned to process): 10M, peak: 240M
current process commit charge ("private bytes"): 320M, peak: 352M

vm_info: OpenJDK 64-Bit Server VM (21.0.11+10-LTS) for windows-amd64 JRE (21.0.11+10-LTS), built on 2026-04-21T00:00:00Z by "admin" with MS VC++ 17.12 (VS2022)

END.
