#
# There is insufficient memory for the Java Runtime Environment to continue.
# Native memory allocation (malloc) failed to allocate 1261232 bytes. Error detail: Chunk::new
# Possible reasons:
#   The system is out of physical RAM or swap space
#   This process is running with CompressedOops enabled, and the Java Heap may be blocking the growth of the native heap
# Possible solutions:
#   Reduce memory load on the system
#   Increase physical memory or swap space
#   Check if swap backing store is full
#   Decrease Java heap size (-Xmx/-Xms)
#   Decrease number of Java threads
#   Decrease Java thread stack sizes (-Xss)
#   Set larger code cache with -XX:ReservedCodeCacheSize=
#   JVM is running with Unscaled Compressed Oops mode in which the Java heap is
#     placed in the first 4GB address space. The Java Heap base address is the
#     maximum limit for the native heap growth. Please use -XX:HeapBaseMinAddress
#     to set the Java Heap base and to place the Java Heap above 4GB virtual address.
# This output file may be truncated or incomplete.
#
#  Out of Memory Error (arena.cpp:168), pid=19868, tid=32720
#
# JRE version: OpenJDK Runtime Environment Temurin-21.0.10+7 (21.0.10+7) (build 21.0.10+7-LTS)
# Java VM: OpenJDK 64-Bit Server VM Temurin-21.0.10+7 (21.0.10+7-LTS, mixed mode, sharing, tiered, compressed oops, compressed class ptrs, parallel gc, windows-amd64)
# No core dump will be written. Minidumps are not enabled by default on client versions of Windows
#

---------------  S U M M A R Y ------------

Command Line: --add-modules=ALL-SYSTEM --add-opens=java.base/java.util=ALL-UNNAMED --add-opens=java.base/java.lang=ALL-UNNAMED --add-opens=java.base/sun.nio.fs=ALL-UNNAMED -Declipse.application=org.eclipse.jdt.ls.core.id1 -Dosgi.bundles.defaultStartLevel=4 -Declipse.product=org.eclipse.jdt.ls.core.product -Djava.import.generatesMetadataFilesAtProjectRoot=false -DDetectVMInstallationsJob.disabled=true -Dfile.encoding=utf8 -XX:+UseParallelGC -XX:GCTimeRatio=4 -XX:AdaptiveSizePolicyWeight=90 -Dsun.zip.disableMemoryMapping=true -Xmx2G -Xms100m -Xlog:disable -javaagent:c:\Users\LENOVO\.cursor\extensions\redhat.java-1.54.0-win32-x64\lombok\lombok-1.18.39-4050.jar -XX:+HeapDumpOnOutOfMemoryError -XX:HeapDumpPath=c:\Users\LENOVO\AppData\Roaming\Cursor\User\workspaceStorage\a78203c44efd8367260fac9b3c4b3b31\redhat.java -Daether.dependencyCollector.impl=bf c:\Users\LENOVO\.cursor\extensions\redhat.java-1.54.0-win32-x64\server\plugins\org.eclipse.equinox.launcher_1.7.100.v20251111-0406.jar -configuration c:\Users\LENOVO\AppData\Roaming\Cursor\User\globalStorage\redhat.java\1.54.0\config_win -data c:\Users\LENOVO\AppData\Roaming\Cursor\User\workspaceStorage\a78203c44efd8367260fac9b3c4b3b31\redhat.java\jdt_ws --pipe=\\.\pipe\lsp-9a64df68c738ae2df81dbbe0eb6720ee-sock

Host: 11th Gen Intel(R) Core(TM) i5-1135G7 @ 2.40GHz, 8 cores, 19G,  Windows 11 , 64 bit Build 26100 (10.0.26100.8328)
Time: Fri May 15 11:45:45 2026 W. Central Africa Standard Time elapsed time: 8.131229 seconds (0d 0h 0m 8s)

---------------  T H R E A D  ---------------

Current thread (0x000001b96582b200):  JavaThread "C2 CompilerThread1" daemon [_thread_in_native, id=32720, stack(0x00000037eeb00000,0x00000037eec00000) (1024K)]


Current CompileTask:
C2:8131 3864       4       org.lombokweb.asm.ClassReader::readMethod (1070 bytes)

Stack: [0x00000037eeb00000,0x00000037eec00000]
Native frames: (J=compiled Java code, j=interpreted, Vv=VM code, C=native code)
V  [jvm.dll+0x6d7a39]
V  [jvm.dll+0x8b4b26]
V  [jvm.dll+0x8b70de]
V  [jvm.dll+0x8b77c3]
V  [jvm.dll+0x284346]
V  [jvm.dll+0xc66ed]
V  [jvm.dll+0xc6c31]
V  [jvm.dll+0x3bec3b]
V  [jvm.dll+0x38b162]
V  [jvm.dll+0x38a5aa]
V  [jvm.dll+0x24c560]
V  [jvm.dll+0x24bb40]
V  [jvm.dll+0x1cb34e]
V  [jvm.dll+0x25b85d]
V  [jvm.dll+0x259dea]
V  [jvm.dll+0x3f857e]
V  [jvm.dll+0x85f59d]
V  [jvm.dll+0x6d626d]
C  [ucrtbase.dll+0x37b0]
C  [KERNEL32.DLL+0x2e957]
C  [ntdll.dll+0x427c]


---------------  P R O C E S S  ---------------

Threads class SMR info:
_java_thread_list=0x000001b96c0843c0, length=24, elements={
0x000001b90a175d80, 0x000001b90c42e8f0, 0x000001b90c434680, 0x000001b90c436c80,
0x000001b90c43ad80, 0x000001b90c440410, 0x000001b90c441610, 0x000001b90c444670,
0x000001b9657d79d0, 0x000001b9659926f0, 0x000001b965aa88f0, 0x000001b96a5a1f70,
0x000001b96a60fa20, 0x000001b96aaffe40, 0x000001b96ab00880, 0x000001b96af1a8e0,
0x000001b96af8a220, 0x000001b96a998f10, 0x000001b96582b200, 0x000001b965834a20,
0x000001b965832950, 0x000001b965834390, 0x000001b9658350b0, 0x000001b96582b8d0
}

Java Threads: ( => current thread )
  0x000001b90a175d80 JavaThread "main"                              [_thread_blocked, id=25928, stack(0x00000037ecf00000,0x00000037ed000000) (1024K)]
  0x000001b90c42e8f0 JavaThread "Reference Handler"          daemon [_thread_blocked, id=21088, stack(0x00000037ed300000,0x00000037ed400000) (1024K)]
  0x000001b90c434680 JavaThread "Finalizer"                  daemon [_thread_blocked, id=21784, stack(0x00000037ed400000,0x00000037ed500000) (1024K)]
  0x000001b90c436c80 JavaThread "Signal Dispatcher"          daemon [_thread_blocked, id=30452, stack(0x00000037ed500000,0x00000037ed600000) (1024K)]
  0x000001b90c43ad80 JavaThread "Attach Listener"            daemon [_thread_blocked, id=19376, stack(0x00000037ed600000,0x00000037ed700000) (1024K)]
  0x000001b90c440410 JavaThread "Service Thread"             daemon [_thread_blocked, id=8864, stack(0x00000037ed700000,0x00000037ed800000) (1024K)]
  0x000001b90c441610 JavaThread "Monitor Deflation Thread"   daemon [_thread_blocked, id=25196, stack(0x00000037ed800000,0x00000037ed900000) (1024K)]
  0x000001b90c444670 JavaThread "C2 CompilerThread0"         daemon [_thread_blocked, id=29476, stack(0x00000037ed900000,0x00000037eda00000) (1024K)]
  0x000001b9657d79d0 JavaThread "C1 CompilerThread0"         daemon [_thread_in_vm, id=9828, stack(0x00000037eda00000,0x00000037edb00000) (1024K)]
  0x000001b9659926f0 JavaThread "Common-Cleaner"             daemon [_thread_blocked, id=17160, stack(0x00000037edb00000,0x00000037edc00000) (1024K)]
  0x000001b965aa88f0 JavaThread "Notification Thread"        daemon [_thread_blocked, id=30020, stack(0x00000037edd00000,0x00000037ede00000) (1024K)]
  0x000001b96a5a1f70 JavaThread "Active Thread: Equinox Container: aadcbc39-2a38-4e9a-a67c-e6fa8accf369"        [_thread_blocked, id=14300, stack(0x00000037ee500000,0x00000037ee600000) (1024K)]
  0x000001b96a60fa20 JavaThread "Refresh Thread: Equinox Container: aadcbc39-2a38-4e9a-a67c-e6fa8accf369" daemon [_thread_blocked, id=27692, stack(0x00000037ee600000,0x00000037ee700000) (1024K)]
  0x000001b96aaffe40 JavaThread "Framework Event Dispatcher: Equinox Container: aadcbc39-2a38-4e9a-a67c-e6fa8accf369" daemon [_thread_blocked, id=30108, stack(0x00000037ee700000,0x00000037ee800000) (1024K)]
  0x000001b96ab00880 JavaThread "Start Level: Equinox Container: aadcbc39-2a38-4e9a-a67c-e6fa8accf369" daemon [_thread_in_vm, id=25532, stack(0x00000037ee800000,0x00000037ee900000) (1024K)]
  0x000001b96af1a8e0 JavaThread "Bundle File Closer"         daemon [_thread_blocked, id=23616, stack(0x00000037eea00000,0x00000037eeb00000) (1024K)]
  0x000001b96af8a220 JavaThread "SCR Component Actor"        daemon [_thread_blocked, id=25616, stack(0x00000037edc00000,0x00000037edd00000) (1024K)]
  0x000001b96a998f10 JavaThread "Worker-JM"                         [_thread_blocked, id=24972, stack(0x00000037ee900000,0x00000037eea00000) (1024K)]
=>0x000001b96582b200 JavaThread "C2 CompilerThread1"         daemon [_thread_in_native, id=32720, stack(0x00000037eeb00000,0x00000037eec00000) (1024K)]
  0x000001b965834a20 JavaThread "JNA Cleaner"                daemon [_thread_blocked, id=30748, stack(0x00000037eec00000,0x00000037eed00000) (1024K)]
  0x000001b965832950 JavaThread "Worker-0"                          [_thread_blocked, id=14348, stack(0x00000037eed00000,0x00000037eee00000) (1024K)]
  0x000001b965834390 JavaThread "Worker-1"                          [_thread_blocked, id=6104, stack(0x00000037eee00000,0x00000037eef00000) (1024K)]
  0x000001b9658350b0 JavaThread "Java indexing"              daemon [_thread_blocked, id=15672, stack(0x00000037eef00000,0x00000037ef000000) (1024K)]
  0x000001b96582b8d0 JavaThread "C2 CompilerThread2"         daemon [_thread_blocked, id=30808, stack(0x00000037ef000000,0x00000037ef100000) (1024K)]
Total: 24

Other Threads:
  0x000001b90c423580 VMThread "VM Thread"                           [id=31408, stack(0x00000037ed200000,0x00000037ed300000) (1024K)]
  0x000001b90c528700 WatcherThread "VM Periodic Task Thread"        [id=20520, stack(0x00000037ed100000,0x00000037ed200000) (1024K)]
  0x000001b90c4db630 WorkerThread "GC Thread#0"                     [id=33692, stack(0x00000037ed000000,0x00000037ed100000) (1024K)]
  0x000001b96a78dc50 WorkerThread "GC Thread#1"                     [id=29972, stack(0x00000037edf00000,0x00000037ee000000) (1024K)]
  0x000001b96a78e000 WorkerThread "GC Thread#2"                     [id=19936, stack(0x00000037ee000000,0x00000037ee100000) (1024K)]
  0x000001b96a78c630 WorkerThread "GC Thread#3"                     [id=23348, stack(0x00000037ee100000,0x00000037ee200000) (1024K)]
  0x000001b96a78cd90 WorkerThread "GC Thread#4"                     [id=23948, stack(0x00000037ee200000,0x00000037ee300000) (1024K)]
  0x000001b96a78d4f0 WorkerThread "GC Thread#5"                     [id=14632, stack(0x00000037ee300000,0x00000037ee400000) (1024K)]
  0x000001b96a78c9e0 WorkerThread "GC Thread#6"                     [id=6660, stack(0x00000037ee400000,0x00000037ee500000) (1024K)]
  0x000001b96a604900 WorkerThread "GC Thread#7"                     [id=27100, stack(0x00000037ede00000,0x00000037edf00000) (1024K)]
Total: 10

Threads with active compile tasks:
C1 CompilerThread0  8224 4022       3       java.util.concurrent.locks.LockSupport::setBlocker (12 bytes)
C2 CompilerThread1  8224 3864       4       org.lombokweb.asm.ClassReader::readMethod (1070 bytes)
Total: 2

VM state: not at safepoint (normal execution)

VM Mutex/Monitor currently owned by a thread:  ([mutex/lock_event])
[0x00007ffec4dbc4e0] Metaspace_lock - owner thread: 0x000001b96ab00880

Heap address: 0x0000000080000000, size: 2048 MB, Compressed Oops mode: 32-bit

CDS archive(s) mapped at: [0x000001b923000000-0x000001b923ba0000-0x000001b923ba0000), size 12189696, SharedBaseAddress: 0x000001b923000000, ArchiveRelocationMode: 1.
Compressed class space mapped at: 0x000001b924000000-0x000001b964000000, reserved size: 1073741824
Narrow klass base: 0x000001b923000000, Narrow klass shift: 0, Narrow klass range: 0x100000000

GC Precious Log:
 CardTable entry size: 512
 CPUs: 8 total, 8 available
 Memory: 20279M
 Large Page Support: Disabled
 NUMA Support: Disabled
 Compressed Oops: Enabled (32-bit)
 Alignments: Space 512K, Generation 512K, Heap 2M
 Heap Min Capacity: 100M
 Heap Initial Capacity: 100M
 Heap Max Capacity: 2G
 Pre-touch: Disabled
 Parallel Workers: 8

Heap:
 PSYoungGen      total 26112K, used 25585K [0x00000000d5580000, 0x00000000d7380000, 0x0000000100000000)
  eden space 23552K, 98% used [0x00000000d5580000,0x00000000d6c143e8,0x00000000d6c80000)
  from space 2560K, 96% used [0x00000000d6f00000,0x00000000d7168278,0x00000000d7180000)
  to   space 2048K, 0% used [0x00000000d7180000,0x00000000d7180000,0x00000000d7380000)
 ParOldGen       total 68608K, used 13583K [0x0000000080000000, 0x0000000084300000, 0x00000000d5580000)
  object space 68608K, 19% used [0x0000000080000000,0x0000000080d43cb0,0x0000000084300000)
 Metaspace       used 28717K, committed 29632K, reserved 1114112K
  class space    used 2814K, committed 3264K, reserved 1048576K

Card table byte_map: [0x000001b90be50000,0x000001b90c260000] _byte_map_base: 0x000001b90ba50000

Marking Bits: (ParMarkBitMap*) 0x00007ffec4dc3450
 Begin Bits: [0x000001b91e960000, 0x000001b920960000)
 End Bits:   [0x000001b920960000, 0x000001b922960000)

Polling page: 0x000001b90a7c0000

Metaspace:

Usage:
  Non-class:     25.30 MB used.
      Class:      2.75 MB used.
       Both:     28.04 MB used.

Virtual space:
  Non-class space:       64.00 MB reserved,      25.75 MB ( 40%) committed,  1 nodes.
      Class space:        1.00 GB reserved,       3.19 MB ( <1%) committed,  1 nodes.
             Both:        1.06 GB reserved,      28.94 MB (  3%) committed. 

Chunk freelists:
   Non-Class:  5.88 MB
       Class:  12.67 MB
        Both:  18.54 MB

MaxMetaspaceSize: unlimited
CompressedClassSpaceSize: 1.00 GB
Initial GC threshold: 21.00 MB
Current GC threshold: 35.00 MB
CDS: on
 - commit_granule_bytes: 65536.
 - commit_granule_words: 8192.
 - virtual_space_node_default_size: 8388608.
 - enlarge_chunks_in_place: 1.
 - use_allocation_guard: 0.


Internal statistics:

num_allocs_failed_limit: 3.
num_arena_births: 624.
num_arena_deaths: 14.
num_vsnodes_births: 2.
num_vsnodes_deaths: 0.
num_space_committed: 463.
num_space_uncommitted: 0.
num_chunks_returned_to_freelist: 17.
num_chunks_taken_from_freelist: 1763.
num_chunk_merges: 9.
num_chunk_splits: 1153.
num_chunks_enlarged: 737.
num_inconsistent_stats: 0.

CodeHeap 'non-profiled nmethods': size=120000Kb used=1939Kb max_used=1939Kb free=118060Kb
 bounds [0x000001b917180000, 0x000001b9173f0000, 0x000001b91e6b0000]
CodeHeap 'profiled nmethods': size=120000Kb used=8371Kb max_used=8371Kb free=111629Kb
 bounds [0x000001b90f6b0000, 0x000001b90fee0000, 0x000001b916be0000]
CodeHeap 'non-nmethods': size=5760Kb used=1351Kb max_used=1385Kb free=4408Kb
 bounds [0x000001b916be0000, 0x000001b916e50000, 0x000001b917180000]
CodeCache: size=245760Kb, used=11661Kb, max_used=11695Kb, free=234097Kb
 total_blobs=4650, nmethods=4020, adapters=536, full_count=0
Compilation: enabled, stopped_count=0, restarted_count=0

Compilation events (20 events):
Event: 8.111 Thread 0x000001b9657d79d0 3972       3       org.eclipse.osgi.internal.framework.FilterImpl::newInstance (12 bytes)
Event: 8.112 Thread 0x000001b9657d79d0 nmethod 3972 0x000001b90febeb90 code [0x000001b90febed80, 0x000001b90febf1d8]
Event: 8.112 Thread 0x000001b9657d79d0 3973       3       org.eclipse.osgi.internal.framework.FilterImpl$Parser::<init> (23 bytes)
Event: 8.112 Thread 0x000001b9657d79d0 nmethod 3973 0x000001b90febf390 code [0x000001b90febf560, 0x000001b90febf8e0]
Event: 8.112 Thread 0x000001b9657d79d0 3971       3       org.eclipse.core.internal.registry.ConfigurationElementHandle::<init> (7 bytes)
Event: 8.112 Thread 0x000001b9657d79d0 nmethod 3971 0x000001b90febfa90 code [0x000001b90febfc40, 0x000001b90febfe28]
Event: 8.114 Thread 0x000001b9657d79d0 3974       3       java.util.Calendar::internalSet (8 bytes)
Event: 8.114 Thread 0x000001b9657d79d0 nmethod 3974 0x000001b90febff10 code [0x000001b90fec00c0, 0x000001b90fec01f8]
Event: 8.120 Thread 0x000001b9657d79d0 3975       3       java.util.TreeMap::fixAfterInsertion (267 bytes)
Event: 8.123 Thread 0x000001b9657d79d0 nmethod 3975 0x000001b90fec0310 code [0x000001b90fec07c0, 0x000001b90fec2bf0]
Event: 8.123 Thread 0x000001b9657d79d0 3979       3       java.lang.AbstractStringBuilder::append (45 bytes)
Event: 8.123 Thread 0x000001b9657d79d0 nmethod 3979 0x000001b90fec3810 code [0x000001b90fec3a20, 0x000001b90fec3f48]
Event: 8.123 Thread 0x000001b9657d79d0 3976       3       java.lang.CharacterDataLatin1::toUpperCase (67 bytes)
Event: 8.124 Thread 0x000001b9657d79d0 nmethod 3976 0x000001b90fec4190 code [0x000001b90fec4360, 0x000001b90fec4688]
Event: 8.124 Thread 0x000001b9657d79d0 3981       2       java.util.HashSet::contains (9 bytes)
Event: 8.124 Thread 0x000001b9657d79d0 nmethod 3981 0x000001b90fec4710 code [0x000001b90fec48c0, 0x000001b90fec49f8]
Event: 8.124 Thread 0x000001b9657d79d0 3977       3       java.lang.Character::toUpperCase (6 bytes)
Event: 8.124 Thread 0x000001b9657d79d0 nmethod 3977 0x000001b90fec4a90 code [0x000001b90fec4c60, 0x000001b90fec4eb8]
Event: 8.124 Thread 0x000001b9657d79d0 3978       3       java.lang.Character::toUpperCase (9 bytes)
Event: 8.124 Thread 0x000001b9657d79d0 nmethod 3978 0x000001b90fec4f90 code [0x000001b90fec5140, 0x000001b90fec5338]

GC Heap History (20 events):
Event: 1.383 GC heap before
{Heap before GC invocations=1 (full 0):
 PSYoungGen      total 29696K, used 25600K [0x00000000d5580000, 0x00000000d7680000, 0x0000000100000000)
  eden space 25600K, 100% used [0x00000000d5580000,0x00000000d6e80000,0x00000000d6e80000)
  from space 4096K, 0% used [0x00000000d7280000,0x00000000d7280000,0x00000000d7680000)
  to   space 4096K, 0% used [0x00000000d6e80000,0x00000000d6e80000,0x00000000d7280000)
 ParOldGen       total 68608K, used 0K [0x0000000080000000, 0x0000000084300000, 0x00000000d5580000)
  object space 68608K, 0% used [0x0000000080000000,0x0000000080000000,0x0000000084300000)
 Metaspace       used 4352K, committed 4608K, reserved 1114112K
  class space    used 474K, committed 576K, reserved 1048576K
}
Event: 1.399 GC heap after
{Heap after GC invocations=1 (full 0):
 PSYoungGen      total 29696K, used 3303K [0x00000000d5580000, 0x00000000d7680000, 0x0000000100000000)
  eden space 25600K, 0% used [0x00000000d5580000,0x00000000d5580000,0x00000000d6e80000)
  from space 4096K, 80% used [0x00000000d6e80000,0x00000000d71b9e98,0x00000000d7280000)
  to   space 4096K, 0% used [0x00000000d7280000,0x00000000d7280000,0x00000000d7680000)
 ParOldGen       total 68608K, used 16K [0x0000000080000000, 0x0000000084300000, 0x00000000d5580000)
  object space 68608K, 0% used [0x0000000080000000,0x0000000080004000,0x0000000084300000)
 Metaspace       used 4352K, committed 4608K, reserved 1114112K
  class space    used 474K, committed 576K, reserved 1048576K
}
Event: 2.547 GC heap before
{Heap before GC invocations=2 (full 0):
 PSYoungGen      total 29696K, used 28903K [0x00000000d5580000, 0x00000000d7680000, 0x0000000100000000)
  eden space 25600K, 100% used [0x00000000d5580000,0x00000000d6e80000,0x00000000d6e80000)
  from space 4096K, 80% used [0x00000000d6e80000,0x00000000d71b9e98,0x00000000d7280000)
  to   space 4096K, 0% used [0x00000000d7280000,0x00000000d7280000,0x00000000d7680000)
 ParOldGen       total 68608K, used 16K [0x0000000080000000, 0x0000000084300000, 0x00000000d5580000)
  object space 68608K, 0% used [0x0000000080000000,0x0000000080004000,0x0000000084300000)
 Metaspace       used 7990K, committed 8256K, reserved 1114112K
  class space    used 830K, committed 960K, reserved 1048576K
}
Event: 2.555 GC heap after
{Heap after GC invocations=2 (full 0):
 PSYoungGen      total 29696K, used 4086K [0x00000000d5580000, 0x00000000d7680000, 0x0000000100000000)
  eden space 25600K, 0% used [0x00000000d5580000,0x00000000d5580000,0x00000000d6e80000)
  from space 4096K, 99% used [0x00000000d7280000,0x00000000d767d810,0x00000000d7680000)
  to   space 4096K, 0% used [0x00000000d6e80000,0x00000000d6e80000,0x00000000d7280000)
 ParOldGen       total 68608K, used 2105K [0x0000000080000000, 0x0000000084300000, 0x00000000d5580000)
  object space 68608K, 3% used [0x0000000080000000,0x000000008020e6a8,0x0000000084300000)
 Metaspace       used 7990K, committed 8256K, reserved 1114112K
  class space    used 830K, committed 960K, reserved 1048576K
}
Event: 3.259 GC heap before
{Heap before GC invocations=3 (full 0):
 PSYoungGen      total 29696K, used 29633K [0x00000000d5580000, 0x00000000d7680000, 0x0000000100000000)
  eden space 25600K, 99% used [0x00000000d5580000,0x00000000d6e72d88,0x00000000d6e80000)
  from space 4096K, 99% used [0x00000000d7280000,0x00000000d767d810,0x00000000d7680000)
  to   space 4096K, 0% used [0x00000000d6e80000,0x00000000d6e80000,0x00000000d7280000)
 ParOldGen       total 68608K, used 2105K [0x0000000080000000, 0x0000000084300000, 0x00000000d5580000)
  object space 68608K, 3% used [0x0000000080000000,0x000000008020e6a8,0x0000000084300000)
 Metaspace       used 9433K, committed 9728K, reserved 1114112K
  class space    used 1006K, committed 1152K, reserved 1048576K
}
Event: 3.265 GC heap after
{Heap after GC invocations=3 (full 0):
 PSYoungGen      total 29696K, used 4088K [0x00000000d5580000, 0x00000000d7680000, 0x0000000100000000)
  eden space 25600K, 0% used [0x00000000d5580000,0x00000000d5580000,0x00000000d6e80000)
  from space 4096K, 99% used [0x00000000d6e80000,0x00000000d727e2b0,0x00000000d7280000)
  to   space 4096K, 0% used [0x00000000d7280000,0x00000000d7280000,0x00000000d7680000)
 ParOldGen       total 68608K, used 4958K [0x0000000080000000, 0x0000000084300000, 0x00000000d5580000)
  object space 68608K, 7% used [0x0000000080000000,0x00000000804d7af8,0x0000000084300000)
 Metaspace       used 9433K, committed 9728K, reserved 1114112K
  class space    used 1006K, committed 1152K, reserved 1048576K
}
Event: 5.568 GC heap before
{Heap before GC invocations=4 (full 0):
 PSYoungGen      total 29696K, used 29688K [0x00000000d5580000, 0x00000000d7680000, 0x0000000100000000)
  eden space 25600K, 100% used [0x00000000d5580000,0x00000000d6e80000,0x00000000d6e80000)
  from space 4096K, 99% used [0x00000000d6e80000,0x00000000d727e2b0,0x00000000d7280000)
  to   space 4096K, 0% used [0x00000000d7280000,0x00000000d7280000,0x00000000d7680000)
 ParOldGen       total 68608K, used 4958K [0x0000000080000000, 0x0000000084300000, 0x00000000d5580000)
  object space 68608K, 7% used [0x0000000080000000,0x00000000804d7af8,0x0000000084300000)
 Metaspace       used 11597K, committed 11968K, reserved 1114112K
  class space    used 1222K, committed 1408K, reserved 1048576K
}
Event: 5.573 GC heap after
{Heap after GC invocations=4 (full 0):
 PSYoungGen      total 29696K, used 4072K [0x00000000d5580000, 0x00000000d7680000, 0x0000000100000000)
  eden space 25600K, 0% used [0x00000000d5580000,0x00000000d5580000,0x00000000d6e80000)
  from space 4096K, 99% used [0x00000000d7280000,0x00000000d767a1a8,0x00000000d7680000)
  to   space 4096K, 0% used [0x00000000d6e80000,0x00000000d6e80000,0x00000000d7280000)
 ParOldGen       total 68608K, used 6857K [0x0000000080000000, 0x0000000084300000, 0x00000000d5580000)
  object space 68608K, 9% used [0x0000000080000000,0x00000000806b2570,0x0000000084300000)
 Metaspace       used 11597K, committed 11968K, reserved 1114112K
  class space    used 1222K, committed 1408K, reserved 1048576K
}
Event: 6.574 GC heap before
{Heap before GC invocations=5 (full 0):
 PSYoungGen      total 29696K, used 29672K [0x00000000d5580000, 0x00000000d7680000, 0x0000000100000000)
  eden space 25600K, 100% used [0x00000000d5580000,0x00000000d6e80000,0x00000000d6e80000)
  from space 4096K, 99% used [0x00000000d7280000,0x00000000d767a1a8,0x00000000d7680000)
  to   space 4096K, 0% used [0x00000000d6e80000,0x00000000d6e80000,0x00000000d7280000)
 ParOldGen       total 68608K, used 6857K [0x0000000080000000, 0x0000000084300000, 0x00000000d5580000)
  object space 68608K, 9% used [0x0000000080000000,0x00000000806b2570,0x0000000084300000)
 Metaspace       used 15500K, committed 16064K, reserved 1114112K
  class space    used 1617K, committed 1856K, reserved 1048576K
}
Event: 6.579 GC heap after
{Heap after GC invocations=5 (full 0):
 PSYoungGen      total 29184K, used 4079K [0x00000000d5580000, 0x00000000d7900000, 0x0000000100000000)
  eden space 25088K, 0% used [0x00000000d5580000,0x00000000d5580000,0x00000000d6e00000)
  from space 4096K, 99% used [0x00000000d6e80000,0x00000000d727be20,0x00000000d7280000)
  to   space 5632K, 0% used [0x00000000d7380000,0x00000000d7380000,0x00000000d7900000)
 ParOldGen       total 68608K, used 7991K [0x0000000080000000, 0x0000000084300000, 0x00000000d5580000)
  object space 68608K, 11% used [0x0000000080000000,0x00000000807cdcc0,0x0000000084300000)
 Metaspace       used 15500K, committed 16064K, reserved 1114112K
  class space    used 1617K, committed 1856K, reserved 1048576K
}
Event: 7.227 GC heap before
{Heap before GC invocations=6 (full 0):
 PSYoungGen      total 29184K, used 29167K [0x00000000d5580000, 0x00000000d7900000, 0x0000000100000000)
  eden space 25088K, 100% used [0x00000000d5580000,0x00000000d6e00000,0x00000000d6e00000)
  from space 4096K, 99% used [0x00000000d6e80000,0x00000000d727be20,0x00000000d7280000)
  to   space 5632K, 0% used [0x00000000d7380000,0x00000000d7380000,0x00000000d7900000)
 ParOldGen       total 68608K, used 7991K [0x0000000080000000, 0x0000000084300000, 0x00000000d5580000)
  object space 68608K, 11% used [0x0000000080000000,0x00000000807cdcc0,0x0000000084300000)
 Metaspace       used 18521K, committed 19328K, reserved 1114112K
  class space    used 1958K, committed 2304K, reserved 1048576K
}
Event: 7.234 GC heap after
{Heap after GC invocations=6 (full 0):
 PSYoungGen      total 30208K, used 5426K [0x00000000d5580000, 0x00000000d7900000, 0x0000000100000000)
  eden space 24576K, 0% used [0x00000000d5580000,0x00000000d5580000,0x00000000d6d80000)
  from space 5632K, 96% used [0x00000000d7380000,0x00000000d78cca28,0x00000000d7900000)
  to   space 5632K, 0% used [0x00000000d6e00000,0x00000000d6e00000,0x00000000d7380000)
 ParOldGen       total 68608K, used 7999K [0x0000000080000000, 0x0000000084300000, 0x00000000d5580000)
  object space 68608K, 11% used [0x0000000080000000,0x00000000807cfcc0,0x0000000084300000)
 Metaspace       used 18521K, committed 19328K, reserved 1114112K
  class space    used 1958K, committed 2304K, reserved 1048576K
}
Event: 7.543 GC heap before
{Heap before GC invocations=7 (full 0):
 PSYoungGen      total 30208K, used 27307K [0x00000000d5580000, 0x00000000d7900000, 0x0000000100000000)
  eden space 24576K, 89% used [0x00000000d5580000,0x00000000d6ade338,0x00000000d6d80000)
  from space 5632K, 96% used [0x00000000d7380000,0x00000000d78cca28,0x00000000d7900000)
  to   space 5632K, 0% used [0x00000000d6e00000,0x00000000d6e00000,0x00000000d7380000)
 ParOldGen       total 68608K, used 7999K [0x0000000080000000, 0x0000000084300000, 0x00000000d5580000)
  object space 68608K, 11% used [0x0000000080000000,0x00000000807cfcc0,0x0000000084300000)
 Metaspace       used 20710K, committed 21504K, reserved 1114112K
  class space    used 2201K, committed 2560K, reserved 1048576K
}
Event: 7.548 GC heap after
{Heap after GC invocations=7 (full 0):
 PSYoungGen      total 29696K, used 5062K [0x00000000d5580000, 0x00000000d7880000, 0x0000000100000000)
  eden space 24576K, 0% used [0x00000000d5580000,0x00000000d5580000,0x00000000d6d80000)
  from space 5120K, 98% used [0x00000000d6e00000,0x00000000d72f1990,0x00000000d7300000)
  to   space 5632K, 0% used [0x00000000d7300000,0x00000000d7300000,0x00000000d7880000)
 ParOldGen       total 68608K, used 9467K [0x0000000080000000, 0x0000000084300000, 0x00000000d5580000)
  object space 68608K, 13% used [0x0000000080000000,0x000000008093ec98,0x0000000084300000)
 Metaspace       used 20710K, committed 21504K, reserved 1114112K
  class space    used 2201K, committed 2560K, reserved 1048576K
}
Event: 7.548 GC heap before
{Heap before GC invocations=8 (full 1):
 PSYoungGen      total 29696K, used 5062K [0x00000000d5580000, 0x00000000d7880000, 0x0000000100000000)
  eden space 24576K, 0% used [0x00000000d5580000,0x00000000d5580000,0x00000000d6d80000)
  from space 5120K, 98% used [0x00000000d6e00000,0x00000000d72f1990,0x00000000d7300000)
  to   space 5632K, 0% used [0x00000000d7300000,0x00000000d7300000,0x00000000d7880000)
 ParOldGen       total 68608K, used 9467K [0x0000000080000000, 0x0000000084300000, 0x00000000d5580000)
  object space 68608K, 13% used [0x0000000080000000,0x000000008093ec98,0x0000000084300000)
 Metaspace       used 20710K, committed 21504K, reserved 1114112K
  class space    used 2201K, committed 2560K, reserved 1048576K
}
Event: 7.586 GC heap after
{Heap after GC invocations=8 (full 1):
 PSYoungGen      total 29696K, used 0K [0x00000000d5580000, 0x00000000d7880000, 0x0000000100000000)
  eden space 24576K, 0% used [0x00000000d5580000,0x00000000d5580000,0x00000000d6d80000)
  from space 5120K, 0% used [0x00000000d6e00000,0x00000000d6e00000,0x00000000d7300000)
  to   space 5632K, 0% used [0x00000000d7300000,0x00000000d7300000,0x00000000d7880000)
 ParOldGen       total 68608K, used 13583K [0x0000000080000000, 0x0000000084300000, 0x00000000d5580000)
  object space 68608K, 19% used [0x0000000080000000,0x0000000080d43cb0,0x0000000084300000)
 Metaspace       used 20698K, committed 21504K, reserved 1114112K
  class space    used 2198K, committed 2560K, reserved 1048576K
}
Event: 7.761 GC heap before
{Heap before GC invocations=9 (full 1):
 PSYoungGen      total 29696K, used 24576K [0x00000000d5580000, 0x00000000d7880000, 0x0000000100000000)
  eden space 24576K, 100% used [0x00000000d5580000,0x00000000d6d80000,0x00000000d6d80000)
  from space 5120K, 0% used [0x00000000d6e00000,0x00000000d6e00000,0x00000000d7300000)
  to   space 5632K, 0% used [0x00000000d7300000,0x00000000d7300000,0x00000000d7880000)
 ParOldGen       total 68608K, used 13583K [0x0000000080000000, 0x0000000084300000, 0x00000000d5580000)
  object space 68608K, 19% used [0x0000000080000000,0x0000000080d43cb0,0x0000000084300000)
 Metaspace       used 23333K, committed 24128K, reserved 1114112K
  class space    used 2364K, committed 2752K, reserved 1048576K
}
Event: 7.762 GC heap after
{Heap after GC invocations=9 (full 1):
 PSYoungGen      total 25088K, used 614K [0x00000000d5580000, 0x00000000d7400000, 0x0000000100000000)
  eden space 24064K, 0% used [0x00000000d5580000,0x00000000d5580000,0x00000000d6d00000)
  from space 1024K, 59% used [0x00000000d7300000,0x00000000d7399920,0x00000000d7400000)
  to   space 2560K, 0% used [0x00000000d6f00000,0x00000000d6f00000,0x00000000d7180000)
 ParOldGen       total 68608K, used 13583K [0x0000000080000000, 0x0000000084300000, 0x00000000d5580000)
  object space 68608K, 19% used [0x0000000080000000,0x0000000080d43cb0,0x0000000084300000)
 Metaspace       used 23333K, committed 24128K, reserved 1114112K
  class space    used 2364K, committed 2752K, reserved 1048576K
}
Event: 7.930 GC heap before
{Heap before GC invocations=10 (full 1):
 PSYoungGen      total 25088K, used 24678K [0x00000000d5580000, 0x00000000d7400000, 0x0000000100000000)
  eden space 24064K, 100% used [0x00000000d5580000,0x00000000d6d00000,0x00000000d6d00000)
  from space 1024K, 59% used [0x00000000d7300000,0x00000000d7399920,0x00000000d7400000)
  to   space 2560K, 0% used [0x00000000d6f00000,0x00000000d6f00000,0x00000000d7180000)
 ParOldGen       total 68608K, used 13583K [0x0000000080000000, 0x0000000084300000, 0x00000000d5580000)
  object space 68608K, 19% used [0x0000000080000000,0x0000000080d43cb0,0x0000000084300000)
 Metaspace       used 26404K, committed 27200K, reserved 1114112K
  class space    used 2602K, committed 2944K, reserved 1048576K
}
Event: 7.932 GC heap after
{Heap after GC invocations=10 (full 1):
 PSYoungGen      total 26112K, used 2464K [0x00000000d5580000, 0x00000000d7380000, 0x0000000100000000)
  eden space 23552K, 0% used [0x00000000d5580000,0x00000000d5580000,0x00000000d6c80000)
  from space 2560K, 96% used [0x00000000d6f00000,0x00000000d7168278,0x00000000d7180000)
  to   space 2048K, 0% used [0x00000000d7180000,0x00000000d7180000,0x00000000d7380000)
 ParOldGen       total 68608K, used 13583K [0x0000000080000000, 0x0000000084300000, 0x00000000d5580000)
  object space 68608K, 19% used [0x0000000080000000,0x0000000080d43cb0,0x0000000084300000)
 Metaspace       used 26404K, committed 27200K, reserved 1114112K
  class space    used 2602K, committed 2944K, reserved 1048576K
}

Dll operation events (10 events):
Event: 0.036 Loaded shared library c:\Users\LENOVO\.cursor\extensions\redhat.java-1.54.0-win32-x64\jre\21.0.10-win32-x86_64\bin\java.dll
Event: 0.286 Loaded shared library c:\Users\LENOVO\.cursor\extensions\redhat.java-1.54.0-win32-x64\jre\21.0.10-win32-x86_64\bin\zip.dll
Event: 0.320 Loaded shared library C:\Users\LENOVO\.cursor\extensions\redhat.java-1.54.0-win32-x64\jre\21.0.10-win32-x86_64\bin\instrument.dll
Event: 0.327 Loaded shared library C:\Users\LENOVO\.cursor\extensions\redhat.java-1.54.0-win32-x64\jre\21.0.10-win32-x86_64\bin\net.dll
Event: 0.331 Loaded shared library C:\Users\LENOVO\.cursor\extensions\redhat.java-1.54.0-win32-x64\jre\21.0.10-win32-x86_64\bin\nio.dll
Event: 0.336 Loaded shared library C:\Users\LENOVO\.cursor\extensions\redhat.java-1.54.0-win32-x64\jre\21.0.10-win32-x86_64\bin\zip.dll
Event: 0.363 Loaded shared library C:\Users\LENOVO\.cursor\extensions\redhat.java-1.54.0-win32-x64\jre\21.0.10-win32-x86_64\bin\jimage.dll
Event: 0.487 Loaded shared library c:\Users\LENOVO\.cursor\extensions\redhat.java-1.54.0-win32-x64\jre\21.0.10-win32-x86_64\bin\verify.dll
Event: 2.596 Loaded shared library C:\Users\LENOVO\AppData\Roaming\Cursor\User\globalStorage\redhat.java\1.54.0\config_win\org.eclipse.equinox.launcher\org.eclipse.equinox.launcher.win32.win32.x86_64_1.3.0.v20260203-2149\eclipse_11919.dll
Event: 6.830 Loaded shared library C:\Users\LENOVO\AppData\Local\Temp\jna--2053026509\jna14033873939497961846.dll

Deoptimization events (20 events):
Event: 8.114 Thread 0x000001b96ab00880 Uncommon trap: trap_request=0xffffff45 fr.pc=0x000001b917274830 relative=0x0000000000000470
Event: 8.114 Thread 0x000001b96ab00880 Uncommon trap: reason=unstable_if action=reinterpret pc=0x000001b917274830 method=java.lang.AbstractStringBuilder.isLatin1()Z @ 10 c2
Event: 8.114 Thread 0x000001b96ab00880 DEOPT PACKING pc=0x000001b917274830 sp=0x00000037ee8fe7c0
Event: 8.114 Thread 0x000001b96ab00880 DEOPT UNPACKING pc=0x000001b916c36da2 sp=0x00000037ee8fe730 mode 2
Event: 8.119 Thread 0x000001b96ab00880 Uncommon trap: trap_request=0xffffffc6 fr.pc=0x000001b9172434e4 relative=0x0000000000000984
Event: 8.119 Thread 0x000001b96ab00880 Uncommon trap: reason=bimorphic_or_optimized_type_check action=maybe_recompile pc=0x000001b9172434e4 method=java.util.HashMap.putVal(ILjava/lang/Object;Ljava/lang/Object;ZZ)Ljava/lang/Object; @ 56 c2
Event: 8.119 Thread 0x000001b96ab00880 DEOPT PACKING pc=0x000001b9172434e4 sp=0x00000037ee8fe030
Event: 8.119 Thread 0x000001b96ab00880 DEOPT UNPACKING pc=0x000001b916c36da2 sp=0x00000037ee8fdf30 mode 2
Event: 8.119 Thread 0x000001b96ab00880 Uncommon trap: trap_request=0xffffffc6 fr.pc=0x000001b9172434e4 relative=0x0000000000000984
Event: 8.119 Thread 0x000001b96ab00880 Uncommon trap: reason=bimorphic_or_optimized_type_check action=maybe_recompile pc=0x000001b9172434e4 method=java.util.HashMap.putVal(ILjava/lang/Object;Ljava/lang/Object;ZZ)Ljava/lang/Object; @ 56 c2
Event: 8.119 Thread 0x000001b96ab00880 DEOPT PACKING pc=0x000001b9172434e4 sp=0x00000037ee8fe030
Event: 8.119 Thread 0x000001b96ab00880 DEOPT UNPACKING pc=0x000001b916c36da2 sp=0x00000037ee8fdf30 mode 2
Event: 8.119 Thread 0x000001b96ab00880 Uncommon trap: trap_request=0xffffffc6 fr.pc=0x000001b9172434e4 relative=0x0000000000000984
Event: 8.119 Thread 0x000001b96ab00880 Uncommon trap: reason=bimorphic_or_optimized_type_check action=maybe_recompile pc=0x000001b9172434e4 method=java.util.HashMap.putVal(ILjava/lang/Object;Ljava/lang/Object;ZZ)Ljava/lang/Object; @ 56 c2
Event: 8.119 Thread 0x000001b96ab00880 DEOPT PACKING pc=0x000001b9172434e4 sp=0x00000037ee8fe030
Event: 8.119 Thread 0x000001b96ab00880 DEOPT UNPACKING pc=0x000001b916c36da2 sp=0x00000037ee8fdf30 mode 2
Event: 8.119 Thread 0x000001b96ab00880 Uncommon trap: trap_request=0xffffffc6 fr.pc=0x000001b9172434e4 relative=0x0000000000000984
Event: 8.119 Thread 0x000001b96ab00880 Uncommon trap: reason=bimorphic_or_optimized_type_check action=maybe_recompile pc=0x000001b9172434e4 method=java.util.HashMap.putVal(ILjava/lang/Object;Ljava/lang/Object;ZZ)Ljava/lang/Object; @ 56 c2
Event: 8.119 Thread 0x000001b96ab00880 DEOPT PACKING pc=0x000001b9172434e4 sp=0x00000037ee8fe030
Event: 8.119 Thread 0x000001b96ab00880 DEOPT UNPACKING pc=0x000001b916c36da2 sp=0x00000037ee8fdf30 mode 2

Classes loaded (20 events):
Event: 8.093 Loading class com/sun/org/apache/xerces/internal/impl/msg/XMLMessages_en_US
Event: 8.093 Loading class com/sun/org/apache/xerces/internal/impl/msg/XMLMessages_en_US done
Event: 8.093 Loading class com/sun/org/apache/xerces/internal/impl/msg/XMLMessages_en_US
Event: 8.093 Loading class com/sun/org/apache/xerces/internal/impl/msg/XMLMessages_en_US done
Event: 8.106 Loading class java/net/Authenticator
Event: 8.106 Loading class java/net/Authenticator done
Event: 8.116 Loading class java/lang/ProcessEnvironment
Event: 8.116 Loading class java/lang/ProcessEnvironment done
Event: 8.118 Loading class java/lang/ProcessEnvironment$NameComparator
Event: 8.118 Loading class java/lang/ProcessEnvironment$NameComparator done
Event: 8.118 Loading class java/lang/ProcessEnvironment$EntryComparator
Event: 8.118 Loading class java/lang/ProcessEnvironment$EntryComparator done
Event: 8.119 Loading class java/lang/ProcessEnvironment$CheckedEntrySet
Event: 8.119 Loading class java/lang/ProcessEnvironment$CheckedEntrySet done
Event: 8.119 Loading class java/lang/ProcessEnvironment$CheckedEntrySet$1
Event: 8.120 Loading class java/lang/ProcessEnvironment$CheckedEntrySet$1 done
Event: 8.120 Loading class java/lang/ProcessEnvironment$CheckedEntry
Event: 8.120 Loading class java/lang/ProcessEnvironment$CheckedEntry done
Event: 8.128 Loading class java/util/UUID$Holder
Event: 8.128 Loading class java/util/UUID$Holder done

Classes unloaded (7 events):
Event: 7.554 Thread 0x000001b90c423580 Unloading class 0x000001b9241aac00 'java/lang/invoke/LambdaForm$MH+0x000001b9241aac00'
Event: 7.554 Thread 0x000001b90c423580 Unloading class 0x000001b9241aa800 'java/lang/invoke/LambdaForm$MH+0x000001b9241aa800'
Event: 7.554 Thread 0x000001b90c423580 Unloading class 0x000001b9241aa400 'java/lang/invoke/LambdaForm$MH+0x000001b9241aa400'
Event: 7.554 Thread 0x000001b90c423580 Unloading class 0x000001b9241aa000 'java/lang/invoke/LambdaForm$MH+0x000001b9241aa000'
Event: 7.554 Thread 0x000001b90c423580 Unloading class 0x000001b9241a9c00 'java/lang/invoke/LambdaForm$BMH+0x000001b9241a9c00'
Event: 7.554 Thread 0x000001b90c423580 Unloading class 0x000001b9241a9800 'java/lang/invoke/LambdaForm$DMH+0x000001b9241a9800'
Event: 7.554 Thread 0x000001b90c423580 Unloading class 0x000001b9241a8400 'java/lang/invoke/LambdaForm$DMH+0x000001b9241a8400'

Classes redefined (0 events):
No events

Internal exceptions (20 events):
Event: 6.914 Thread 0x000001b96ab00880 Exception <a 'java/lang/IncompatibleClassChangeError'{0x00000000d6037800}: Found class java.lang.Object, but interface was expected> (0x00000000d6037800) 
thrown [s\src\hotspot\share\interpreter\linkResolver.cpp, line 840]
Event: 6.938 Thread 0x000001b96ab00880 Exception <a 'java/lang/NoSuchMethodError'{0x00000000d605fa78}: 'java.lang.Object java.lang.invoke.DirectMethodHandle$Holder.invokeSpecial(java.lang.Object, java.lang.Object, java.lang.Object, int, java.lang.Object, java.lang.Object)'> (0x00000000d605fa78) 
thrown [s\src\hotspot\share\interpreter\linkResolver.cpp, line 773]
Event: 6.939 Thread 0x000001b96ab00880 Exception <a 'java/lang/NoSuchMethodError'{0x00000000d6067490}: 'java.lang.Object java.lang.invoke.DirectMethodHandle$Holder.newInvokeSpecial(java.lang.Object, java.lang.Object, java.lang.Object, int, java.lang.Object)'> (0x00000000d6067490) 
thrown [s\src\hotspot\share\interpreter\linkResolver.cpp, line 773]
Event: 6.940 Thread 0x000001b96ab00880 Exception <a 'java/lang/NoSuchMethodError'{0x00000000d606b708}: 'java.lang.Object java.lang.invoke.DirectMethodHandle$Holder.invokeSpecial(java.lang.Object, java.lang.Object, java.lang.Object, java.lang.Object, int, java.lang.Object)'> (0x00000000d606b708) 
thrown [s\src\hotspot\share\interpreter\linkResolver.cpp, line 773]
Event: 6.941 Thread 0x000001b96ab00880 Exception <a 'java/lang/NoSuchMethodError'{0x00000000d606f248}: 'java.lang.Object java.lang.invoke.Invokers$Holder.linkToTargetMethod(java.lang.Object, java.lang.Object, int, java.lang.Object, java.lang.Object)'> (0x00000000d606f248) 
thrown [s\src\hotspot\share\interpreter\linkResolver.cpp, line 773]
Event: 6.942 Thread 0x000001b965832950 Exception <a 'java/lang/NoSuchMethodError'{0x00000000d5f851c8}: 'java.lang.Object java.lang.invoke.DirectMethodHandle$Holder.invokeSpecial(java.lang.Object, java.lang.Object, int, java.lang.Object, java.lang.Object)'> (0x00000000d5f851c8) 
thrown [s\src\hotspot\share\interpreter\linkResolver.cpp, line 773]
Event: 6.972 Thread 0x000001b96ab00880 Exception <a 'java/lang/NoSuchMethodError'{0x00000000d6178118}: 'void java.lang.invoke.DirectMethodHandle$Holder.invokeSpecial(java.lang.Object, java.lang.Object, java.lang.Object, java.lang.Object, java.lang.Object)'> (0x00000000d6178118) 
thrown [s\src\hotspot\share\interpreter\linkResolver.cpp, line 773]
Event: 7.156 Thread 0x000001b96ab00880 Exception <a 'java/lang/NoSuchMethodError'{0x00000000d693ce98}: 'java.lang.Object java.lang.invoke.DirectMethodHandle$Holder.invokeInterface(java.lang.Object, java.lang.Object, java.lang.Object)'> (0x00000000d693ce98) 
thrown [s\src\hotspot\share\interpreter\linkResolver.cpp, line 773]
Event: 7.223 Thread 0x000001b96ab00880 Exception <a 'java/lang/NoSuchMethodError'{0x00000000d6dbec68}: 'java.lang.Object java.lang.invoke.Invokers$Holder.linkToTargetMethod(java.lang.Object, long, java.lang.Object, java.lang.Object)'> (0x00000000d6dbec68) 
thrown [s\src\hotspot\share\interpreter\linkResolver.cpp, line 773]
Event: 7.317 Thread 0x000001b96ab00880 Exception <a 'java/io/FileNotFoundException'{0x00000000d5d51ce8}> (0x00000000d5d51ce8) 
thrown [s\src\hotspot\share\prims\jni.cpp, line 520]
Event: 7.319 Thread 0x000001b96ab00880 Exception <a 'java/lang/NoSuchMethodError'{0x00000000d5d5a2b0}: 'java.lang.Object java.lang.invoke.DirectMethodHandle$Holder.newInvokeSpecial(java.lang.Object, int, java.lang.Object, java.lang.Object)'> (0x00000000d5d5a2b0) 
thrown [s\src\hotspot\share\interpreter\linkResolver.cpp, line 773]
Event: 7.459 Thread 0x000001b96ab00880 Exception <a 'java/lang/NoSuchMethodError'{0x00000000d65d6a70}: 'long java.lang.invoke.Invokers$Holder.invokeExact_MT(java.lang.Object, java.lang.Object)'> (0x00000000d65d6a70) 
thrown [s\src\hotspot\share\interpreter\linkResolver.cpp, line 773]
Event: 7.612 Thread 0x000001b96ab00880 Exception <a 'java/lang/NoSuchMethodError'{0x00000000d5747ac0}: 'double java.lang.invoke.DirectMethodHandle$Holder.invokeStatic(java.lang.Object, java.lang.Object)'> (0x00000000d5747ac0) 
thrown [s\src\hotspot\share\interpreter\linkResolver.cpp, line 773]
Event: 7.613 Thread 0x000001b96ab00880 Exception <a 'java/lang/NoSuchMethodError'{0x00000000d574b150}: 'double java.lang.invoke.DirectMethodHandle$Holder.invokeStaticInit(java.lang.Object, java.lang.Object)'> (0x00000000d574b150) 
thrown [s\src\hotspot\share\interpreter\linkResolver.cpp, line 773]
Event: 7.845 Thread 0x000001b96ab00880 Implicit null exception at 0x000001b91734bc75 to 0x000001b91734bd88
Event: 7.938 Thread 0x000001b96ab00880 Exception <a 'java/io/FileNotFoundException'{0x00000000d5cdab00}> (0x00000000d5cdab00) 
thrown [s\src\hotspot\share\prims\jni.cpp, line 520]
Event: 7.938 Thread 0x000001b96ab00880 Exception <a 'java/io/FileNotFoundException'{0x00000000d5cdbb10}> (0x00000000d5cdbb10) 
thrown [s\src\hotspot\share\prims\jni.cpp, line 520]
Event: 8.088 Thread 0x000001b96ab00880 Exception <a 'java/lang/ClassNotFoundException'{0x00000000d6589990}: com/sun/org/apache/xerces/internal/impl/msg/spi/DOMMessagesProvider> (0x00000000d6589990) 
thrown [s\src\hotspot\share\classfile\systemDictionary.cpp, line 312]
Event: 8.090 Thread 0x000001b96ab00880 Exception <a 'java/lang/ClassNotFoundException'{0x00000000d659b148}: com/sun/org/apache/xerces/internal/impl/msg/spi/XMLSerializerMessagesProvider> (0x00000000d659b148) 
thrown [s\src\hotspot\share\classfile\systemDictionary.cpp, line 312]
Event: 8.091 Thread 0x000001b96ab00880 Exception <a 'java/lang/ClassNotFoundException'{0x00000000d65a8468}: com/sun/org/apache/xerces/internal/impl/msg/spi/XMLMessagesProvider> (0x00000000d65a8468) 
thrown [s\src\hotspot\share\classfile\systemDictionary.cpp, line 312]

ZGC Phase Switch (0 events):
No events

VM Operations (20 events):
Event: 6.838 Executing non-safepoint VM operation: HandshakeAllThreads (Deoptimize)
Event: 6.838 Executing non-safepoint VM operation: HandshakeAllThreads (Deoptimize) done
Event: 7.070 Executing non-safepoint VM operation: HandshakeAllThreads (Deoptimize)
Event: 7.070 Executing non-safepoint VM operation: HandshakeAllThreads (Deoptimize) done
Event: 7.114 Executing non-safepoint VM operation: HandshakeAllThreads (Deoptimize)
Event: 7.114 Executing non-safepoint VM operation: HandshakeAllThreads (Deoptimize) done
Event: 7.121 Executing non-safepoint VM operation: HandshakeAllThreads (Deoptimize)
Event: 7.121 Executing non-safepoint VM operation: HandshakeAllThreads (Deoptimize) done
Event: 7.154 Executing safepoint VM operation: ICBufferFull
Event: 7.155 Executing safepoint VM operation: ICBufferFull done
Event: 7.227 Executing safepoint VM operation: ParallelGCFailedAllocation (Allocation Failure)
Event: 7.234 Executing safepoint VM operation: ParallelGCFailedAllocation (Allocation Failure) done
Event: 7.542 Executing safepoint VM operation: CollectForMetadataAllocation (Metadata GC Threshold)
Event: 7.586 Executing safepoint VM operation: CollectForMetadataAllocation (Metadata GC Threshold) done
Event: 7.761 Executing safepoint VM operation: ParallelGCFailedAllocation (Allocation Failure)
Event: 7.762 Executing safepoint VM operation: ParallelGCFailedAllocation (Allocation Failure) done
Event: 7.930 Executing safepoint VM operation: ParallelGCFailedAllocation (Allocation Failure)
Event: 7.932 Executing safepoint VM operation: ParallelGCFailedAllocation (Allocation Failure) done
Event: 8.118 Executing non-safepoint VM operation: HandshakeAllThreads (Deoptimize)
Event: 8.118 Executing non-safepoint VM operation: HandshakeAllThreads (Deoptimize) done

Memory protections (0 events):
No events

Nmethod flushes (0 events):
No events

Events (20 events):
Event: 2.589 Thread 0x000001b90a175d80 Thread added: 0x000001b96a60fa20
Event: 2.665 Thread 0x000001b96a60fa20 Thread added: 0x000001b96aaffe40
Event: 2.672 Thread 0x000001b90a175d80 Thread added: 0x000001b96ab00880
Event: 2.849 Thread 0x000001b965a95fa0 Thread exited: 0x000001b965a95fa0
Event: 3.050 Thread 0x000001b9657d79d0 Thread added: 0x000001b96a5fade0
Event: 3.051 Thread 0x000001b9657d79d0 Thread added: 0x000001b96ab880f0
Event: 3.325 Thread 0x000001b96ab00880 Thread added: 0x000001b96af1a8e0
Event: 3.872 Thread 0x000001b96a5fade0 Thread exited: 0x000001b96a5fade0
Event: 3.872 Thread 0x000001b96ab880f0 Thread exited: 0x000001b96ab880f0
Event: 5.534 Thread 0x000001b96ab00880 Thread added: 0x000001b96af8a220
Event: 5.633 Thread 0x000001b9657d79d0 Thread added: 0x000001b96a99aa60
Event: 5.633 Thread 0x000001b9657d79d0 Thread added: 0x000001b96a99cc70
Event: 6.124 Thread 0x000001b96a99cc70 Thread exited: 0x000001b96a99cc70
Event: 6.126 Thread 0x000001b96a99aa60 Thread exited: 0x000001b96a99aa60
Event: 6.208 Thread 0x000001b96ab00880 Thread added: 0x000001b96a998f10
Event: 6.565 Thread 0x000001b9657d79d0 Thread added: 0x000001b96582b200
Event: 6.854 Thread 0x000001b96ab00880 Thread added: 0x000001b965834a20
Event: 6.895 Thread 0x000001b96ab00880 Thread added: 0x000001b965832950
Event: 6.944 Thread 0x000001b96ab00880 Thread added: 0x000001b965834390
Event: 8.104 Thread 0x000001b96ab00880 Thread added: 0x000001b9658350b0


Dynamic libraries:
0x00007ff6ab040000 - 0x00007ff6ab04e000 	c:\Users\LENOVO\.cursor\extensions\redhat.java-1.54.0-win32-x64\jre\21.0.10-win32-x86_64\bin\java.exe
0x00007fff9c200000 - 0x00007fff9c467000 	C:\WINDOWS\SYSTEM32\ntdll.dll
0x00007fff70bd0000 - 0x00007fff70bf1000 	C:\Program Files\Avast Software\Avast\aswhook.dll
0x00007fff9af20000 - 0x00007fff9afe9000 	C:\WINDOWS\System32\KERNEL32.DLL
0x00007fff98cf0000 - 0x00007fff990e7000 	C:\WINDOWS\System32\KERNELBASE.dll
0x00007fff95f30000 - 0x00007fff95fd0000 	C:\WINDOWS\SYSTEM32\apphelp.dll
0x00007fff99360000 - 0x00007fff994ab000 	C:\WINDOWS\System32\ucrtbase.dll
0x00007fff5e740000 - 0x00007fff5e758000 	c:\Users\LENOVO\.cursor\extensions\redhat.java-1.54.0-win32-x64\jre\21.0.10-win32-x86_64\bin\jli.dll
0x00007fff9b0c0000 - 0x00007fff9b286000 	C:\WINDOWS\System32\USER32.dll
0x00007fff99560000 - 0x00007fff99587000 	C:\WINDOWS\System32\win32u.dll
0x00007fff9bf00000 - 0x00007fff9bf2b000 	C:\WINDOWS\System32\GDI32.dll
0x00007fff99230000 - 0x00007fff9935c000 	C:\WINDOWS\System32\gdi32full.dll
0x00007fff990f0000 - 0x00007fff99193000 	C:\WINDOWS\System32\msvcp_win.dll
0x00007fff58340000 - 0x00007fff5835e000 	c:\Users\LENOVO\.cursor\extensions\redhat.java-1.54.0-win32-x64\jre\21.0.10-win32-x86_64\bin\VCRUNTIME140.dll
0x00007fff89fd0000 - 0x00007fff8a262000 	C:\WINDOWS\WinSxS\amd64_microsoft.windows.common-controls_6595b64144ccf1df_6.0.26100.8457_none_3e0b2faee331e92d\COMCTL32.dll
0x00007fff9a0b0000 - 0x00007fff9a159000 	C:\WINDOWS\System32\msvcrt.dll
0x00007fff9a870000 - 0x00007fff9a8a2000 	C:\WINDOWS\System32\IMM32.DLL
0x00007fff87d00000 - 0x00007fff87d0c000 	c:\Users\LENOVO\.cursor\extensions\redhat.java-1.54.0-win32-x64\jre\21.0.10-win32-x86_64\bin\vcruntime140_1.dll
0x00007fff36120000 - 0x00007fff361ad000 	c:\Users\LENOVO\.cursor\extensions\redhat.java-1.54.0-win32-x64\jre\21.0.10-win32-x86_64\bin\msvcp140.dll
0x00007ffec4100000 - 0x00007ffec4ea1000 	c:\Users\LENOVO\.cursor\extensions\redhat.java-1.54.0-win32-x64\jre\21.0.10-win32-x86_64\bin\server\jvm.dll
0x00007fff9ad50000 - 0x00007fff9ae06000 	C:\WINDOWS\System32\ADVAPI32.dll
0x00007fff9be40000 - 0x00007fff9bee7000 	C:\WINDOWS\System32\sechost.dll
0x00007fff99f80000 - 0x00007fff9a098000 	C:\WINDOWS\System32\RPCRT4.dll
0x00007fff9a160000 - 0x00007fff9a1e0000 	C:\WINDOWS\System32\WS2_32.dll
0x00007fff989e0000 - 0x00007fff98a3e000 	C:\WINDOWS\SYSTEM32\POWRPROF.dll
0x00007fff7e020000 - 0x00007fff7e056000 	C:\WINDOWS\SYSTEM32\WINMM.dll
0x00007fff926d0000 - 0x00007fff926db000 	C:\WINDOWS\SYSTEM32\VERSION.dll
0x00007fff989c0000 - 0x00007fff989d4000 	C:\WINDOWS\SYSTEM32\UMPDC.dll
0x00007fff97980000 - 0x00007fff9799b000 	C:\WINDOWS\SYSTEM32\kernel.appcore.dll
0x00007fff87bd0000 - 0x00007fff87bda000 	c:\Users\LENOVO\.cursor\extensions\redhat.java-1.54.0-win32-x64\jre\21.0.10-win32-x86_64\bin\jimage.dll
0x00007fff96ba0000 - 0x00007fff96de2000 	C:\WINDOWS\SYSTEM32\DBGHELP.DLL
0x00007fff9a9c0000 - 0x00007fff9ad43000 	C:\WINDOWS\System32\combase.dll
0x00007fff9a8e0000 - 0x00007fff9a9b9000 	C:\WINDOWS\System32\OLEAUT32.dll
0x00007fff88e50000 - 0x00007fff88e8b000 	C:\WINDOWS\SYSTEM32\dbgcore.DLL
0x00007fff994b0000 - 0x00007fff99558000 	C:\WINDOWS\System32\bcryptPrimitives.dll
0x00007fff70080000 - 0x00007fff7008f000 	c:\Users\LENOVO\.cursor\extensions\redhat.java-1.54.0-win32-x64\jre\21.0.10-win32-x86_64\bin\instrument.dll
0x00007fff3ebb0000 - 0x00007fff3ebd0000 	c:\Users\LENOVO\.cursor\extensions\redhat.java-1.54.0-win32-x64\jre\21.0.10-win32-x86_64\bin\java.dll
0x00007fff9b560000 - 0x00007fff9bcce000 	C:\WINDOWS\System32\SHELL32.dll
0x00007fff99710000 - 0x00007fff99f7c000 	C:\WINDOWS\System32\windows.storage.dll
0x00007fff9a700000 - 0x00007fff9a7f6000 	C:\WINDOWS\System32\SHCORE.dll
0x00007fff9a800000 - 0x00007fff9a866000 	C:\WINDOWS\System32\shlwapi.dll
0x00007fff98b50000 - 0x00007fff98b79000 	C:\WINDOWS\SYSTEM32\profapi.dll
0x00007fff38060000 - 0x00007fff38078000 	c:\Users\LENOVO\.cursor\extensions\redhat.java-1.54.0-win32-x64\jre\21.0.10-win32-x86_64\bin\zip.dll
0x00007fff86270000 - 0x00007fff86280000 	C:\Users\LENOVO\.cursor\extensions\redhat.java-1.54.0-win32-x64\jre\21.0.10-win32-x86_64\bin\net.dll
0x00007fff92050000 - 0x00007fff92179000 	C:\WINDOWS\SYSTEM32\WINHTTP.dll
0x00007fff97ed0000 - 0x00007fff97f3c000 	C:\WINDOWS\system32\mswsock.dll
0x00007fff3e5e0000 - 0x00007fff3e5f6000 	C:\Users\LENOVO\.cursor\extensions\redhat.java-1.54.0-win32-x64\jre\21.0.10-win32-x86_64\bin\nio.dll
0x00007fff70000000 - 0x00007fff70010000 	c:\Users\LENOVO\.cursor\extensions\redhat.java-1.54.0-win32-x64\jre\21.0.10-win32-x86_64\bin\verify.dll
0x00007fff29cf0000 - 0x00007fff29d35000 	C:\Users\LENOVO\AppData\Roaming\Cursor\User\globalStorage\redhat.java\1.54.0\config_win\org.eclipse.equinox.launcher\org.eclipse.equinox.launcher.win32.win32.x86_64_1.3.0.v20260203-2149\eclipse_11919.dll
0x00007fff9b290000 - 0x00007fff9b427000 	C:\WINDOWS\System32\ole32.dll
0x00007fff982d0000 - 0x00007fff982eb000 	C:\WINDOWS\SYSTEM32\CRYPTSP.dll
0x00007fff978e0000 - 0x00007fff97919000 	C:\WINDOWS\system32\rsaenh.dll
0x00007fff97f80000 - 0x00007fff97fb3000 	C:\WINDOWS\SYSTEM32\USERENV.dll
0x00007fff98b20000 - 0x00007fff98b4a000 	C:\WINDOWS\SYSTEM32\bcrypt.dll
0x00007fff98130000 - 0x00007fff9813c000 	C:\WINDOWS\SYSTEM32\CRYPTBASE.dll
0x00007fff973c0000 - 0x00007fff973f2000 	C:\WINDOWS\SYSTEM32\IPHLPAPI.DLL
0x00007fff9a0a0000 - 0x00007fff9a0aa000 	C:\WINDOWS\System32\NSI.dll
0x00007fff32ae0000 - 0x00007fff32b29000 	C:\Users\LENOVO\AppData\Local\Temp\jna--2053026509\jna14033873939497961846.dll
0x00007fff9bef0000 - 0x00007fff9bef8000 	C:\WINDOWS\System32\PSAPI.DLL

JVMTI agents:
c:\Users\LENOVO\.cursor\extensions\redhat.java-1.54.0-win32-x64\lombok\lombok-1.18.39-4050.jar path:c:\Users\LENOVO\.cursor\extensions\redhat.java-1.54.0-win32-x64\jre\21.0.10-win32-x86_64\bin\instrument.dll, loaded, initialized, instrumentlib options:none

dbghelp: loaded successfully - version: 4.0.5 - missing functions: none
symbol engine: initialized successfully - sym options: 0x614 - pdb path: .;c:\Users\LENOVO\.cursor\extensions\redhat.java-1.54.0-win32-x64\jre\21.0.10-win32-x86_64\bin;C:\WINDOWS\SYSTEM32;C:\Program Files\Avast Software\Avast;C:\WINDOWS\WinSxS\amd64_microsoft.windows.common-controls_6595b64144ccf1df_6.0.26100.8457_none_3e0b2faee331e92d;c:\Users\LENOVO\.cursor\extensions\redhat.java-1.54.0-win32-x64\jre\21.0.10-win32-x86_64\bin\server;C:\Users\LENOVO\AppData\Roaming\Cursor\User\globalStorage\redhat.java\1.54.0\config_win\org.eclipse.equinox.launcher\org.eclipse.equinox.launcher.win32.win32.x86_64_1.3.0.v20260203-2149;C:\Users\LENOVO\AppData\Local\Temp\jna--2053026509

VM Arguments:
jvm_args: --add-modules=ALL-SYSTEM --add-opens=java.base/java.util=ALL-UNNAMED --add-opens=java.base/java.lang=ALL-UNNAMED --add-opens=java.base/sun.nio.fs=ALL-UNNAMED -Declipse.application=org.eclipse.jdt.ls.core.id1 -Dosgi.bundles.defaultStartLevel=4 -Declipse.product=org.eclipse.jdt.ls.core.product -Djava.import.generatesMetadataFilesAtProjectRoot=false -DDetectVMInstallationsJob.disabled=true -Dfile.encoding=utf8 -XX:+UseParallelGC -XX:GCTimeRatio=4 -XX:AdaptiveSizePolicyWeight=90 -Dsun.zip.disableMemoryMapping=true -Xmx2G -Xms100m -Xlog:disable -javaagent:c:\Users\LENOVO\.cursor\extensions\redhat.java-1.54.0-win32-x64\lombok\lombok-1.18.39-4050.jar -XX:+HeapDumpOnOutOfMemoryError -XX:HeapDumpPath=c:\Users\LENOVO\AppData\Roaming\Cursor\User\workspaceStorage\a78203c44efd8367260fac9b3c4b3b31\redhat.java -Daether.dependencyCollector.impl=bf 
java_command: c:\Users\LENOVO\.cursor\extensions\redhat.java-1.54.0-win32-x64\server\plugins\org.eclipse.equinox.launcher_1.7.100.v20251111-0406.jar -configuration c:\Users\LENOVO\AppData\Roaming\Cursor\User\globalStorage\redhat.java\1.54.0\config_win -data c:\Users\LENOVO\AppData\Roaming\Cursor\User\workspaceStorage\a78203c44efd8367260fac9b3c4b3b31\redhat.java\jdt_ws --pipe=\\.\pipe\lsp-9a64df68c738ae2df81dbbe0eb6720ee-sock
java_class_path (initial): c:\Users\LENOVO\.cursor\extensions\redhat.java-1.54.0-win32-x64\server\plugins\org.eclipse.equinox.launcher_1.7.100.v20251111-0406.jar
Launcher Type: SUN_STANDARD

[Global flags]
    uintx AdaptiveSizePolicyWeight                 = 90                                        {product} {command line}
     intx CICompilerCount                          = 4                                         {product} {ergonomic}
    uintx GCTimeRatio                              = 4                                         {product} {command line}
     bool HeapDumpOnOutOfMemoryError               = true                                   {manageable} {command line}
    ccstr HeapDumpPath                             = c:\Users\LENOVO\AppData\Roaming\Cursor\User\workspaceStorage\a78203c44efd8367260fac9b3c4b3b31\redhat.java         {manageable} {command line}
   size_t InitialHeapSize                          = 104857600                                 {product} {command line}
   size_t MaxHeapSize                              = 2147483648                                {product} {command line}
   size_t MaxNewSize                               = 715653120                                 {product} {ergonomic}
   size_t MinHeapDeltaBytes                        = 524288                                    {product} {ergonomic}
   size_t MinHeapSize                              = 104857600                                 {product} {command line}
   size_t NewSize                                  = 34603008                                  {product} {ergonomic}
    uintx NonNMethodCodeHeapSize                   = 5839372                                {pd product} {ergonomic}
    uintx NonProfiledCodeHeapSize                  = 122909434                              {pd product} {ergonomic}
   size_t OldSize                                  = 70254592                                  {product} {ergonomic}
    uintx ProfiledCodeHeapSize                     = 122909434                              {pd product} {ergonomic}
    uintx ReservedCodeCacheSize                    = 251658240                              {pd product} {ergonomic}
     bool SegmentedCodeCache                       = true                                      {product} {ergonomic}
   size_t SoftMaxHeapSize                          = 2147483648                             {manageable} {ergonomic}
     bool UseCompressedOops                        = true                           {product lp64_product} {ergonomic}
     bool UseLargePagesIndividualAllocation        = false                                  {pd product} {ergonomic}
     bool UseParallelGC                            = true                                      {product} {command line}

Logging:
Log output configuration:
 #0: stdout all=off uptime,level,tags foldmultilines=false
 #1: stderr all=off uptime,level,tags foldmultilines=false

Release file:
JAVA_VERSION="21.0.10" 
MODULES="java.base java.compiler java.datatransfer java.xml java.prefs java.desktop java.instrument java.logging java.management java.security.sasl java.naming java.rmi java.management.rmi java.net.http java.scripting java.security.jgss java.transaction.xa java.sql java.sql.rowset java.xml.crypto java.se java.smartcardio jdk.accessibility jdk.internal.jvmstat jdk.attach jdk.charsets jdk.internal.opt jdk.zipfs jdk.compiler jdk.crypto.ec jdk.crypto.cryptoki jdk.crypto.mscapi jdk.dynalink jdk.internal.ed jdk.editpad jdk.hotspot.agent jdk.httpserver jdk.internal.le jdk.internal.vm.ci jdk.internal.vm.compiler jdk.internal.vm.compiler.management jdk.jartool jdk.javadoc jdk.jcmd jdk.management jdk.management.agent jdk.jconsole jdk.jdeps jdk.jdwp.agent jdk.jdi jdk.jfr jdk.jshell jdk.jsobject jdk.jstatd jdk.localedata jdk.management.jfr jdk.naming.dns jdk.naming.rmi jdk.net jdk.nio.mapmode jdk.random jdk.sctp jdk.security.auth jdk.security.jgss jdk.unsupported jdk.unsupported.desktop jdk.xml.dom" 

Environment Variables:
JAVA_HOME=C:\Program Files\Java\jdk-25
PATH=C:\Program Files\Common Files\Oracle\Java\javapath;C:\Program Files (x86)\Common Files\Oracle\Java\java8path;C:\Program Files (x86)\Common Files\Oracle\Java\javapath;C:\WINDOWS\system32;C:\WINDOWS;C:\WINDOWS\System32\Wbem;C:\WINDOWS\System32\WindowsPowerShell\v1.0\;C:\WINDOWS\System32\OpenSSH\;C:\Program Files\Git\cmd;C:\Program Files\nodejs\;C:\Program Files\Docker\Docker\resources\bin;C:\Users\LENOVO\AppData\Local\Python\pythoncore-3.14-64\;C:\Users\LENOVO\AppData\Local\Python\pythoncore-3.14-64\Scripts\;C:\Program Files\Java\jdk-25\bin;C:\Users\LENOVO\scoop\apps\openssl\current\bin;C:\Ruby34-x64\bin;C:\Users\LENOVO\scoop\shims;C:\Users\LENOVO\AppData\Local\Microsoft\WindowsApps;C:\Users\LENOVO\AppData\Local\Programs\cursor\resources\app\bin;C:\Users\LENOVO\AppData\Roaming\npm;C:\Users\LENOVO\AppData\Local\JetBrains\Toolbox\scripts;C:\platform-tools;C:\Users\LENOVO\AppData\Local\Python\bin
USERNAME=LENOVO
OS=Windows_NT
PROCESSOR_IDENTIFIER=Intel64 Family 6 Model 140 Stepping 1, GenuineIntel
TMP=C:\Users\LENOVO\AppData\Local\Temp
TEMP=C:\Users\LENOVO\AppData\Local\Temp




Periodic native trim disabled

---------------  S Y S T E M  ---------------

OS:
 Windows 11 , 64 bit Build 26100 (10.0.26100.8328)
OS uptime: 1 days 6:54 hours
Hyper-V role detected

CPU: total 8 (initial active 8) (4 cores per cpu, 2 threads per core) family 6 model 140 stepping 1 microcode 0x8a, cx8, cmov, fxsr, ht, mmx, 3dnowpref, sse, sse2, sse3, ssse3, sse4.1, sse4.2, popcnt, lzcnt, tsc, tscinvbit, avx, avx2, aes, erms, clmul, bmi1, bmi2, adx, avx512f, avx512dq, avx512cd, avx512bw, avx512vl, sha, fma, vzeroupper, avx512_vpopcntdq, avx512_vpclmulqdq, avx512_vaes, avx512_vnni, clflush, clflushopt, clwb, avx512_vbmi2, avx512_vbmi, hv, rdtscp, rdpid, fsrm, gfni, avx512_bitalg, f16c, cet_ibt, cet_ss, avx512_ifma
Processor Information for the first 8 processors :
  Max Mhz: 2419, Current Mhz: 2419, Mhz Limit: 2419

Memory: 4k page, system-wide physical 20279M (2243M free)
TotalPageFile size 32958M (AvailPageFile size 4M)
current process WorkingSet (physical memory assigned to process): 170M, peak: 171M
current process commit charge ("private bytes"): 298M, peak: 300M

vm_info: OpenJDK 64-Bit Server VM (21.0.10+7-LTS) for windows-amd64 JRE (21.0.10+7-LTS), built on 2026-01-20T00:00:00Z by "admin" with MS VC++ 17.12 (VS2022)

END.
