#
# There is insufficient memory for the Java Runtime Environment to continue.
# Native memory allocation (malloc) failed to allocate 131616 bytes. Error detail: Chunk::new
# Possible reasons:
#   The system is out of physical RAM or swap space
#   This process is running with CompressedOops enabled, and the Java Heap may be blocking the growth of the native heap
# Possible solutions:
#   Reduce memory load on the system
#   Increase physical memory or swap space
#   Check if swap backing store is full
#   Decrease Java heap size (-Xmx/-Xms)
#   Decrease number of Java threads
#   Decrease Java thread stack sizes (-Xss)
#   Set larger code cache with -XX:ReservedCodeCacheSize=
#   JVM is running with Unscaled Compressed Oops mode in which the Java heap is
#     placed in the first 4GB address space. The Java Heap base address is the
#     maximum limit for the native heap growth. Please use -XX:HeapBaseMinAddress
#     to set the Java Heap base and to place the Java Heap above 4GB virtual address.
# This output file may be truncated or incomplete.
#
#  Out of Memory Error (arena.cpp:168), pid=15412, tid=11004
#
# JRE version: OpenJDK Runtime Environment Temurin-21.0.10+7 (21.0.10+7) (build 21.0.10+7-LTS)
# Java VM: OpenJDK 64-Bit Server VM Temurin-21.0.10+7 (21.0.10+7-LTS, mixed mode, sharing, tiered, compressed oops, compressed class ptrs, parallel gc, windows-amd64)
# No core dump will be written. Minidumps are not enabled by default on client versions of Windows
#

---------------  S U M M A R Y ------------

Command Line: --add-modules=ALL-SYSTEM --add-opens=java.base/java.util=ALL-UNNAMED --add-opens=java.base/java.lang=ALL-UNNAMED --add-opens=java.base/sun.nio.fs=ALL-UNNAMED -Declipse.application=org.eclipse.jdt.ls.core.id1 -Dosgi.bundles.defaultStartLevel=4 -Declipse.product=org.eclipse.jdt.ls.core.product -Djava.import.generatesMetadataFilesAtProjectRoot=false -DDetectVMInstallationsJob.disabled=true -Dfile.encoding=utf8 -XX:+UseParallelGC -XX:GCTimeRatio=4 -XX:AdaptiveSizePolicyWeight=90 -Dsun.zip.disableMemoryMapping=true -Xmx2G -Xms100m -Xlog:disable -javaagent:c:\Users\LENOVO\.cursor\extensions\redhat.java-1.54.0-win32-x64\lombok\lombok-1.18.39-4050.jar c:\Users\LENOVO\.cursor\extensions\redhat.java-1.54.0-win32-x64\server\plugins\org.eclipse.equinox.launcher_1.7.100.v20251111-0406.jar -configuration c:\Users\LENOVO\AppData\Roaming\Cursor\User\globalStorage\redhat.java\1.54.0\config_ss_win -data c:\Users\LENOVO\AppData\Roaming\Cursor\User\workspaceStorage\a78203c44efd8367260fac9b3c4b3b31\redhat.java\ss_ws --pipe=\\.\pipe\lsp-3da03b585eaef42d9a755a1ebd0bdf61-sock

Host: 11th Gen Intel(R) Core(TM) i5-1135G7 @ 2.40GHz, 8 cores, 19G,  Windows 11 , 64 bit Build 26100 (10.0.26100.8246)
Time: Tue Apr 21 01:34:49 2026 W. Central Africa Standard Time elapsed time: 0.887865 seconds (0d 0h 0m 0s)

---------------  T H R E A D  ---------------

Current thread (0x000002217ad21b90):  JavaThread "C2 CompilerThread2" daemon [_thread_in_native, id=11004, stack(0x0000007ca6200000,0x0000007ca6300000) (1024K)]


Current CompileTask:
C2:887  936       4       java.util.HashMap::put (13 bytes)

Stack: [0x0000007ca6200000,0x0000007ca6300000]
Native frames: (J=compiled Java code, j=interpreted, Vv=VM code, C=native code)
V  [jvm.dll+0x6d7a39]
V  [jvm.dll+0x8b4b26]
V  [jvm.dll+0x8b70de]
V  [jvm.dll+0x8b77c3]
V  [jvm.dll+0x284346]
V  [jvm.dll+0xc66ed]
V  [jvm.dll+0xc6c31]
V  [jvm.dll+0x2fb29e]
V  [jvm.dll+0x5fe884]
V  [jvm.dll+0x255b17]
V  [jvm.dll+0x24dc0b]
V  [jvm.dll+0x24ba42]
V  [jvm.dll+0x1cb34e]
V  [jvm.dll+0x25b85d]
V  [jvm.dll+0x259dea]
V  [jvm.dll+0x3f857e]
V  [jvm.dll+0x85f59d]
V  [jvm.dll+0x6d626d]
C  [ucrtbase.dll+0x37b0]
C  [KERNEL32.DLL+0x2e8d7]
C  [ntdll.dll+0x8c3fc]


---------------  P R O C E S S  ---------------

Threads class SMR info:
_java_thread_list=0x000002217acfebc0, length=13, elements={
0x0000022162793bd0, 0x0000022162706860, 0x0000022162709250, 0x0000022162712470,
0x0000022162713120, 0x0000022162716400, 0x0000022162718270, 0x00000221627256a0,
0x00000221627268e0, 0x000002217aba7f00, 0x000002217aba6f40, 0x000002217ad16e00,
0x000002217ad21b90
}

Java Threads: ( => current thread )
  0x0000022162793bd0 JavaThread "main"                              [_thread_in_Java, id=30440, stack(0x0000007ca5300000,0x0000007ca5400000) (1024K)]
  0x0000022162706860 JavaThread "Reference Handler"          daemon [_thread_blocked, id=14804, stack(0x0000007ca5700000,0x0000007ca5800000) (1024K)]
  0x0000022162709250 JavaThread "Finalizer"                  daemon [_thread_blocked, id=11860, stack(0x0000007ca5800000,0x0000007ca5900000) (1024K)]
  0x0000022162712470 JavaThread "Signal Dispatcher"          daemon [_thread_blocked, id=30268, stack(0x0000007ca5900000,0x0000007ca5a00000) (1024K)]
  0x0000022162713120 JavaThread "Attach Listener"            daemon [_thread_blocked, id=14616, stack(0x0000007ca5a00000,0x0000007ca5b00000) (1024K)]
  0x0000022162716400 JavaThread "Service Thread"             daemon [_thread_blocked, id=25592, stack(0x0000007ca5b00000,0x0000007ca5c00000) (1024K)]
  0x0000022162718270 JavaThread "Monitor Deflation Thread"   daemon [_thread_blocked, id=4140, stack(0x0000007ca5c00000,0x0000007ca5d00000) (1024K)]
  0x00000221627256a0 JavaThread "C2 CompilerThread0"         daemon [_thread_in_native, id=23392, stack(0x0000007ca5d00000,0x0000007ca5e00000) (1024K)]
  0x00000221627268e0 JavaThread "C1 CompilerThread0"         daemon [_thread_blocked, id=27192, stack(0x0000007ca5e00000,0x0000007ca5f00000) (1024K)]
  0x000002217aba7f00 JavaThread "C2 CompilerThread1"         daemon [_thread_in_native, id=24424, stack(0x0000007ca5f00000,0x0000007ca6000000) (1024K)]
  0x000002217aba6f40 JavaThread "Common-Cleaner"             daemon [_thread_blocked, id=24740, stack(0x0000007ca6000000,0x0000007ca6100000) (1024K)]
  0x000002217ad16e00 JavaThread "Notification Thread"        daemon [_thread_blocked, id=21840, stack(0x0000007ca6100000,0x0000007ca6200000) (1024K)]
=>0x000002217ad21b90 JavaThread "C2 CompilerThread2"         daemon [_thread_in_native, id=11004, stack(0x0000007ca6200000,0x0000007ca6300000) (1024K)]
Total: 13

Other Threads:
  0x0000022162701d40 VMThread "VM Thread"                           [id=22972, stack(0x0000007ca5600000,0x0000007ca5700000) (1024K)]
  0x00000221628007c0 WatcherThread "VM Periodic Task Thread"        [id=20392, stack(0x0000007ca5500000,0x0000007ca5600000) (1024K)]
  0x00000221627b1c60 WorkerThread "GC Thread#0"                     [id=27256, stack(0x0000007ca5400000,0x0000007ca5500000) (1024K)]
Total: 3

Threads with active compile tasks:
C2 CompilerThread0  927  941       4       java.util.jar.Manifest$FastInputStream::readLine (296 bytes)
C2 CompilerThread1  927  976   !   4       java.util.jar.Attributes::read (494 bytes)
C2 CompilerThread2  927  936       4       java.util.HashMap::put (13 bytes)
Total: 3

VM state: not at safepoint (normal execution)

VM Mutex/Monitor currently owned by a thread: None

Heap address: 0x0000000080000000, size: 2048 MB, Compressed Oops mode: 32-bit

CDS archive(s) mapped at: [0x0000022100000000-0x0000022100ba0000-0x0000022100ba0000), size 12189696, SharedBaseAddress: 0x0000022100000000, ArchiveRelocationMode: 1.
Compressed class space mapped at: 0x0000022101000000-0x0000022141000000, reserved size: 1073741824
Narrow klass base: 0x0000022100000000, Narrow klass shift: 0, Narrow klass range: 0x100000000

GC Precious Log:
 CardTable entry size: 512
 CPUs: 8 total, 8 available
 Memory: 20279M
 Large Page Support: Disabled
 NUMA Support: Disabled
 Compressed Oops: Enabled (32-bit)
 Alignments: Space 512K, Generation 512K, Heap 2M
 Heap Min Capacity: 100M
 Heap Initial Capacity: 100M
 Heap Max Capacity: 2G
 Pre-touch: Disabled
 Parallel Workers: 8

Heap:
 PSYoungGen      total 29696K, used 20555K [0x00000000d5580000, 0x00000000d7680000, 0x0000000100000000)
  eden space 25600K, 80% used [0x00000000d5580000,0x00000000d6992c50,0x00000000d6e80000)
  from space 4096K, 0% used [0x00000000d7280000,0x00000000d7280000,0x00000000d7680000)
  to   space 4096K, 0% used [0x00000000d6e80000,0x00000000d6e80000,0x00000000d7280000)
 ParOldGen       total 68608K, used 0K [0x0000000080000000, 0x0000000084300000, 0x00000000d5580000)
  object space 68608K, 0% used [0x0000000080000000,0x0000000080000000,0x0000000084300000)
 Metaspace       used 3629K, committed 3904K, reserved 1114112K
  class space    used 394K, committed 512K, reserved 1048576K

Card table byte_map: [0x0000022162130000,0x0000022162540000] _byte_map_base: 0x0000022161d30000

Marking Bits: (ParMarkBitMap*) 0x00007ff875583450
 Begin Bits: [0x0000022174c40000, 0x0000022176c40000)
 End Bits:   [0x0000022176c40000, 0x0000022178c40000)

Polling page: 0x00000221605d0000

Metaspace:

Usage:
  Non-class:      3.16 MB used.
      Class:    394.87 KB used.
       Both:      3.54 MB used.

Virtual space:
  Non-class space:       64.00 MB reserved,       3.31 MB (  5%) committed,  1 nodes.
      Class space:        1.00 GB reserved,     512.00 KB ( <1%) committed,  1 nodes.
             Both:        1.06 GB reserved,       3.81 MB ( <1%) committed. 

Chunk freelists:
   Non-Class:  11.41 MB
       Class:  15.47 MB
        Both:  26.88 MB

MaxMetaspaceSize: unlimited
CompressedClassSpaceSize: 1.00 GB
Initial GC threshold: 21.00 MB
Current GC threshold: 21.00 MB
CDS: on
 - commit_granule_bytes: 65536.
 - commit_granule_words: 8192.
 - virtual_space_node_default_size: 8388608.
 - enlarge_chunks_in_place: 1.
 - use_allocation_guard: 0.


Internal statistics:

num_allocs_failed_limit: 0.
num_arena_births: 172.
num_arena_deaths: 0.
num_vsnodes_births: 2.
num_vsnodes_deaths: 0.
num_space_committed: 61.
num_space_uncommitted: 0.
num_chunks_returned_to_freelist: 0.
num_chunks_taken_from_freelist: 221.
num_chunk_merges: 0.
num_chunk_splits: 143.
num_chunks_enlarged: 78.
num_inconsistent_stats: 0.

CodeHeap 'non-profiled nmethods': size=120000Kb used=365Kb max_used=365Kb free=119634Kb
 bounds [0x000002216d460000, 0x000002216d6d0000, 0x0000022174990000]
CodeHeap 'profiled nmethods': size=120000Kb used=1551Kb max_used=1551Kb free=118448Kb
 bounds [0x0000022165990000, 0x0000022165c00000, 0x000002216cec0000]
CodeHeap 'non-nmethods': size=5760Kb used=1201Kb max_used=1218Kb free=4559Kb
 bounds [0x000002216cec0000, 0x000002216d130000, 0x000002216d460000]
CodeCache: size=245760Kb, used=3117Kb, max_used=3134Kb, free=242641Kb
 total_blobs=1436, nmethods=985, adapters=358, full_count=0
Compilation: enabled, stopped_count=0, restarted_count=0

Compilation events (20 events):
Event: 0.882 Thread 0x00000221627268e0 nmethod 930 0x0000022165af1d90 code [0x0000022165af1f80, 0x0000022165af2420]
Event: 0.882 Thread 0x00000221627268e0  931       3       java.util.jar.Manifest$FastInputStream::readLine (9 bytes)
Event: 0.882 Thread 0x000002217ad21b90  936       4       java.util.HashMap::put (13 bytes)
Event: 0.882 Thread 0x00000221627268e0 nmethod 931 0x0000022165af2610 code [0x0000022165af27c0, 0x0000022165af2920]
Event: 0.882 Thread 0x00000221627268e0  935       3       java.util.LinkedHashMap::linkNodeAtEnd (76 bytes)
Event: 0.882 Thread 0x00000221627268e0 nmethod 935 0x0000022165af2a10 code [0x0000022165af2bc0, 0x0000022165af2ed0]
Event: 0.882 Thread 0x00000221627268e0  938       3       java.util.jar.Manifest::toLower (24 bytes)
Event: 0.882 Thread 0x00000221627268e0 nmethod 938 0x0000022165af3010 code [0x0000022165af31c0, 0x0000022165af3348]
Event: 0.882 Thread 0x00000221627268e0  932       3       java.lang.String::<init> (22 bytes)
Event: 0.883 Thread 0x00000221627268e0 nmethod 932 0x0000022165af3410 code [0x0000022165af3600, 0x0000022165af3a60]
Event: 0.883 Thread 0x00000221627268e0  937       3       java.util.jar.Manifest$FastInputStream::peek (38 bytes)
Event: 0.883 Thread 0x00000221627268e0 nmethod 937 0x0000022165af3c90 code [0x0000022165af3e40, 0x0000022165af4050]
Event: 0.883 Thread 0x00000221627256a0  941       4       java.util.jar.Manifest$FastInputStream::readLine (296 bytes)
Event: 0.883 Thread 0x00000221627268e0  934       3       java.util.LinkedHashMap::afterNodeInsertion (40 bytes)
Event: 0.883 Thread 0x00000221627268e0 nmethod 934 0x0000022165af4190 code [0x0000022165af4340, 0x0000022165af4518]
Event: 0.883 Thread 0x00000221627268e0  933       1       java.util.jar.Attributes$Name::hashCode (5 bytes)
Event: 0.883 Thread 0x00000221627268e0 nmethod 933 0x000002216d4b9310 code [0x000002216d4b94a0, 0x000002216d4b9568]
Event: 0.883 Thread 0x00000221627268e0  940       3       java.io.OutputStream::<init> (5 bytes)
Event: 0.884 Thread 0x00000221627268e0 nmethod 940 0x0000022165af4610 code [0x0000022165af47c0, 0x0000022165af4928]
Event: 0.884 Thread 0x00000221627268e0  944   !   3       java.util.jar.Attributes::read (494 bytes)

GC Heap History (0 events):
No events

Dll operation events (8 events):
Event: 0.013 Loaded shared library c:\Users\LENOVO\.cursor\extensions\redhat.java-1.54.0-win32-x64\jre\21.0.10-win32-x86_64\bin\java.dll
Event: 0.089 Loaded shared library c:\Users\LENOVO\.cursor\extensions\redhat.java-1.54.0-win32-x64\jre\21.0.10-win32-x86_64\bin\zip.dll
Event: 0.108 Loaded shared library C:\Users\LENOVO\.cursor\extensions\redhat.java-1.54.0-win32-x64\jre\21.0.10-win32-x86_64\bin\instrument.dll
Event: 0.113 Loaded shared library C:\Users\LENOVO\.cursor\extensions\redhat.java-1.54.0-win32-x64\jre\21.0.10-win32-x86_64\bin\net.dll
Event: 0.114 Loaded shared library C:\Users\LENOVO\.cursor\extensions\redhat.java-1.54.0-win32-x64\jre\21.0.10-win32-x86_64\bin\nio.dll
Event: 0.117 Loaded shared library C:\Users\LENOVO\.cursor\extensions\redhat.java-1.54.0-win32-x64\jre\21.0.10-win32-x86_64\bin\zip.dll
Event: 0.172 Loaded shared library C:\Users\LENOVO\.cursor\extensions\redhat.java-1.54.0-win32-x64\jre\21.0.10-win32-x86_64\bin\jimage.dll
Event: 0.301 Loaded shared library c:\Users\LENOVO\.cursor\extensions\redhat.java-1.54.0-win32-x64\jre\21.0.10-win32-x86_64\bin\verify.dll

Deoptimization events (20 events):
Event: 0.647 Thread 0x0000022162793bd0 DEOPT PACKING pc=0x0000022165a8c704 sp=0x0000007ca53fd730
Event: 0.647 Thread 0x0000022162793bd0 DEOPT UNPACKING pc=0x000002216cf178e2 sp=0x0000007ca53fcb88 mode 0
Event: 0.647 Thread 0x0000022162793bd0 DEOPT PACKING pc=0x0000022165a8c704 sp=0x0000007ca53fd7c0
Event: 0.647 Thread 0x0000022162793bd0 DEOPT UNPACKING pc=0x000002216cf178e2 sp=0x0000007ca53fcc18 mode 0
Event: 0.647 Thread 0x0000022162793bd0 DEOPT PACKING pc=0x0000022165a8c704 sp=0x0000007ca53fd7c0
Event: 0.647 Thread 0x0000022162793bd0 DEOPT UNPACKING pc=0x000002216cf178e2 sp=0x0000007ca53fcc18 mode 0
Event: 0.647 Thread 0x0000022162793bd0 Uncommon trap: trap_request=0xffffff6e fr.pc=0x000002216d49d9e8 relative=0x0000000000000348
Event: 0.647 Thread 0x0000022162793bd0 Uncommon trap: reason=loop_limit_check action=maybe_recompile pc=0x000002216d49d9e8 method=java.math.BigInteger.implMulAdd([I[IIII)I @ 26 c2
Event: 0.647 Thread 0x0000022162793bd0 DEOPT PACKING pc=0x000002216d49d9e8 sp=0x0000007ca53fd740
Event: 0.647 Thread 0x0000022162793bd0 DEOPT UNPACKING pc=0x000002216cf16da2 sp=0x0000007ca53fd690 mode 2
Event: 0.767 Thread 0x0000022162793bd0 Uncommon trap: trap_request=0xffffff45 fr.pc=0x000002216d4a132c relative=0x000000000000008c
Event: 0.767 Thread 0x0000022162793bd0 Uncommon trap: reason=unstable_if action=reinterpret pc=0x000002216d4a132c method=jdk.internal.misc.Unsafe.convEndian(ZI)I @ 4 c2
Event: 0.767 Thread 0x0000022162793bd0 DEOPT PACKING pc=0x000002216d4a132c sp=0x0000007ca53fdaa0
Event: 0.767 Thread 0x0000022162793bd0 DEOPT UNPACKING pc=0x000002216cf16da2 sp=0x0000007ca53fd9d0 mode 2
Event: 0.769 Thread 0x0000022162793bd0 Uncommon trap: trap_request=0xffffff45 fr.pc=0x000002216d48e0bc relative=0x000000000000065c
Event: 0.769 Thread 0x0000022162793bd0 Uncommon trap: reason=unstable_if action=reinterpret pc=0x000002216d48e0bc method=java.lang.AbstractStringBuilder.append(Ljava/lang/String;)Ljava/lang/AbstractStringBuilder; @ 1 c2
Event: 0.769 Thread 0x0000022162793bd0 DEOPT PACKING pc=0x000002216d48e0bc sp=0x0000007ca53fde00
Event: 0.769 Thread 0x0000022162793bd0 DEOPT UNPACKING pc=0x000002216cf16da2 sp=0x0000007ca53fdd90 mode 2
Event: 0.794 Thread 0x0000022162793bd0 DEOPT PACKING pc=0x0000022165aa27dd sp=0x0000007ca53fd2e0
Event: 0.794 Thread 0x0000022162793bd0 DEOPT UNPACKING pc=0x000002216cf178e2 sp=0x0000007ca53fc758 mode 0

Classes loaded (20 events):
Event: 0.865 Loading class sun/nio/fs/WindowsFileSystemProvider$1
Event: 0.865 Loading class sun/nio/fs/WindowsFileSystemProvider$1 done
Event: 0.865 Loading class sun/nio/fs/WindowsLinkSupport
Event: 0.865 Loading class sun/nio/fs/WindowsLinkSupport done
Event: 0.866 Loading class sun/nio/fs/WindowsAclFileAttributeView
Event: 0.866 Loading class sun/nio/fs/AbstractAclFileAttributeView
Event: 0.866 Loading class java/nio/file/attribute/AclFileAttributeView
Event: 0.866 Loading class java/nio/file/attribute/FileOwnerAttributeView
Event: 0.866 Loading class java/nio/file/attribute/FileOwnerAttributeView done
Event: 0.866 Loading class java/nio/file/attribute/AclFileAttributeView done
Event: 0.866 Loading class sun/nio/fs/AbstractAclFileAttributeView done
Event: 0.866 Loading class sun/nio/fs/WindowsAclFileAttributeView done
Event: 0.867 Loading class sun/nio/fs/WindowsSecurity
Event: 0.867 Loading class sun/nio/fs/WindowsSecurity done
Event: 0.867 Loading class sun/nio/fs/WindowsFileStore
Event: 0.868 Loading class java/nio/file/FileStore
Event: 0.868 Loading class java/nio/file/FileStore done
Event: 0.868 Loading class sun/nio/fs/WindowsFileStore done
Event: 0.875 Loading class java/net/URLClassLoader$1
Event: 0.875 Loading class java/net/URLClassLoader$1 done

Classes unloaded (0 events):
No events

Classes redefined (0 events):
No events

Internal exceptions (20 events):
Event: 0.239 Thread 0x0000022162793bd0 Exception <a 'java/lang/NoSuchMethodError'{0x00000000d59e8428}: 'void java.lang.invoke.DelegatingMethodHandle$Holder.reinvoke_L(java.lang.Object, java.lang.Object, java.lang.Object, int, java.lang.Object)'> (0x00000000d59e8428) 
thrown [s\src\hotspot\share\interpreter\linkResolver.cpp, line 773]
Event: 0.249 Thread 0x0000022162793bd0 Exception <a 'java/lang/NoSuchMethodError'{0x00000000d59f8d78}: 'int java.lang.invoke.DirectMethodHandle$Holder.invokeSpecial(java.lang.Object, java.lang.Object, java.lang.Object)'> (0x00000000d59f8d78) 
thrown [s\src\hotspot\share\interpreter\linkResolver.cpp, line 773]
Event: 0.252 Thread 0x0000022162793bd0 Exception <a 'java/lang/NoSuchMethodError'{0x00000000d5a04a38}: 'java.lang.Object java.lang.invoke.DirectMethodHandle$Holder.invokeStatic(java.lang.Object, java.lang.Object, int)'> (0x00000000d5a04a38) 
thrown [s\src\hotspot\share\interpreter\linkResolver.cpp, line 773]
Event: 0.256 Thread 0x0000022162793bd0 Exception <a 'java/lang/NoSuchMethodError'{0x00000000d5a09388}: 'void java.lang.invoke.DirectMethodHandle$Holder.invokeStatic(java.lang.Object, java.lang.Object, int, java.lang.Object)'> (0x00000000d5a09388) 
thrown [s\src\hotspot\share\interpreter\linkResolver.cpp, line 773]
Event: 0.256 Thread 0x0000022162793bd0 Exception <a 'java/lang/NoSuchMethodError'{0x00000000d5a0cf18}: 'void java.lang.invoke.DirectMethodHandle$Holder.invokeSpecial(java.lang.Object, java.lang.Object, java.lang.Object, int, java.lang.Object)'> (0x00000000d5a0cf18) 
thrown [s\src\hotspot\share\interpreter\linkResolver.cpp, line 773]
Event: 0.258 Thread 0x0000022162793bd0 Exception <a 'java/lang/NoSuchMethodError'{0x00000000d5a10388}: 'void java.lang.invoke.DelegatingMethodHandle$Holder.delegate(java.lang.Object, java.lang.Object, int, java.lang.Object)'> (0x00000000d5a10388) 
thrown [s\src\hotspot\share\interpreter\linkResolver.cpp, line 773]
Event: 0.337 Thread 0x0000022162793bd0 Exception <a 'java/lang/NoSuchMethodError'{0x00000000d5bcf2b8}: 'void java.lang.invoke.DelegatingMethodHandle$Holder.reinvoke_L(java.lang.Object, java.lang.Object, java.lang.Object, int)'> (0x00000000d5bcf2b8) 
thrown [s\src\hotspot\share\interpreter\linkResolver.cpp, line 773]
Event: 0.493 Thread 0x0000022162793bd0 Exception <a 'java/lang/NoSuchMethodError'{0x00000000d605aea0}: 'void java.lang.invoke.DirectMethodHandle$Holder.invokeVirtual(java.lang.Object, java.lang.Object)'> (0x00000000d605aea0) 
thrown [s\src\hotspot\share\interpreter\linkResolver.cpp, line 773]
Event: 0.713 Thread 0x0000022162793bd0 Exception <a 'java/lang/NoSuchMethodError'{0x00000000d64401c8}: 'void java.lang.invoke.DirectMethodHandle$Holder.invokeStatic(java.lang.Object, java.lang.Object)'> (0x00000000d64401c8) 
thrown [s\src\hotspot\share\interpreter\linkResolver.cpp, line 773]
Event: 0.729 Thread 0x0000022162793bd0 Exception <a 'java/lang/ClassNotFoundException'{0x00000000d64682c8}: sun/net/www/protocol/c/Handler> (0x00000000d64682c8) 
thrown [s\src\hotspot\share\classfile\systemDictionary.cpp, line 312]
Event: 0.761 Thread 0x0000022162793bd0 Exception <a 'java/io/FileNotFoundException'{0x00000000d64c6710}> (0x00000000d64c6710) 
thrown [s\src\hotspot\share\prims\jni.cpp, line 520]
Event: 0.762 Thread 0x0000022162793bd0 Exception <a 'java/io/FileNotFoundException'{0x00000000d64c7a38}> (0x00000000d64c7a38) 
thrown [s\src\hotspot\share\prims\jni.cpp, line 520]
Event: 0.764 Thread 0x0000022162793bd0 Exception <a 'java/io/FileNotFoundException'{0x00000000d64c86b0}> (0x00000000d64c86b0) 
thrown [s\src\hotspot\share\prims\jni.cpp, line 520]
Event: 0.765 Thread 0x0000022162793bd0 Exception <a 'java/io/FileNotFoundException'{0x00000000d64c91f0}> (0x00000000d64c91f0) 
thrown [s\src\hotspot\share\prims\jni.cpp, line 520]
Event: 0.769 Thread 0x0000022162793bd0 Implicit null exception at 0x000002216d48daa4 to 0x000002216d48e0a4
Event: 0.773 Thread 0x0000022162793bd0 Exception <a 'java/io/FileNotFoundException'{0x00000000d65033b0}> (0x00000000d65033b0) 
thrown [s\src\hotspot\share\prims\jni.cpp, line 520]
Event: 0.790 Thread 0x0000022162793bd0 Exception <a 'java/lang/NoSuchMethodError'{0x00000000d653fde0}: 'java.lang.Object java.lang.invoke.DirectMethodHandle$Holder.invokeInterface(java.lang.Object, java.lang.Object)'> (0x00000000d653fde0) 
thrown [s\src\hotspot\share\interpreter\linkResolver.cpp, line 773]
Event: 0.798 Thread 0x0000022162793bd0 Exception <a 'java/lang/NoSuchMethodError'{0x00000000d6553850}: 'java.lang.Object java.lang.invoke.Invokers$Holder.invokeExact_MT(java.lang.Object, java.lang.Object, java.lang.Object, java.lang.Object, java.lang.Object, java.lang.Object)'> (0x00000000d6553850) 
thrown [s\src\hotspot\share\interpreter\linkResolver.cpp, line 773]
Event: 0.809 Thread 0x0000022162793bd0 Exception <a 'java/lang/NoSuchMethodError'{0x00000000d656a928}: 'int java.lang.invoke.DirectMethodHandle$Holder.invokeStatic(java.lang.Object, java.lang.Object, java.lang.Object, java.lang.Object, java.lang.Object)'> (0x00000000d656a928) 
thrown [s\src\hotspot\share\interpreter\linkResolver.cpp, line 773]
Event: 0.842 Thread 0x0000022162793bd0 Exception <a 'java/lang/NoSuchMethodError'{0x00000000d6601970}: 'java.lang.Object java.lang.invoke.DirectMethodHandle$Holder.invokeInterface(java.lang.Object, java.lang.Object, int)'> (0x00000000d6601970) 
thrown [s\src\hotspot\share\interpreter\linkResolver.cpp, line 773]

ZGC Phase Switch (0 events):
No events

VM Operations (6 events):
Event: 0.192 Executing non-safepoint VM operation: HandshakeAllThreads (Deoptimize)
Event: 0.192 Executing non-safepoint VM operation: HandshakeAllThreads (Deoptimize) done
Event: 0.674 Executing non-safepoint VM operation: HandshakeAllThreads (Deoptimize)
Event: 0.674 Executing non-safepoint VM operation: HandshakeAllThreads (Deoptimize) done
Event: 0.686 Executing non-safepoint VM operation: HandshakeAllThreads (Deoptimize)
Event: 0.686 Executing non-safepoint VM operation: HandshakeAllThreads (Deoptimize) done

Memory protections (0 events):
No events

Nmethod flushes (0 events):
No events

Events (13 events):
Event: 0.031 Thread 0x0000022162793bd0 Thread added: 0x0000022162793bd0
Event: 0.055 Thread 0x0000022162793bd0 Thread added: 0x0000022162706860
Event: 0.056 Thread 0x0000022162793bd0 Thread added: 0x0000022162709250
Event: 0.058 Thread 0x0000022162793bd0 Thread added: 0x0000022162712470
Event: 0.058 Thread 0x0000022162793bd0 Thread added: 0x0000022162713120
Event: 0.058 Thread 0x0000022162793bd0 Thread added: 0x0000022162716400
Event: 0.058 Thread 0x0000022162793bd0 Thread added: 0x0000022162718270
Event: 0.058 Thread 0x0000022162793bd0 Thread added: 0x00000221627256a0
Event: 0.058 Thread 0x0000022162793bd0 Thread added: 0x00000221627268e0
Event: 0.099 Thread 0x00000221627268e0 Thread added: 0x000002217aba7f00
Event: 0.109 Thread 0x0000022162793bd0 Thread added: 0x000002217aba6f40
Event: 0.442 Thread 0x0000022162793bd0 Thread added: 0x000002217ad16e00
Event: 0.529 Thread 0x00000221627268e0 Thread added: 0x000002217ad21b90


Dynamic libraries:
0x00007ff6d2cd0000 - 0x00007ff6d2cde000 	c:\Users\LENOVO\.cursor\extensions\redhat.java-1.54.0-win32-x64\jre\21.0.10-win32-x86_64\bin\java.exe
0x00007ff952fa0000 - 0x00007ff953207000 	C:\WINDOWS\SYSTEM32\ntdll.dll
0x00007ff92e730000 - 0x00007ff92e751000 	C:\Program Files\Avast Software\Avast\aswhook.dll
0x00007ff9525d0000 - 0x00007ff952699000 	C:\WINDOWS\System32\KERNEL32.DLL
0x00007ff950800000 - 0x00007ff950bf4000 	C:\WINDOWS\System32\KERNELBASE.dll
0x00007ff950600000 - 0x00007ff95074b000 	C:\WINDOWS\System32\ucrtbase.dll
0x00007ff9371b0000 - 0x00007ff9371c8000 	c:\Users\LENOVO\.cursor\extensions\redhat.java-1.54.0-win32-x64\jre\21.0.10-win32-x86_64\bin\jli.dll
0x00007ff8f5280000 - 0x00007ff8f529e000 	c:\Users\LENOVO\.cursor\extensions\redhat.java-1.54.0-win32-x64\jre\21.0.10-win32-x86_64\bin\VCRUNTIME140.dll
0x00007ff9515a0000 - 0x00007ff951765000 	C:\WINDOWS\System32\USER32.dll
0x00007ff94f930000 - 0x00007ff94f957000 	C:\WINDOWS\System32\win32u.dll
0x00007ff93ae50000 - 0x00007ff93b0e3000 	C:\WINDOWS\WinSxS\amd64_microsoft.windows.common-controls_6595b64144ccf1df_6.0.26100.8115_none_3e075c82e3354f9c\COMCTL32.dll
0x00007ff952a80000 - 0x00007ff952aab000 	C:\WINDOWS\System32\GDI32.dll
0x00007ff952c30000 - 0x00007ff952cd9000 	C:\WINDOWS\System32\msvcrt.dll
0x00007ff950c00000 - 0x00007ff950d2b000 	C:\WINDOWS\System32\gdi32full.dll
0x00007ff94f960000 - 0x00007ff94fa03000 	C:\WINDOWS\System32\msvcp_win.dll
0x00007ff950dc0000 - 0x00007ff950df2000 	C:\WINDOWS\System32\IMM32.DLL
0x00007ff93b520000 - 0x00007ff93b52c000 	c:\Users\LENOVO\.cursor\extensions\redhat.java-1.54.0-win32-x64\jre\21.0.10-win32-x86_64\bin\vcruntime140_1.dll
0x00007ff8f2030000 - 0x00007ff8f20bd000 	c:\Users\LENOVO\.cursor\extensions\redhat.java-1.54.0-win32-x64\jre\21.0.10-win32-x86_64\bin\msvcp140.dll
0x00007ff8748c0000 - 0x00007ff875661000 	c:\Users\LENOVO\.cursor\extensions\redhat.java-1.54.0-win32-x64\jre\21.0.10-win32-x86_64\bin\server\jvm.dll
0x00007ff951b50000 - 0x00007ff951c06000 	C:\WINDOWS\System32\ADVAPI32.dll
0x00007ff951c20000 - 0x00007ff951cc7000 	C:\WINDOWS\System32\sechost.dll
0x00007ff952900000 - 0x00007ff952a18000 	C:\WINDOWS\System32\RPCRT4.dll
0x00007ff952de0000 - 0x00007ff952e60000 	C:\WINDOWS\System32\WS2_32.dll
0x00007ff942f70000 - 0x00007ff942f7b000 	C:\WINDOWS\SYSTEM32\VERSION.dll
0x00007ff9321f0000 - 0x00007ff932226000 	C:\WINDOWS\SYSTEM32\WINMM.dll
0x00007ff94f6d0000 - 0x00007ff94f72e000 	C:\WINDOWS\SYSTEM32\POWRPROF.dll
0x00007ff94f6b0000 - 0x00007ff94f6c4000 	C:\WINDOWS\SYSTEM32\UMPDC.dll
0x00007ff94e5c0000 - 0x00007ff94e5db000 	C:\WINDOWS\SYSTEM32\kernel.appcore.dll
0x00007ff93b500000 - 0x00007ff93b50a000 	c:\Users\LENOVO\.cursor\extensions\redhat.java-1.54.0-win32-x64\jre\21.0.10-win32-x86_64\bin\jimage.dll
0x00007ff94d810000 - 0x00007ff94da52000 	C:\WINDOWS\SYSTEM32\DBGHELP.DLL
0x00007ff952240000 - 0x00007ff9525c2000 	C:\WINDOWS\System32\combase.dll
0x00007ff952160000 - 0x00007ff952238000 	C:\WINDOWS\System32\OLEAUT32.dll
0x00007ff9403d0000 - 0x00007ff94040b000 	C:\WINDOWS\SYSTEM32\dbgcore.DLL
0x00007ff950750000 - 0x00007ff9507f5000 	C:\WINDOWS\System32\bcryptPrimitives.dll
0x00007ff92a2b0000 - 0x00007ff92a2bf000 	c:\Users\LENOVO\.cursor\extensions\redhat.java-1.54.0-win32-x64\jre\21.0.10-win32-x86_64\bin\instrument.dll
0x00007ff8f5260000 - 0x00007ff8f5280000 	c:\Users\LENOVO\.cursor\extensions\redhat.java-1.54.0-win32-x64\jre\21.0.10-win32-x86_64\bin\java.dll
0x00007ff950e30000 - 0x00007ff951597000 	C:\WINDOWS\System32\SHELL32.dll
0x00007ff94faa0000 - 0x00007ff94fc0a000 	C:\WINDOWS\System32\wintypes.dll
0x00007ff94fd90000 - 0x00007ff9505f8000 	C:\WINDOWS\System32\windows.storage.dll
0x00007ff952ce0000 - 0x00007ff952dd8000 	C:\WINDOWS\System32\SHCORE.dll
0x00007ff950d30000 - 0x00007ff950d96000 	C:\WINDOWS\System32\shlwapi.dll
0x00007ff94f790000 - 0x00007ff94f7b9000 	C:\WINDOWS\SYSTEM32\profapi.dll
0x00007ff8f50a0000 - 0x00007ff8f50b8000 	c:\Users\LENOVO\.cursor\extensions\redhat.java-1.54.0-win32-x64\jre\21.0.10-win32-x86_64\bin\zip.dll
0x00007ff92a180000 - 0x00007ff92a190000 	C:\Users\LENOVO\.cursor\extensions\redhat.java-1.54.0-win32-x64\jre\21.0.10-win32-x86_64\bin\net.dll
0x00007ff947c40000 - 0x00007ff947d6d000 	C:\WINDOWS\SYSTEM32\WINHTTP.dll
0x00007ff94eb10000 - 0x00007ff94eb7c000 	C:\WINDOWS\system32\mswsock.dll
0x00007ff8f4d30000 - 0x00007ff8f4d46000 	C:\Users\LENOVO\.cursor\extensions\redhat.java-1.54.0-win32-x64\jre\21.0.10-win32-x86_64\bin\nio.dll
0x00007ff926720000 - 0x00007ff926730000 	c:\Users\LENOVO\.cursor\extensions\redhat.java-1.54.0-win32-x64\jre\21.0.10-win32-x86_64\bin\verify.dll

JVMTI agents:
c:\Users\LENOVO\.cursor\extensions\redhat.java-1.54.0-win32-x64\lombok\lombok-1.18.39-4050.jar path:c:\Users\LENOVO\.cursor\extensions\redhat.java-1.54.0-win32-x64\jre\21.0.10-win32-x86_64\bin\instrument.dll, loaded, initialized, instrumentlib options:none

dbghelp: loaded successfully - version: 4.0.5 - missing functions: none
symbol engine: initialized successfully - sym options: 0x614 - pdb path: .;c:\Users\LENOVO\.cursor\extensions\redhat.java-1.54.0-win32-x64\jre\21.0.10-win32-x86_64\bin;C:\WINDOWS\SYSTEM32;C:\Program Files\Avast Software\Avast;C:\WINDOWS\WinSxS\amd64_microsoft.windows.common-controls_6595b64144ccf1df_6.0.26100.8115_none_3e075c82e3354f9c;c:\Users\LENOVO\.cursor\extensions\redhat.java-1.54.0-win32-x64\jre\21.0.10-win32-x86_64\bin\server

VM Arguments:
jvm_args: --add-modules=ALL-SYSTEM --add-opens=java.base/java.util=ALL-UNNAMED --add-opens=java.base/java.lang=ALL-UNNAMED --add-opens=java.base/sun.nio.fs=ALL-UNNAMED -Declipse.application=org.eclipse.jdt.ls.core.id1 -Dosgi.bundles.defaultStartLevel=4 -Declipse.product=org.eclipse.jdt.ls.core.product -Djava.import.generatesMetadataFilesAtProjectRoot=false -DDetectVMInstallationsJob.disabled=true -Dfile.encoding=utf8 -XX:+UseParallelGC -XX:GCTimeRatio=4 -XX:AdaptiveSizePolicyWeight=90 -Dsun.zip.disableMemoryMapping=true -Xmx2G -Xms100m -Xlog:disable -javaagent:c:\Users\LENOVO\.cursor\extensions\redhat.java-1.54.0-win32-x64\lombok\lombok-1.18.39-4050.jar 
java_command: c:\Users\LENOVO\.cursor\extensions\redhat.java-1.54.0-win32-x64\server\plugins\org.eclipse.equinox.launcher_1.7.100.v20251111-0406.jar -configuration c:\Users\LENOVO\AppData\Roaming\Cursor\User\globalStorage\redhat.java\1.54.0\config_ss_win -data c:\Users\LENOVO\AppData\Roaming\Cursor\User\workspaceStorage\a78203c44efd8367260fac9b3c4b3b31\redhat.java\ss_ws --pipe=\\.\pipe\lsp-3da03b585eaef42d9a755a1ebd0bdf61-sock
java_class_path (initial): c:\Users\LENOVO\.cursor\extensions\redhat.java-1.54.0-win32-x64\server\plugins\org.eclipse.equinox.launcher_1.7.100.v20251111-0406.jar
Launcher Type: SUN_STANDARD

[Global flags]
    uintx AdaptiveSizePolicyWeight                 = 90                                        {product} {command line}
     intx CICompilerCount                          = 4                                         {product} {ergonomic}
    uintx GCTimeRatio                              = 4                                         {product} {command line}
   size_t InitialHeapSize                          = 104857600                                 {product} {command line}
   size_t MaxHeapSize                              = 2147483648                                {product} {command line}
   size_t MaxNewSize                               = 715653120                                 {product} {ergonomic}
   size_t MinHeapDeltaBytes                        = 524288                                    {product} {ergonomic}
   size_t MinHeapSize                              = 104857600                                 {product} {command line}
   size_t NewSize                                  = 34603008                                  {product} {ergonomic}
    uintx NonNMethodCodeHeapSize                   = 5839372                                {pd product} {ergonomic}
    uintx NonProfiledCodeHeapSize                  = 122909434                              {pd product} {ergonomic}
   size_t OldSize                                  = 70254592                                  {product} {ergonomic}
    uintx ProfiledCodeHeapSize                     = 122909434                              {pd product} {ergonomic}
    uintx ReservedCodeCacheSize                    = 251658240                              {pd product} {ergonomic}
     bool SegmentedCodeCache                       = true                                      {product} {ergonomic}
   size_t SoftMaxHeapSize                          = 2147483648                             {manageable} {ergonomic}
     bool UseCompressedOops                        = true                           {product lp64_product} {ergonomic}
     bool UseLargePagesIndividualAllocation        = false                                  {pd product} {ergonomic}
     bool UseParallelGC                            = true                                      {product} {command line}

Logging:
Log output configuration:
 #0: stdout all=off uptime,level,tags foldmultilines=false
 #1: stderr all=off uptime,level,tags foldmultilines=false

Release file:
JAVA_VERSION="21.0.10" 
MODULES="java.base java.compiler java.datatransfer java.xml java.prefs java.desktop java.instrument java.logging java.management java.security.sasl java.naming java.rmi java.management.rmi java.net.http java.scripting java.security.jgss java.transaction.xa java.sql java.sql.rowset java.xml.crypto java.se java.smartcardio jdk.accessibility jdk.internal.jvmstat jdk.attach jdk.charsets jdk.internal.opt jdk.zipfs jdk.compiler jdk.crypto.ec jdk.crypto.cryptoki jdk.crypto.mscapi jdk.dynalink jdk.internal.ed jdk.editpad jdk.hotspot.agent jdk.httpserver jdk.internal.le jdk.internal.vm.ci jdk.internal.vm.compiler jdk.internal.vm.compiler.management jdk.jartool jdk.javadoc jdk.jcmd jdk.management jdk.management.agent jdk.jconsole jdk.jdeps jdk.jdwp.agent jdk.jdi jdk.jfr jdk.jshell jdk.jsobject jdk.jstatd jdk.localedata jdk.management.jfr jdk.naming.dns jdk.naming.rmi jdk.net jdk.nio.mapmode jdk.random jdk.sctp jdk.security.auth jdk.security.jgss jdk.unsupported jdk.unsupported.desktop jdk.xml.dom" 

Environment Variables:
JAVA_HOME=C:\Program Files\Java\jdk-25
PATH=C:\Program Files\Common Files\Oracle\Java\javapath;C:\Program Files (x86)\Common Files\Oracle\Java\java8path;C:\Program Files (x86)\Common Files\Oracle\Java\javapath;C:\WINDOWS\system32;C:\WINDOWS;C:\WINDOWS\System32\Wbem;C:\WINDOWS\System32\WindowsPowerShell\v1.0\;C:\WINDOWS\System32\OpenSSH\;C:\Program Files\Git\cmd;C:\Program Files\nodejs\;C:\Program Files\Docker\Docker\resources\bin;C:\Users\LENOVO\AppData\Local\Python\pythoncore-3.14-64\;C:\Users\LENOVO\AppData\Local\Python\pythoncore-3.14-64\Scripts\;C:\Program Files\Java\jdk-25\bin;C:\Users\LENOVO\scoop\apps\openssl\current\bin;C:\Ruby34-x64\bin;C:\Users\LENOVO\scoop\shims;C:\Users\LENOVO\AppData\Local\Microsoft\WindowsApps;C:\Users\LENOVO\AppData\Local\Programs\cursor\resources\app\bin;C:\Users\LENOVO\AppData\Roaming\npm;C:\Users\LENOVO\AppData\Local\JetBrains\Toolbox\scripts;C:\platform-tools;C:\Users\LENOVO\AppData\Local\Python\bin
USERNAME=LENOVO
OS=Windows_NT
PROCESSOR_IDENTIFIER=Intel64 Family 6 Model 140 Stepping 1, GenuineIntel
TMP=C:\Users\LENOVO\AppData\Local\Temp
TEMP=C:\Users\LENOVO\AppData\Local\Temp




Periodic native trim disabled

---------------  S Y S T E M  ---------------

OS:
 Windows 11 , 64 bit Build 26100 (10.0.26100.8246)
OS uptime: 1 days 8:49 hours
Hyper-V role detected

CPU: total 8 (initial active 8) (4 cores per cpu, 2 threads per core) family 6 model 140 stepping 1 microcode 0x8a, cx8, cmov, fxsr, ht, mmx, 3dnowpref, sse, sse2, sse3, ssse3, sse4.1, sse4.2, popcnt, lzcnt, tsc, tscinvbit, avx, avx2, aes, erms, clmul, bmi1, bmi2, adx, avx512f, avx512dq, avx512cd, avx512bw, avx512vl, sha, fma, vzeroupper, avx512_vpopcntdq, avx512_vpclmulqdq, avx512_vaes, avx512_vnni, clflush, clflushopt, clwb, avx512_vbmi2, avx512_vbmi, hv, rdtscp, rdpid, fsrm, gfni, avx512_bitalg, f16c, cet_ibt, cet_ss, avx512_ifma
Processor Information for the first 8 processors :
  Max Mhz: 2419, Current Mhz: 2419, Mhz Limit: 2419

Memory: 4k page, system-wide physical 20279M (2129M free)
TotalPageFile size 37877M (AvailPageFile size 7M)
current process WorkingSet (physical memory assigned to process): 73M, peak: 73M
current process commit charge ("private bytes"): 235M, peak: 236M

vm_info: OpenJDK 64-Bit Server VM (21.0.10+7-LTS) for windows-amd64 JRE (21.0.10+7-LTS), built on 2026-01-20T00:00:00Z by "admin" with MS VC++ 17.12 (VS2022)

END.
