#
# There is insufficient memory for the Java Runtime Environment to continue.
# Native memory allocation (malloc) failed to allocate 1820384 bytes. Error detail: Chunk::new
# Possible reasons:
#   The system is out of physical RAM or swap space
#   This process is running with CompressedOops enabled, and the Java Heap may be blocking the growth of the native heap
# Possible solutions:
#   Reduce memory load on the system
#   Increase physical memory or swap space
#   Check if swap backing store is full
#   Decrease Java heap size (-Xmx/-Xms)
#   Decrease number of Java threads
#   Decrease Java thread stack sizes (-Xss)
#   Set larger code cache with -XX:ReservedCodeCacheSize=
#   JVM is running with Unscaled Compressed Oops mode in which the Java heap is
#     placed in the first 4GB address space. The Java Heap base address is the
#     maximum limit for the native heap growth. Please use -XX:HeapBaseMinAddress
#     to set the Java Heap base and to place the Java Heap above 4GB virtual address.
# This output file may be truncated or incomplete.
#
#  Out of Memory Error (arena.cpp:168), pid=17248, tid=27384
#
# JRE version: OpenJDK Runtime Environment Temurin-21.0.10+7 (21.0.10+7) (build 21.0.10+7-LTS)
# Java VM: OpenJDK 64-Bit Server VM Temurin-21.0.10+7 (21.0.10+7-LTS, mixed mode, sharing, tiered, compressed oops, compressed class ptrs, parallel gc, windows-amd64)
# No core dump will be written. Minidumps are not enabled by default on client versions of Windows
#

---------------  S U M M A R Y ------------

Command Line: --add-modules=ALL-SYSTEM --add-opens=java.base/java.util=ALL-UNNAMED --add-opens=java.base/java.lang=ALL-UNNAMED --add-opens=java.base/sun.nio.fs=ALL-UNNAMED -Declipse.application=org.eclipse.jdt.ls.core.id1 -Dosgi.bundles.defaultStartLevel=4 -Declipse.product=org.eclipse.jdt.ls.core.product -Djava.import.generatesMetadataFilesAtProjectRoot=false -DDetectVMInstallationsJob.disabled=true -Dfile.encoding=utf8 -XX:+UseParallelGC -XX:GCTimeRatio=4 -XX:AdaptiveSizePolicyWeight=90 -Dsun.zip.disableMemoryMapping=true -Xmx2G -Xms100m -Xlog:disable -javaagent:c:\Users\LENOVO\.cursor\extensions\redhat.java-1.54.0-win32-x64\lombok\lombok-1.18.39-4050.jar -XX:+HeapDumpOnOutOfMemoryError -XX:HeapDumpPath=c:\Users\LENOVO\AppData\Roaming\Cursor\User\workspaceStorage\a78203c44efd8367260fac9b3c4b3b31\redhat.java -Daether.dependencyCollector.impl=bf c:\Users\LENOVO\.cursor\extensions\redhat.java-1.54.0-win32-x64\server\plugins\org.eclipse.equinox.launcher_1.7.100.v20251111-0406.jar -configuration c:\Users\LENOVO\AppData\Roaming\Cursor\User\globalStorage\redhat.java\1.54.0\config_win -data c:\Users\LENOVO\AppData\Roaming\Cursor\User\workspaceStorage\a78203c44efd8367260fac9b3c4b3b31\redhat.java\jdt_ws --pipe=\\.\pipe\lsp-a09e7502ed8f6f8a7cf92d714ceeb9a3-sock

Host: 11th Gen Intel(R) Core(TM) i5-1135G7 @ 2.40GHz, 8 cores, 19G,  Windows 11 , 64 bit Build 26100 (10.0.26100.8328)
Time: Fri May 15 11:45:26 2026 W. Central Africa Standard Time elapsed time: 17.698322 seconds (0d 0h 0m 17s)

---------------  T H R E A D  ---------------

Current thread (0x000001625d3c7c50):  JavaThread "C2 CompilerThread1" daemon [_thread_in_native, id=27384, stack(0x00000052f0c00000,0x00000052f0d00000) (1024K)]


Current CompileTask:
C2:17698 3867       4       org.lombokweb.asm.ClassReader::readMethod (1070 bytes)

Stack: [0x00000052f0c00000,0x00000052f0d00000]
Native frames: (J=compiled Java code, j=interpreted, Vv=VM code, C=native code)
V  [jvm.dll+0x6d7a39]
V  [jvm.dll+0x8b4b26]
V  [jvm.dll+0x8b70de]
V  [jvm.dll+0x8b77c3]
V  [jvm.dll+0x284346]
V  [jvm.dll+0xc66ed]
V  [jvm.dll+0xc6c31]
V  [jvm.dll+0x3bec3b]
V  [jvm.dll+0x1e3f69]
V  [jvm.dll+0x24c6b3]
V  [jvm.dll+0x24bb40]
V  [jvm.dll+0x1cb34e]
V  [jvm.dll+0x25b85d]
V  [jvm.dll+0x259dea]
V  [jvm.dll+0x3f857e]
V  [jvm.dll+0x85f59d]
V  [jvm.dll+0x6d626d]
C  [ucrtbase.dll+0x37b0]
C  [KERNEL32.DLL+0x2e957]
C  [ntdll.dll+0x427c]


---------------  P R O C E S S  ---------------

Threads class SMR info:
_java_thread_list=0x000001625e7fbab0, length=24, elements={
0x000001627b5b4d70, 0x0000016216311090, 0x0000016216314930, 0x0000016216318fc0,
0x000001621631ae30, 0x000001621631b890, 0x000001621631c2f0, 0x0000016216321150,
0x000001621633e180, 0x000001625d2a1e40, 0x000001625d31d440, 0x000001625da8ad80,
0x000001625d504aa0, 0x000001625dba8c20, 0x000001625dae7760, 0x000001625d356c10,
0x000001625e2400f0, 0x000001625d3c7c50, 0x000001625d2d3250, 0x000001625d2d3f70,
0x000001625d2d0af0, 0x000001625d2d2530, 0x000001625d2d2bc0, 0x000001625d3c7580
}

Java Threads: ( => current thread )
  0x000001627b5b4d70 JavaThread "main"                              [_thread_blocked, id=26224, stack(0x00000052ef000000,0x00000052ef100000) (1024K)]
  0x0000016216311090 JavaThread "Reference Handler"          daemon [_thread_blocked, id=5652, stack(0x00000052ef400000,0x00000052ef500000) (1024K)]
  0x0000016216314930 JavaThread "Finalizer"                  daemon [_thread_blocked, id=26428, stack(0x00000052ef500000,0x00000052ef600000) (1024K)]
  0x0000016216318fc0 JavaThread "Signal Dispatcher"          daemon [_thread_blocked, id=10428, stack(0x00000052ef600000,0x00000052ef700000) (1024K)]
  0x000001621631ae30 JavaThread "Attach Listener"            daemon [_thread_blocked, id=21544, stack(0x00000052ef700000,0x00000052ef800000) (1024K)]
  0x000001621631b890 JavaThread "Service Thread"             daemon [_thread_blocked, id=4164, stack(0x00000052ef800000,0x00000052ef900000) (1024K)]
  0x000001621631c2f0 JavaThread "Monitor Deflation Thread"   daemon [_thread_blocked, id=30456, stack(0x00000052ef900000,0x00000052efa00000) (1024K)]
  0x0000016216321150 JavaThread "C2 CompilerThread0"         daemon [_thread_in_native, id=29680, stack(0x00000052efa00000,0x00000052efb00000) (1024K)]
  0x000001621633e180 JavaThread "C1 CompilerThread0"         daemon [_thread_blocked, id=21976, stack(0x00000052efb00000,0x00000052efc00000) (1024K)]
  0x000001625d2a1e40 JavaThread "Common-Cleaner"             daemon [_thread_blocked, id=27464, stack(0x00000052efd00000,0x00000052efe00000) (1024K)]
  0x000001625d31d440 JavaThread "Notification Thread"        daemon [_thread_blocked, id=31920, stack(0x00000052eff00000,0x00000052f0000000) (1024K)]
  0x000001625da8ad80 JavaThread "Active Thread: Equinox Container: 84985de0-3ec7-4976-89c7-ce31d053c459"        [_thread_blocked, id=16924, stack(0x00000052efc00000,0x00000052efd00000) (1024K)]
  0x000001625d504aa0 JavaThread "Refresh Thread: Equinox Container: 84985de0-3ec7-4976-89c7-ce31d053c459" daemon [_thread_blocked, id=22772, stack(0x00000052f0700000,0x00000052f0800000) (1024K)]
  0x000001625dba8c20 JavaThread "Framework Event Dispatcher: Equinox Container: 84985de0-3ec7-4976-89c7-ce31d053c459" daemon [_thread_blocked, id=30140, stack(0x00000052f0800000,0x00000052f0900000) (1024K)]
  0x000001625dae7760 JavaThread "Start Level: Equinox Container: 84985de0-3ec7-4976-89c7-ce31d053c459" daemon [_thread_in_vm, id=29040, stack(0x00000052f0900000,0x00000052f0a00000) (1024K)]
  0x000001625d356c10 JavaThread "Bundle File Closer"         daemon [_thread_blocked, id=17036, stack(0x00000052f0b00000,0x00000052f0c00000) (1024K)]
  0x000001625e2400f0 JavaThread "SCR Component Actor"        daemon [_thread_blocked, id=17948, stack(0x00000052f0a00000,0x00000052f0b00000) (1024K)]
=>0x000001625d3c7c50 JavaThread "C2 CompilerThread1"         daemon [_thread_in_native, id=27384, stack(0x00000052f0c00000,0x00000052f0d00000) (1024K)]
  0x000001625d2d3250 JavaThread "Worker-JM"                         [_thread_blocked, id=7856, stack(0x00000052f0e00000,0x00000052f0f00000) (1024K)]
  0x000001625d2d3f70 JavaThread "JNA Cleaner"                daemon [_thread_blocked, id=26792, stack(0x00000052f0d00000,0x00000052f0e00000) (1024K)]
  0x000001625d2d0af0 JavaThread "Worker-0"                          [_thread_blocked, id=5316, stack(0x00000052f0f00000,0x00000052f1000000) (1024K)]
  0x000001625d2d2530 JavaThread "Worker-1"                          [_thread_blocked, id=24100, stack(0x00000052f1000000,0x00000052f1100000) (1024K)]
  0x000001625d2d2bc0 JavaThread "Java indexing"              daemon [_thread_blocked, id=10272, stack(0x00000052f1100000,0x00000052f1200000) (1024K)]
  0x000001625d3c7580 JavaThread "C2 CompilerThread2"         daemon [_thread_blocked, id=5292, stack(0x00000052f1200000,0x00000052f1300000) (1024K)]
Total: 24

Other Threads:
  0x000001627d9dc690 VMThread "VM Thread"                           [id=28096, stack(0x00000052ef300000,0x00000052ef400000) (1024K)]
  0x000001627d9aa850 WatcherThread "VM Periodic Task Thread"        [id=27320, stack(0x00000052ef200000,0x00000052ef300000) (1024K)]
  0x000001627d95d930 WorkerThread "GC Thread#0"                     [id=33784, stack(0x00000052ef100000,0x00000052ef200000) (1024K)]
  0x000001625d505a70 WorkerThread "GC Thread#1"                     [id=26768, stack(0x00000052f0000000,0x00000052f0100000) (1024K)]
  0x000001625d9ecb10 WorkerThread "GC Thread#2"                     [id=27196, stack(0x00000052f0100000,0x00000052f0200000) (1024K)]
  0x000001625d9ecec0 WorkerThread "GC Thread#3"                     [id=31076, stack(0x00000052f0200000,0x00000052f0300000) (1024K)]
  0x000001625d9ed270 WorkerThread "GC Thread#4"                     [id=20032, stack(0x00000052f0300000,0x00000052f0400000) (1024K)]
  0x000001625d505e20 WorkerThread "GC Thread#5"                     [id=3148, stack(0x00000052f0400000,0x00000052f0500000) (1024K)]
  0x000001625d5061d0 WorkerThread "GC Thread#6"                     [id=18948, stack(0x00000052f0500000,0x00000052f0600000) (1024K)]
  0x000001625db0f0e0 WorkerThread "GC Thread#7"                     [id=21628, stack(0x00000052f0600000,0x00000052f0700000) (1024K)]
Total: 10

Threads with active compile tasks:
C2 CompilerThread0  17744 4118       4       org.osgi.framework.Version::toString0 (102 bytes)
C2 CompilerThread1  17744 3867       4       org.lombokweb.asm.ClassReader::readMethod (1070 bytes)
C2 CompilerThread2  17744 4125       4       java.util.HashSet::add (20 bytes)
Total: 3

VM state: not at safepoint (normal execution)

VM Mutex/Monitor currently owned by a thread: None

Heap address: 0x0000000080000000, size: 2048 MB, Compressed Oops mode: 32-bit

CDS archive(s) mapped at: [0x0000016217000000-0x0000016217ba0000-0x0000016217ba0000), size 12189696, SharedBaseAddress: 0x0000016217000000, ArchiveRelocationMode: 1.
Compressed class space mapped at: 0x0000016218000000-0x0000016258000000, reserved size: 1073741824
Narrow klass base: 0x0000016217000000, Narrow klass shift: 0, Narrow klass range: 0x100000000

GC Precious Log:
 CardTable entry size: 512
 CPUs: 8 total, 8 available
 Memory: 20279M
 Large Page Support: Disabled
 NUMA Support: Disabled
 Compressed Oops: Enabled (32-bit)
 Alignments: Space 512K, Generation 512K, Heap 2M
 Heap Min Capacity: 100M
 Heap Initial Capacity: 100M
 Heap Max Capacity: 2G
 Pre-touch: Disabled
 Parallel Workers: 8

Heap:
 PSYoungGen      total 25088K, used 7852K [0x00000000d5580000, 0x00000000d7400000, 0x0000000100000000)
  eden space 23040K, 25% used [0x00000000d5580000,0x00000000d5b2b1e0,0x00000000d6c00000)
  from space 2048K, 99% used [0x00000000d7180000,0x00000000d737ff58,0x00000000d7380000)
  to   space 4096K, 0% used [0x00000000d6c00000,0x00000000d6c00000,0x00000000d7000000)
 ParOldGen       total 68608K, used 14774K [0x0000000080000000, 0x0000000084300000, 0x00000000d5580000)
  object space 68608K, 21% used [0x0000000080000000,0x0000000080e6d948,0x0000000084300000)
 Metaspace       used 29573K, committed 30528K, reserved 1114112K
  class space    used 2919K, committed 3328K, reserved 1048576K

Card table byte_map: [0x000001627d2d0000,0x000001627d6e0000] _byte_map_base: 0x000001627ced0000

Marking Bits: (ParMarkBitMap*) 0x00007ffec4dc3450
 Begin Bits: [0x0000016212140000, 0x0000016214140000)
 End Bits:   [0x0000016214140000, 0x0000016216140000)

Polling page: 0x000001627baf0000

Metaspace:

Usage:
  Non-class:     26.03 MB used.
      Class:      2.85 MB used.
       Both:     28.88 MB used.

Virtual space:
  Non-class space:       64.00 MB reserved,      26.56 MB ( 42%) committed,  1 nodes.
      Class space:        1.00 GB reserved,       3.25 MB ( <1%) committed,  1 nodes.
             Both:        1.06 GB reserved,      29.81 MB (  3%) committed. 

Chunk freelists:
   Non-Class:  5.39 MB
       Class:  12.58 MB
        Both:  17.97 MB

MaxMetaspaceSize: unlimited
CompressedClassSpaceSize: 1.00 GB
Initial GC threshold: 21.00 MB
Current GC threshold: 35.00 MB
CDS: on
 - commit_granule_bytes: 65536.
 - commit_granule_words: 8192.
 - virtual_space_node_default_size: 8388608.
 - enlarge_chunks_in_place: 1.
 - use_allocation_guard: 0.


Internal statistics:

num_allocs_failed_limit: 3.
num_arena_births: 632.
num_arena_deaths: 14.
num_vsnodes_births: 2.
num_vsnodes_deaths: 0.
num_space_committed: 477.
num_space_uncommitted: 0.
num_chunks_returned_to_freelist: 17.
num_chunks_taken_from_freelist: 1792.
num_chunk_merges: 9.
num_chunk_splits: 1171.
num_chunks_enlarged: 769.
num_inconsistent_stats: 0.

CodeHeap 'non-profiled nmethods': size=120000Kb used=1920Kb max_used=1920Kb free=118079Kb
 bounds [0x000001620ac10000, 0x000001620ae80000, 0x0000016212140000]
CodeHeap 'profiled nmethods': size=120000Kb used=8669Kb max_used=8669Kb free=111330Kb
 bounds [0x0000016203140000, 0x00000162039c0000, 0x000001620a670000]
CodeHeap 'non-nmethods': size=5760Kb used=1357Kb max_used=1369Kb free=4403Kb
 bounds [0x000001620a670000, 0x000001620a8e0000, 0x000001620ac10000]
CodeCache: size=245760Kb, used=11946Kb, max_used=11958Kb, free=233812Kb
 total_blobs=4760, nmethods=4122, adapters=543, full_count=0
Compilation: enabled, stopped_count=0, restarted_count=0

Compilation events (20 events):
Event: 17.688 Thread 0x000001621633e180 nmethod 4086 0x000001620ade9e10 code [0x000001620ade9fa0, 0x000001620adea070]
Event: 17.688 Thread 0x000001621633e180 4087   !   3       jdk.xml.internal.SecuritySupport::readConfig (150 bytes)
Event: 17.690 Thread 0x000001621633e180 nmethod 4087 0x0000016203995d90 code [0x00000162039962e0, 0x0000016203999128]
Event: 17.691 Thread 0x000001621633e180 4098       3       com.sun.org.apache.xerces.internal.dom.AttrImpl::getNodeName (16 bytes)
Event: 17.691 Thread 0x000001621633e180 nmethod 4098 0x000001620399a310 code [0x000001620399a4c0, 0x000001620399a780]
Event: 17.691 Thread 0x000001621633e180 4095       3       com.sun.org.apache.xerces.internal.util.AugmentationsImpl$SmallContainer::clear (41 bytes)
Event: 17.692 Thread 0x000001621633e180 nmethod 4095 0x000001620399a890 code [0x000001620399aa60, 0x000001620399aef8]
Event: 17.692 Thread 0x000001621633e180 4099       3       com.sun.org.apache.xerces.internal.dom.DeferredDocumentImpl::getChunkIndex (16 bytes)
Event: 17.692 Thread 0x000001621633e180 nmethod 4099 0x000001620399b090 code [0x000001620399b240, 0x000001620399b410]
Event: 17.692 Thread 0x000001625d3c7580 nmethod 4039 0x000001620adea110 code [0x000001620adea2c0, 0x000001620adea728]
Event: 17.692 Thread 0x000001621633e180 4096       3       com.sun.org.apache.xerces.internal.dom.DeferredDocumentImpl::setChunkIndex (67 bytes)
Event: 17.693 Thread 0x000001625d3c7580 4089       4       java.lang.String::substring (10 bytes)
Event: 17.693 Thread 0x000001621633e180 nmethod 4096 0x000001620399b510 code [0x000001620399b6e0, 0x000001620399b9d8]
Event: 17.693 Thread 0x000001621633e180 4102       1       org.eclipse.text.templates.TemplatePersistenceData::getId (5 bytes)
Event: 17.693 Thread 0x000001621633e180 nmethod 4102 0x000001620adeaa10 code [0x000001620adeaba0, 0x000001620adeac68]
Event: 17.693 Thread 0x000001621633e180 4101       1       com.sun.org.apache.xerces.internal.dom.DocumentImpl::setMutationEvents (6 bytes)
Event: 17.693 Thread 0x000001621633e180 nmethod 4101 0x000001620adead10 code [0x000001620adeaea0, 0x000001620adeaf70]
Event: 17.693 Thread 0x000001621633e180 4091       3       com.sun.org.apache.xerces.internal.impl.XMLDocumentFragmentScannerImpl::getString (76 bytes)
Event: 17.693 Thread 0x000001621633e180 nmethod 4091 0x000001620399bb90 code [0x000001620399bdc0, 0x000001620399c6b0]
Event: 17.693 Thread 0x000001621633e180 4092       3       com.sun.org.apache.xerces.internal.impl.XMLScanner::scanAttributeValue (943 bytes)

GC Heap History (20 events):
Event: 5.457 GC heap before
{Heap before GC invocations=2 (full 0):
 PSYoungGen      total 29696K, used 28935K [0x00000000d5580000, 0x00000000d7680000, 0x0000000100000000)
  eden space 25600K, 100% used [0x00000000d5580000,0x00000000d6e80000,0x00000000d6e80000)
  from space 4096K, 81% used [0x00000000d6e80000,0x00000000d71c1e98,0x00000000d7280000)
  to   space 4096K, 0% used [0x00000000d7280000,0x00000000d7280000,0x00000000d7680000)
 ParOldGen       total 68608K, used 0K [0x0000000080000000, 0x0000000084300000, 0x00000000d5580000)
  object space 68608K, 0% used [0x0000000080000000,0x0000000080000000,0x0000000084300000)
 Metaspace       used 7976K, committed 8256K, reserved 1114112K
  class space    used 829K, committed 960K, reserved 1048576K
}
Event: 5.465 GC heap after
{Heap after GC invocations=2 (full 0):
 PSYoungGen      total 29696K, used 4070K [0x00000000d5580000, 0x00000000d7680000, 0x0000000100000000)
  eden space 25600K, 0% used [0x00000000d5580000,0x00000000d5580000,0x00000000d6e80000)
  from space 4096K, 99% used [0x00000000d7280000,0x00000000d7679800,0x00000000d7680000)
  to   space 4096K, 0% used [0x00000000d6e80000,0x00000000d6e80000,0x00000000d7280000)
 ParOldGen       total 68608K, used 2087K [0x0000000080000000, 0x0000000084300000, 0x00000000d5580000)
  object space 68608K, 3% used [0x0000000080000000,0x0000000080209eb8,0x0000000084300000)
 Metaspace       used 7976K, committed 8256K, reserved 1114112K
  class space    used 829K, committed 960K, reserved 1048576K
}
Event: 8.653 GC heap before
{Heap before GC invocations=3 (full 0):
 PSYoungGen      total 29696K, used 29670K [0x00000000d5580000, 0x00000000d7680000, 0x0000000100000000)
  eden space 25600K, 100% used [0x00000000d5580000,0x00000000d6e80000,0x00000000d6e80000)
  from space 4096K, 99% used [0x00000000d7280000,0x00000000d7679800,0x00000000d7680000)
  to   space 4096K, 0% used [0x00000000d6e80000,0x00000000d6e80000,0x00000000d7280000)
 ParOldGen       total 68608K, used 2087K [0x0000000080000000, 0x0000000084300000, 0x00000000d5580000)
  object space 68608K, 3% used [0x0000000080000000,0x0000000080209eb8,0x0000000084300000)
 Metaspace       used 9430K, committed 9728K, reserved 1114112K
  class space    used 1004K, committed 1152K, reserved 1048576K
}
Event: 8.658 GC heap after
{Heap after GC invocations=3 (full 0):
 PSYoungGen      total 29696K, used 4088K [0x00000000d5580000, 0x00000000d7680000, 0x0000000100000000)
  eden space 25600K, 0% used [0x00000000d5580000,0x00000000d5580000,0x00000000d6e80000)
  from space 4096K, 99% used [0x00000000d6e80000,0x00000000d727e2b0,0x00000000d7280000)
  to   space 4096K, 0% used [0x00000000d7280000,0x00000000d7280000,0x00000000d7680000)
 ParOldGen       total 68608K, used 4959K [0x0000000080000000, 0x0000000084300000, 0x00000000d5580000)
  object space 68608K, 7% used [0x0000000080000000,0x00000000804d7e10,0x0000000084300000)
 Metaspace       used 9430K, committed 9728K, reserved 1114112K
  class space    used 1004K, committed 1152K, reserved 1048576K
}
Event: 15.549 GC heap before
{Heap before GC invocations=4 (full 0):
 PSYoungGen      total 29696K, used 29683K [0x00000000d5580000, 0x00000000d7680000, 0x0000000100000000)
  eden space 25600K, 99% used [0x00000000d5580000,0x00000000d6e7eb78,0x00000000d6e80000)
  from space 4096K, 99% used [0x00000000d6e80000,0x00000000d727e2b0,0x00000000d7280000)
  to   space 4096K, 0% used [0x00000000d7280000,0x00000000d7280000,0x00000000d7680000)
 ParOldGen       total 68608K, used 4959K [0x0000000080000000, 0x0000000084300000, 0x00000000d5580000)
  object space 68608K, 7% used [0x0000000080000000,0x00000000804d7e10,0x0000000084300000)
 Metaspace       used 11624K, committed 12032K, reserved 1114112K
  class space    used 1222K, committed 1408K, reserved 1048576K
}
Event: 15.555 GC heap after
{Heap after GC invocations=4 (full 0):
 PSYoungGen      total 29696K, used 4076K [0x00000000d5580000, 0x00000000d7680000, 0x0000000100000000)
  eden space 25600K, 0% used [0x00000000d5580000,0x00000000d5580000,0x00000000d6e80000)
  from space 4096K, 99% used [0x00000000d7280000,0x00000000d767b200,0x00000000d7680000)
  to   space 4096K, 0% used [0x00000000d6e80000,0x00000000d6e80000,0x00000000d7280000)
 ParOldGen       total 68608K, used 6512K [0x0000000080000000, 0x0000000084300000, 0x00000000d5580000)
  object space 68608K, 9% used [0x0000000080000000,0x000000008065c390,0x0000000084300000)
 Metaspace       used 11624K, committed 12032K, reserved 1114112K
  class space    used 1222K, committed 1408K, reserved 1048576K
}
Event: 16.178 GC heap before
{Heap before GC invocations=5 (full 0):
 PSYoungGen      total 29696K, used 29676K [0x00000000d5580000, 0x00000000d7680000, 0x0000000100000000)
  eden space 25600K, 100% used [0x00000000d5580000,0x00000000d6e80000,0x00000000d6e80000)
  from space 4096K, 99% used [0x00000000d7280000,0x00000000d767b200,0x00000000d7680000)
  to   space 4096K, 0% used [0x00000000d6e80000,0x00000000d6e80000,0x00000000d7280000)
 ParOldGen       total 68608K, used 6512K [0x0000000080000000, 0x0000000084300000, 0x00000000d5580000)
  object space 68608K, 9% used [0x0000000080000000,0x000000008065c390,0x0000000084300000)
 Metaspace       used 15505K, committed 16128K, reserved 1114112K
  class space    used 1615K, committed 1856K, reserved 1048576K
}
Event: 16.183 GC heap after
{Heap after GC invocations=5 (full 0):
 PSYoungGen      total 29184K, used 4068K [0x00000000d5580000, 0x00000000d7900000, 0x0000000100000000)
  eden space 25088K, 0% used [0x00000000d5580000,0x00000000d5580000,0x00000000d6e00000)
  from space 4096K, 99% used [0x00000000d6e80000,0x00000000d7279060,0x00000000d7280000)
  to   space 5632K, 0% used [0x00000000d7380000,0x00000000d7380000,0x00000000d7900000)
 ParOldGen       total 68608K, used 7939K [0x0000000080000000, 0x0000000084300000, 0x00000000d5580000)
  object space 68608K, 11% used [0x0000000080000000,0x00000000807c0f00,0x0000000084300000)
 Metaspace       used 15505K, committed 16128K, reserved 1114112K
  class space    used 1615K, committed 1856K, reserved 1048576K
}
Event: 16.811 GC heap before
{Heap before GC invocations=6 (full 0):
 PSYoungGen      total 29184K, used 29156K [0x00000000d5580000, 0x00000000d7900000, 0x0000000100000000)
  eden space 25088K, 100% used [0x00000000d5580000,0x00000000d6e00000,0x00000000d6e00000)
  from space 4096K, 99% used [0x00000000d6e80000,0x00000000d7279060,0x00000000d7280000)
  to   space 5632K, 0% used [0x00000000d7380000,0x00000000d7380000,0x00000000d7900000)
 ParOldGen       total 68608K, used 7939K [0x0000000080000000, 0x0000000084300000, 0x00000000d5580000)
  object space 68608K, 11% used [0x0000000080000000,0x00000000807c0f00,0x0000000084300000)
 Metaspace       used 18543K, committed 19392K, reserved 1114112K
  class space    used 1954K, committed 2304K, reserved 1048576K
}
Event: 16.816 GC heap after
{Heap after GC invocations=6 (full 0):
 PSYoungGen      total 30208K, used 5416K [0x00000000d5580000, 0x00000000d7900000, 0x0000000100000000)
  eden space 24576K, 0% used [0x00000000d5580000,0x00000000d5580000,0x00000000d6d80000)
  from space 5632K, 96% used [0x00000000d7380000,0x00000000d78ca070,0x00000000d7900000)
  to   space 5632K, 0% used [0x00000000d6e00000,0x00000000d6e00000,0x00000000d7380000)
 ParOldGen       total 68608K, used 7947K [0x0000000080000000, 0x0000000084300000, 0x00000000d5580000)
  object space 68608K, 11% used [0x0000000080000000,0x00000000807c2f00,0x0000000084300000)
 Metaspace       used 18543K, committed 19392K, reserved 1114112K
  class space    used 1954K, committed 2304K, reserved 1048576K
}
Event: 17.064 GC heap before
{Heap before GC invocations=7 (full 0):
 PSYoungGen      total 30208K, used 27060K [0x00000000d5580000, 0x00000000d7900000, 0x0000000100000000)
  eden space 24576K, 88% used [0x00000000d5580000,0x00000000d6aa3140,0x00000000d6d80000)
  from space 5632K, 96% used [0x00000000d7380000,0x00000000d78ca070,0x00000000d7900000)
  to   space 5632K, 0% used [0x00000000d6e00000,0x00000000d6e00000,0x00000000d7380000)
 ParOldGen       total 68608K, used 7947K [0x0000000080000000, 0x0000000084300000, 0x00000000d5580000)
  object space 68608K, 11% used [0x0000000080000000,0x00000000807c2f00,0x0000000084300000)
 Metaspace       used 20679K, committed 21504K, reserved 1114112K
  class space    used 2192K, committed 2560K, reserved 1048576K
}
Event: 17.069 GC heap after
{Heap after GC invocations=7 (full 0):
 PSYoungGen      total 29696K, used 4876K [0x00000000d5580000, 0x00000000d7780000, 0x0000000100000000)
  eden space 24576K, 0% used [0x00000000d5580000,0x00000000d5580000,0x00000000d6d80000)
  from space 5120K, 95% used [0x00000000d6e00000,0x00000000d72c30e0,0x00000000d7300000)
  to   space 4608K, 0% used [0x00000000d7300000,0x00000000d7300000,0x00000000d7780000)
 ParOldGen       total 68608K, used 9471K [0x0000000080000000, 0x0000000084300000, 0x00000000d5580000)
  object space 68608K, 13% used [0x0000000080000000,0x000000008093fee8,0x0000000084300000)
 Metaspace       used 20679K, committed 21504K, reserved 1114112K
  class space    used 2192K, committed 2560K, reserved 1048576K
}
Event: 17.069 GC heap before
{Heap before GC invocations=8 (full 1):
 PSYoungGen      total 29696K, used 4876K [0x00000000d5580000, 0x00000000d7780000, 0x0000000100000000)
  eden space 24576K, 0% used [0x00000000d5580000,0x00000000d5580000,0x00000000d6d80000)
  from space 5120K, 95% used [0x00000000d6e00000,0x00000000d72c30e0,0x00000000d7300000)
  to   space 4608K, 0% used [0x00000000d7300000,0x00000000d7300000,0x00000000d7780000)
 ParOldGen       total 68608K, used 9471K [0x0000000080000000, 0x0000000084300000, 0x00000000d5580000)
  object space 68608K, 13% used [0x0000000080000000,0x000000008093fee8,0x0000000084300000)
 Metaspace       used 20679K, committed 21504K, reserved 1114112K
  class space    used 2192K, committed 2560K, reserved 1048576K
}
Event: 17.101 GC heap after
{Heap after GC invocations=8 (full 1):
 PSYoungGen      total 29696K, used 0K [0x00000000d5580000, 0x00000000d7780000, 0x0000000100000000)
  eden space 24576K, 0% used [0x00000000d5580000,0x00000000d5580000,0x00000000d6d80000)
  from space 5120K, 0% used [0x00000000d6e00000,0x00000000d6e00000,0x00000000d7300000)
  to   space 4608K, 0% used [0x00000000d7300000,0x00000000d7300000,0x00000000d7780000)
 ParOldGen       total 68608K, used 13423K [0x0000000080000000, 0x0000000084300000, 0x00000000d5580000)
  object space 68608K, 19% used [0x0000000080000000,0x0000000080d1bc38,0x0000000084300000)
 Metaspace       used 20666K, committed 21504K, reserved 1114112K
  class space    used 2188K, committed 2560K, reserved 1048576K
}
Event: 17.233 GC heap before
{Heap before GC invocations=9 (full 1):
 PSYoungGen      total 29696K, used 24576K [0x00000000d5580000, 0x00000000d7780000, 0x0000000100000000)
  eden space 24576K, 100% used [0x00000000d5580000,0x00000000d6d80000,0x00000000d6d80000)
  from space 5120K, 0% used [0x00000000d6e00000,0x00000000d6e00000,0x00000000d7300000)
  to   space 4608K, 0% used [0x00000000d7300000,0x00000000d7300000,0x00000000d7780000)
 ParOldGen       total 68608K, used 13423K [0x0000000080000000, 0x0000000084300000, 0x00000000d5580000)
  object space 68608K, 19% used [0x0000000080000000,0x0000000080d1bc38,0x0000000084300000)
 Metaspace       used 23197K, committed 24064K, reserved 1114112K
  class space    used 2355K, committed 2752K, reserved 1048576K
}
Event: 17.234 GC heap after
{Heap after GC invocations=9 (full 1):
 PSYoungGen      total 25088K, used 706K [0x00000000d5580000, 0x00000000d7400000, 0x0000000100000000)
  eden space 24064K, 0% used [0x00000000d5580000,0x00000000d5580000,0x00000000d6d00000)
  from space 1024K, 68% used [0x00000000d7300000,0x00000000d73b09e8,0x00000000d7400000)
  to   space 2560K, 0% used [0x00000000d6f00000,0x00000000d6f00000,0x00000000d7180000)
 ParOldGen       total 68608K, used 13431K [0x0000000080000000, 0x0000000084300000, 0x00000000d5580000)
  object space 68608K, 19% used [0x0000000080000000,0x0000000080d1dc38,0x0000000084300000)
 Metaspace       used 23197K, committed 24064K, reserved 1114112K
  class space    used 2355K, committed 2752K, reserved 1048576K
}
Event: 17.380 GC heap before
{Heap before GC invocations=10 (full 1):
 PSYoungGen      total 25088K, used 24770K [0x00000000d5580000, 0x00000000d7400000, 0x0000000100000000)
  eden space 24064K, 100% used [0x00000000d5580000,0x00000000d6d00000,0x00000000d6d00000)
  from space 1024K, 68% used [0x00000000d7300000,0x00000000d73b09e8,0x00000000d7400000)
  to   space 2560K, 0% used [0x00000000d6f00000,0x00000000d6f00000,0x00000000d7180000)
 ParOldGen       total 68608K, used 13431K [0x0000000080000000, 0x0000000084300000, 0x00000000d5580000)
  object space 68608K, 19% used [0x0000000080000000,0x0000000080d1dc38,0x0000000084300000)
 Metaspace       used 26468K, committed 27264K, reserved 1114112K
  class space    used 2604K, committed 2944K, reserved 1048576K
}
Event: 17.381 GC heap after
{Heap after GC invocations=10 (full 1):
 PSYoungGen      total 26112K, used 2542K [0x00000000d5580000, 0x00000000d7380000, 0x0000000100000000)
  eden space 23552K, 0% used [0x00000000d5580000,0x00000000d5580000,0x00000000d6c80000)
  from space 2560K, 99% used [0x00000000d6f00000,0x00000000d717bbd0,0x00000000d7180000)
  to   space 2048K, 0% used [0x00000000d7180000,0x00000000d7180000,0x00000000d7380000)
 ParOldGen       total 68608K, used 13439K [0x0000000080000000, 0x0000000084300000, 0x00000000d5580000)
  object space 68608K, 19% used [0x0000000080000000,0x0000000080d1fc38,0x0000000084300000)
 Metaspace       used 26468K, committed 27264K, reserved 1114112K
  class space    used 2604K, committed 2944K, reserved 1048576K
}
Event: 17.632 GC heap before
{Heap before GC invocations=11 (full 1):
 PSYoungGen      total 26112K, used 26094K [0x00000000d5580000, 0x00000000d7380000, 0x0000000100000000)
  eden space 23552K, 100% used [0x00000000d5580000,0x00000000d6c80000,0x00000000d6c80000)
  from space 2560K, 99% used [0x00000000d6f00000,0x00000000d717bbd0,0x00000000d7180000)
  to   space 2048K, 0% used [0x00000000d7180000,0x00000000d7180000,0x00000000d7380000)
 ParOldGen       total 68608K, used 13439K [0x0000000080000000, 0x0000000084300000, 0x00000000d5580000)
  object space 68608K, 19% used [0x0000000080000000,0x0000000080d1fc38,0x0000000084300000)
 Metaspace       used 28773K, committed 29696K, reserved 1114112K
  class space    used 2815K, committed 3264K, reserved 1048576K
}
Event: 17.634 GC heap after
{Heap after GC invocations=11 (full 1):
 PSYoungGen      total 25088K, used 2047K [0x00000000d5580000, 0x00000000d7400000, 0x0000000100000000)
  eden space 23040K, 0% used [0x00000000d5580000,0x00000000d5580000,0x00000000d6c00000)
  from space 2048K, 99% used [0x00000000d7180000,0x00000000d737ff58,0x00000000d7380000)
  to   space 4096K, 0% used [0x00000000d6c00000,0x00000000d6c00000,0x00000000d7000000)
 ParOldGen       total 68608K, used 14774K [0x0000000080000000, 0x0000000084300000, 0x00000000d5580000)
  object space 68608K, 21% used [0x0000000080000000,0x0000000080e6d948,0x0000000084300000)
 Metaspace       used 28773K, committed 29696K, reserved 1114112K
  class space    used 2815K, committed 3264K, reserved 1048576K
}

Dll operation events (10 events):
Event: 0.078 Loaded shared library c:\Users\LENOVO\.cursor\extensions\redhat.java-1.54.0-win32-x64\jre\21.0.10-win32-x86_64\bin\java.dll
Event: 0.239 Loaded shared library c:\Users\LENOVO\.cursor\extensions\redhat.java-1.54.0-win32-x64\jre\21.0.10-win32-x86_64\bin\zip.dll
Event: 0.266 Loaded shared library C:\Users\LENOVO\.cursor\extensions\redhat.java-1.54.0-win32-x64\jre\21.0.10-win32-x86_64\bin\instrument.dll
Event: 0.275 Loaded shared library C:\Users\LENOVO\.cursor\extensions\redhat.java-1.54.0-win32-x64\jre\21.0.10-win32-x86_64\bin\net.dll
Event: 0.279 Loaded shared library C:\Users\LENOVO\.cursor\extensions\redhat.java-1.54.0-win32-x64\jre\21.0.10-win32-x86_64\bin\nio.dll
Event: 0.284 Loaded shared library C:\Users\LENOVO\.cursor\extensions\redhat.java-1.54.0-win32-x64\jre\21.0.10-win32-x86_64\bin\zip.dll
Event: 0.308 Loaded shared library C:\Users\LENOVO\.cursor\extensions\redhat.java-1.54.0-win32-x64\jre\21.0.10-win32-x86_64\bin\jimage.dll
Event: 0.443 Loaded shared library c:\Users\LENOVO\.cursor\extensions\redhat.java-1.54.0-win32-x64\jre\21.0.10-win32-x86_64\bin\verify.dll
Event: 5.579 Loaded shared library C:\Users\LENOVO\AppData\Roaming\Cursor\User\globalStorage\redhat.java\1.54.0\config_win\org.eclipse.equinox.launcher\org.eclipse.equinox.launcher.win32.win32.x86_64_1.3.0.v20260203-2149\eclipse_11919.dll
Event: 16.349 Loaded shared library C:\Users\LENOVO\AppData\Local\Temp\jna--2053026509\jna7299902041888205728.dll

Deoptimization events (20 events):
Event: 17.550 Thread 0x000001625dae7760 Uncommon trap: trap_request=0xffffff45 fr.pc=0x000001620ad73168 relative=0x0000000000000568
Event: 17.550 Thread 0x000001625dae7760 Uncommon trap: reason=unstable_if action=reinterpret pc=0x000001620ad73168 method=java.lang.AbstractStringBuilder.isLatin1()Z @ 10 c2
Event: 17.550 Thread 0x000001625dae7760 DEOPT PACKING pc=0x000001620ad73168 sp=0x00000052f09fe590
Event: 17.550 Thread 0x000001625dae7760 DEOPT UNPACKING pc=0x000001620a6c6da2 sp=0x00000052f09fe490 mode 2
Event: 17.550 Thread 0x000001625dae7760 Uncommon trap: trap_request=0xffffff45 fr.pc=0x000001620acff8b0 relative=0x0000000000000470
Event: 17.550 Thread 0x000001625dae7760 Uncommon trap: reason=unstable_if action=reinterpret pc=0x000001620acff8b0 method=java.lang.AbstractStringBuilder.isLatin1()Z @ 10 c2
Event: 17.550 Thread 0x000001625dae7760 DEOPT PACKING pc=0x000001620acff8b0 sp=0x00000052f09fe6f0
Event: 17.550 Thread 0x000001625dae7760 DEOPT UNPACKING pc=0x000001620a6c6da2 sp=0x00000052f09fe660 mode 2
Event: 17.553 Thread 0x000001625dae7760 Uncommon trap: trap_request=0xffffffc6 fr.pc=0x000001620acccbfc relative=0x0000000000000a9c
Event: 17.553 Thread 0x000001625dae7760 Uncommon trap: reason=bimorphic_or_optimized_type_check action=maybe_recompile pc=0x000001620acccbfc method=java.util.HashMap.putVal(ILjava/lang/Object;Ljava/lang/Object;ZZ)Ljava/lang/Object; @ 56 c2
Event: 17.553 Thread 0x000001625dae7760 DEOPT PACKING pc=0x000001620acccbfc sp=0x00000052f09fdf60
Event: 17.553 Thread 0x000001625dae7760 DEOPT UNPACKING pc=0x000001620a6c6da2 sp=0x00000052f09fde60 mode 2
Event: 17.554 Thread 0x000001625dae7760 Uncommon trap: trap_request=0xffffffc6 fr.pc=0x000001620acccbfc relative=0x0000000000000a9c
Event: 17.554 Thread 0x000001625dae7760 Uncommon trap: reason=bimorphic_or_optimized_type_check action=maybe_recompile pc=0x000001620acccbfc method=java.util.HashMap.putVal(ILjava/lang/Object;Ljava/lang/Object;ZZ)Ljava/lang/Object; @ 56 c2
Event: 17.554 Thread 0x000001625dae7760 DEOPT PACKING pc=0x000001620acccbfc sp=0x00000052f09fdf60
Event: 17.554 Thread 0x000001625dae7760 DEOPT UNPACKING pc=0x000001620a6c6da2 sp=0x00000052f09fde60 mode 2
Event: 17.554 Thread 0x000001625dae7760 Uncommon trap: trap_request=0xffffffc6 fr.pc=0x000001620acccbfc relative=0x0000000000000a9c
Event: 17.554 Thread 0x000001625dae7760 Uncommon trap: reason=bimorphic_or_optimized_type_check action=maybe_recompile pc=0x000001620acccbfc method=java.util.HashMap.putVal(ILjava/lang/Object;Ljava/lang/Object;ZZ)Ljava/lang/Object; @ 56 c2
Event: 17.554 Thread 0x000001625dae7760 DEOPT PACKING pc=0x000001620acccbfc sp=0x00000052f09fdf60
Event: 17.554 Thread 0x000001625dae7760 DEOPT UNPACKING pc=0x000001620a6c6da2 sp=0x00000052f09fde60 mode 2

Classes loaded (20 events):
Event: 17.675 Loading class sun/nio/cs/KOI8_R
Event: 17.675 Loading class sun/nio/cs/KOI8_R done
Event: 17.682 Loading class com/sun/org/apache/xml/internal/serializer/NamespaceMappings
Event: 17.682 Loading class com/sun/org/apache/xml/internal/serializer/NamespaceMappings done
Event: 17.682 Loading class com/sun/org/apache/xml/internal/serializer/NamespaceMappings$MappingRecord
Event: 17.682 Loading class com/sun/org/apache/xml/internal/serializer/NamespaceMappings$MappingRecord done
Event: 17.683 Loading class javax/xml/transform/stream/StreamSource
Event: 17.683 Loading class javax/xml/transform/stream/StreamSource done
Event: 17.683 Loading class javax/xml/transform/sax/SAXSource
Event: 17.683 Loading class javax/xml/transform/sax/SAXSource done
Event: 17.683 Loading class javax/xml/transform/stax/StAXSource
Event: 17.683 Loading class javax/xml/transform/stax/StAXSource done
Event: 17.683 Loading class com/sun/org/apache/xalan/internal/xsltc/trax/DOM2TO
Event: 17.684 Loading class com/sun/org/apache/xalan/internal/xsltc/trax/DOM2TO done
Event: 17.686 Loading class com/sun/org/apache/xml/internal/serializer/WriterToUTF8Buffered
Event: 17.686 Loading class com/sun/org/apache/xml/internal/serializer/WriterChain
Event: 17.686 Loading class com/sun/org/apache/xml/internal/serializer/WriterChain done
Event: 17.686 Loading class com/sun/org/apache/xml/internal/serializer/WriterToUTF8Buffered done
Event: 17.686 Loading class com/sun/org/apache/xml/internal/serializer/WriterToASCI
Event: 17.686 Loading class com/sun/org/apache/xml/internal/serializer/WriterToASCI done

Classes unloaded (7 events):
Event: 17.074 Thread 0x000001627d9dc690 Unloading class 0x00000162181a8c00 'java/lang/invoke/LambdaForm$MH+0x00000162181a8c00'
Event: 17.074 Thread 0x000001627d9dc690 Unloading class 0x00000162181a8800 'java/lang/invoke/LambdaForm$MH+0x00000162181a8800'
Event: 17.074 Thread 0x000001627d9dc690 Unloading class 0x00000162181a8400 'java/lang/invoke/LambdaForm$MH+0x00000162181a8400'
Event: 17.074 Thread 0x000001627d9dc690 Unloading class 0x00000162181a8000 'java/lang/invoke/LambdaForm$MH+0x00000162181a8000'
Event: 17.074 Thread 0x000001627d9dc690 Unloading class 0x00000162181a7c00 'java/lang/invoke/LambdaForm$BMH+0x00000162181a7c00'
Event: 17.074 Thread 0x000001627d9dc690 Unloading class 0x00000162181a7800 'java/lang/invoke/LambdaForm$DMH+0x00000162181a7800'
Event: 17.074 Thread 0x000001627d9dc690 Unloading class 0x00000162181a6400 'java/lang/invoke/LambdaForm$DMH+0x00000162181a6400'

Classes redefined (0 events):
No events

Internal exceptions (20 events):
Event: 16.519 Thread 0x000001625dae7760 Exception <a 'java/lang/NoSuchMethodError'{0x00000000d60851e0}: 'java.lang.Object java.lang.invoke.DirectMethodHandle$Holder.invokeSpecial(java.lang.Object, java.lang.Object, java.lang.Object, int, java.lang.Object, java.lang.Object)'> (0x00000000d60851e0) 
thrown [s\src\hotspot\share\interpreter\linkResolver.cpp, line 773]
Event: 16.520 Thread 0x000001625dae7760 Exception <a 'java/lang/NoSuchMethodError'{0x00000000d608cbf8}: 'java.lang.Object java.lang.invoke.DirectMethodHandle$Holder.newInvokeSpecial(java.lang.Object, java.lang.Object, java.lang.Object, int, java.lang.Object)'> (0x00000000d608cbf8) 
thrown [s\src\hotspot\share\interpreter\linkResolver.cpp, line 773]
Event: 16.520 Thread 0x000001625dae7760 Exception <a 'java/lang/NoSuchMethodError'{0x00000000d6090de0}: 'java.lang.Object java.lang.invoke.DirectMethodHandle$Holder.invokeSpecial(java.lang.Object, java.lang.Object, java.lang.Object, java.lang.Object, int, java.lang.Object)'> (0x00000000d6090de0) 
thrown [s\src\hotspot\share\interpreter\linkResolver.cpp, line 773]
Event: 16.520 Thread 0x000001625dae7760 Exception <a 'java/lang/NoSuchMethodError'{0x00000000d6094920}: 'java.lang.Object java.lang.invoke.Invokers$Holder.linkToTargetMethod(java.lang.Object, java.lang.Object, int, java.lang.Object, java.lang.Object)'> (0x00000000d6094920) 
thrown [s\src\hotspot\share\interpreter\linkResolver.cpp, line 773]
Event: 16.521 Thread 0x000001625d2d0af0 Exception <a 'java/lang/NoSuchMethodError'{0x00000000d5fa96e0}: 'java.lang.Object java.lang.invoke.DirectMethodHandle$Holder.invokeSpecial(java.lang.Object, java.lang.Object, int, java.lang.Object, java.lang.Object)'> (0x00000000d5fa96e0) 
thrown [s\src\hotspot\share\interpreter\linkResolver.cpp, line 773]
Event: 16.539 Thread 0x000001625dae7760 Exception <a 'java/lang/NoSuchMethodError'{0x00000000d619ce98}: 'void java.lang.invoke.DirectMethodHandle$Holder.invokeSpecial(java.lang.Object, java.lang.Object, java.lang.Object, java.lang.Object, java.lang.Object)'> (0x00000000d619ce98) 
thrown [s\src\hotspot\share\interpreter\linkResolver.cpp, line 773]
Event: 16.741 Thread 0x000001625dae7760 Exception <a 'java/lang/NoSuchMethodError'{0x00000000d695eef8}: 'java.lang.Object java.lang.invoke.DirectMethodHandle$Holder.invokeInterface(java.lang.Object, java.lang.Object, java.lang.Object)'> (0x00000000d695eef8) 
thrown [s\src\hotspot\share\interpreter\linkResolver.cpp, line 773]
Event: 16.810 Thread 0x000001625dae7760 Exception <a 'java/lang/NoSuchMethodError'{0x00000000d6de1208}: 'java.lang.Object java.lang.invoke.Invokers$Holder.linkToTargetMethod(java.lang.Object, long, java.lang.Object, java.lang.Object)'> (0x00000000d6de1208) 
thrown [s\src\hotspot\share\interpreter\linkResolver.cpp, line 773]
Event: 16.893 Thread 0x000001625dae7760 Exception <a 'java/io/FileNotFoundException'{0x00000000d5d74ab8}> (0x00000000d5d74ab8) 
thrown [s\src\hotspot\share\prims\jni.cpp, line 520]
Event: 16.894 Thread 0x000001625dae7760 Exception <a 'java/lang/NoSuchMethodError'{0x00000000d5d7d080}: 'java.lang.Object java.lang.invoke.DirectMethodHandle$Holder.newInvokeSpecial(java.lang.Object, int, java.lang.Object, java.lang.Object)'> (0x00000000d5d7d080) 
thrown [s\src\hotspot\share\interpreter\linkResolver.cpp, line 773]
Event: 17.017 Thread 0x000001625dae7760 Exception <a 'java/lang/NoSuchMethodError'{0x00000000d65f6948}: 'long java.lang.invoke.Invokers$Holder.invokeExact_MT(java.lang.Object, java.lang.Object)'> (0x00000000d65f6948) 
thrown [s\src\hotspot\share\interpreter\linkResolver.cpp, line 773]
Event: 17.122 Thread 0x000001625dae7760 Exception <a 'java/lang/NoSuchMethodError'{0x00000000d581f6d8}: 'double java.lang.invoke.DirectMethodHandle$Holder.invokeStatic(java.lang.Object, java.lang.Object)'> (0x00000000d581f6d8) 
thrown [s\src\hotspot\share\interpreter\linkResolver.cpp, line 773]
Event: 17.123 Thread 0x000001625dae7760 Exception <a 'java/lang/NoSuchMethodError'{0x00000000d5822d68}: 'double java.lang.invoke.DirectMethodHandle$Holder.invokeStaticInit(java.lang.Object, java.lang.Object)'> (0x00000000d5822d68) 
thrown [s\src\hotspot\share\interpreter\linkResolver.cpp, line 773]
Event: 17.308 Thread 0x000001625dae7760 Implicit null exception at 0x000001620adcc975 to 0x000001620adcca88
Event: 17.386 Thread 0x000001625dae7760 Exception <a 'java/io/FileNotFoundException'{0x00000000d5d967a8}> (0x00000000d5d967a8) 
thrown [s\src\hotspot\share\prims\jni.cpp, line 520]
Event: 17.386 Thread 0x000001625dae7760 Exception <a 'java/io/FileNotFoundException'{0x00000000d5d977b8}> (0x00000000d5d977b8) 
thrown [s\src\hotspot\share\prims\jni.cpp, line 520]
Event: 17.525 Thread 0x000001625dae7760 Exception <a 'java/lang/ClassNotFoundException'{0x00000000d663f190}: com/sun/org/apache/xerces/internal/impl/msg/spi/DOMMessagesProvider> (0x00000000d663f190) 
thrown [s\src\hotspot\share\classfile\systemDictionary.cpp, line 312]
Event: 17.526 Thread 0x000001625dae7760 Exception <a 'java/lang/ClassNotFoundException'{0x00000000d6650948}: com/sun/org/apache/xerces/internal/impl/msg/spi/XMLSerializerMessagesProvider> (0x00000000d6650948) 
thrown [s\src\hotspot\share\classfile\systemDictionary.cpp, line 312]
Event: 17.527 Thread 0x000001625dae7760 Exception <a 'java/lang/ClassNotFoundException'{0x00000000d665dc68}: com/sun/org/apache/xerces/internal/impl/msg/spi/XMLMessagesProvider> (0x00000000d665dc68) 
thrown [s\src\hotspot\share\classfile\systemDictionary.cpp, line 312]
Event: 17.630 Thread 0x000001625dae7760 Exception <a 'java/lang/ClassNotFoundException'{0x00000000d6c659e0}: com/sun/org/apache/xml/internal/serializer/spi/XMLEntitiesProvider> (0x00000000d6c659e0) 
thrown [s\src\hotspot\share\classfile\systemDictionary.cpp, line 312]

ZGC Phase Switch (0 events):
No events

VM Operations (20 events):
Event: 16.695 Executing non-safepoint VM operation: HandshakeAllThreads (Deoptimize)
Event: 16.695 Executing non-safepoint VM operation: HandshakeAllThreads (Deoptimize) done
Event: 16.703 Executing non-safepoint VM operation: HandshakeAllThreads (Deoptimize)
Event: 16.703 Executing non-safepoint VM operation: HandshakeAllThreads (Deoptimize) done
Event: 16.732 Executing safepoint VM operation: ICBufferFull
Event: 16.732 Executing safepoint VM operation: ICBufferFull done
Event: 16.811 Executing safepoint VM operation: ParallelGCFailedAllocation (Allocation Failure)
Event: 16.816 Executing safepoint VM operation: ParallelGCFailedAllocation (Allocation Failure) done
Event: 17.064 Executing safepoint VM operation: CollectForMetadataAllocation (Metadata GC Threshold)
Event: 17.101 Executing safepoint VM operation: CollectForMetadataAllocation (Metadata GC Threshold) done
Event: 17.233 Executing safepoint VM operation: ParallelGCFailedAllocation (Allocation Failure)
Event: 17.234 Executing safepoint VM operation: ParallelGCFailedAllocation (Allocation Failure) done
Event: 17.380 Executing safepoint VM operation: ParallelGCFailedAllocation (Allocation Failure)
Event: 17.381 Executing safepoint VM operation: ParallelGCFailedAllocation (Allocation Failure) done
Event: 17.553 Executing non-safepoint VM operation: HandshakeAllThreads (Deoptimize)
Event: 17.553 Executing non-safepoint VM operation: HandshakeAllThreads (Deoptimize) done
Event: 17.632 Executing safepoint VM operation: ParallelGCFailedAllocation (Allocation Failure)
Event: 17.634 Executing safepoint VM operation: ParallelGCFailedAllocation (Allocation Failure) done
Event: 17.657 Executing non-safepoint VM operation: HandshakeAllThreads (Deoptimize)
Event: 17.657 Executing non-safepoint VM operation: HandshakeAllThreads (Deoptimize) done

Memory protections (0 events):
No events

Nmethod flushes (0 events):
No events

Events (20 events):
Event: 5.620 Thread 0x000001627b5b4d70 Thread added: 0x000001625dae7760
Event: 6.133 Thread 0x000001621633e180 Thread added: 0x000001625d7ce910
Event: 6.134 Thread 0x000001621633e180 Thread added: 0x000001625d1aa6a0
Event: 7.582 Thread 0x000001625d1aa6a0 Thread exited: 0x000001625d1aa6a0
Event: 7.582 Thread 0x000001625d7ce910 Thread exited: 0x000001625d7ce910
Event: 8.465 Thread 0x000001621633e180 Thread added: 0x000001625d824fa0
Event: 8.808 Thread 0x000001625d824fa0 Thread exited: 0x000001625d824fa0
Event: 8.851 Thread 0x000001621633e180 Thread added: 0x000001625d825d40
Event: 8.865 Thread 0x000001625dae7760 Thread added: 0x000001625d356c10
Event: 9.019 Thread 0x000001625d825d40 Thread exited: 0x000001625d825d40
Event: 15.517 Thread 0x000001625dae7760 Thread added: 0x000001625e2400f0
Event: 15.659 Thread 0x000001621633e180 Thread added: 0x000001625d3c7c50
Event: 15.659 Thread 0x000001621633e180 Thread added: 0x000001625d3c67e0
Event: 15.948 Thread 0x000001625dae7760 Thread added: 0x000001625d2d3250
Event: 16.130 Thread 0x000001625d3c67e0 Thread exited: 0x000001625d3c67e0
Event: 16.400 Thread 0x000001625dae7760 Thread added: 0x000001625d2d3f70
Event: 16.456 Thread 0x000001625dae7760 Thread added: 0x000001625d2d0af0
Event: 16.522 Thread 0x000001625dae7760 Thread added: 0x000001625d2d2530
Event: 17.540 Thread 0x000001625dae7760 Thread added: 0x000001625d2d2bc0
Event: 17.675 Thread 0x0000016216321150 Thread added: 0x000001625d3c7580


Dynamic libraries:
0x00007ff6ab040000 - 0x00007ff6ab04e000 	c:\Users\LENOVO\.cursor\extensions\redhat.java-1.54.0-win32-x64\jre\21.0.10-win32-x86_64\bin\java.exe
0x00007fff9c200000 - 0x00007fff9c467000 	C:\WINDOWS\SYSTEM32\ntdll.dll
0x00007fff70bd0000 - 0x00007fff70bf1000 	C:\Program Files\Avast Software\Avast\aswhook.dll
0x00007fff9af20000 - 0x00007fff9afe9000 	C:\WINDOWS\System32\KERNEL32.DLL
0x00007fff98cf0000 - 0x00007fff990e7000 	C:\WINDOWS\System32\KERNELBASE.dll
0x00007fff95f30000 - 0x00007fff95fd0000 	C:\WINDOWS\SYSTEM32\apphelp.dll
0x00007fff99360000 - 0x00007fff994ab000 	C:\WINDOWS\System32\ucrtbase.dll
0x00007fff5e740000 - 0x00007fff5e758000 	c:\Users\LENOVO\.cursor\extensions\redhat.java-1.54.0-win32-x64\jre\21.0.10-win32-x86_64\bin\jli.dll
0x00007fff9b0c0000 - 0x00007fff9b286000 	C:\WINDOWS\System32\USER32.dll
0x00007fff99560000 - 0x00007fff99587000 	C:\WINDOWS\System32\win32u.dll
0x00007fff9bf00000 - 0x00007fff9bf2b000 	C:\WINDOWS\System32\GDI32.dll
0x00007fff99230000 - 0x00007fff9935c000 	C:\WINDOWS\System32\gdi32full.dll
0x00007fff990f0000 - 0x00007fff99193000 	C:\WINDOWS\System32\msvcp_win.dll
0x00007fff58340000 - 0x00007fff5835e000 	c:\Users\LENOVO\.cursor\extensions\redhat.java-1.54.0-win32-x64\jre\21.0.10-win32-x86_64\bin\VCRUNTIME140.dll
0x00007fff89fd0000 - 0x00007fff8a262000 	C:\WINDOWS\WinSxS\amd64_microsoft.windows.common-controls_6595b64144ccf1df_6.0.26100.8457_none_3e0b2faee331e92d\COMCTL32.dll
0x00007fff9a0b0000 - 0x00007fff9a159000 	C:\WINDOWS\System32\msvcrt.dll
0x00007fff9a870000 - 0x00007fff9a8a2000 	C:\WINDOWS\System32\IMM32.DLL
0x00007fff87d00000 - 0x00007fff87d0c000 	c:\Users\LENOVO\.cursor\extensions\redhat.java-1.54.0-win32-x64\jre\21.0.10-win32-x86_64\bin\vcruntime140_1.dll
0x00007fff36120000 - 0x00007fff361ad000 	c:\Users\LENOVO\.cursor\extensions\redhat.java-1.54.0-win32-x64\jre\21.0.10-win32-x86_64\bin\msvcp140.dll
0x00007ffec4100000 - 0x00007ffec4ea1000 	c:\Users\LENOVO\.cursor\extensions\redhat.java-1.54.0-win32-x64\jre\21.0.10-win32-x86_64\bin\server\jvm.dll
0x00007fff9ad50000 - 0x00007fff9ae06000 	C:\WINDOWS\System32\ADVAPI32.dll
0x00007fff9be40000 - 0x00007fff9bee7000 	C:\WINDOWS\System32\sechost.dll
0x00007fff99f80000 - 0x00007fff9a098000 	C:\WINDOWS\System32\RPCRT4.dll
0x00007fff9a160000 - 0x00007fff9a1e0000 	C:\WINDOWS\System32\WS2_32.dll
0x00007fff989e0000 - 0x00007fff98a3e000 	C:\WINDOWS\SYSTEM32\POWRPROF.dll
0x00007fff7e020000 - 0x00007fff7e056000 	C:\WINDOWS\SYSTEM32\WINMM.dll
0x00007fff926d0000 - 0x00007fff926db000 	C:\WINDOWS\SYSTEM32\VERSION.dll
0x00007fff989c0000 - 0x00007fff989d4000 	C:\WINDOWS\SYSTEM32\UMPDC.dll
0x00007fff97980000 - 0x00007fff9799b000 	C:\WINDOWS\SYSTEM32\kernel.appcore.dll
0x00007fff87bd0000 - 0x00007fff87bda000 	c:\Users\LENOVO\.cursor\extensions\redhat.java-1.54.0-win32-x64\jre\21.0.10-win32-x86_64\bin\jimage.dll
0x00007fff96ba0000 - 0x00007fff96de2000 	C:\WINDOWS\SYSTEM32\DBGHELP.DLL
0x00007fff9a9c0000 - 0x00007fff9ad43000 	C:\WINDOWS\System32\combase.dll
0x00007fff9a8e0000 - 0x00007fff9a9b9000 	C:\WINDOWS\System32\OLEAUT32.dll
0x00007fff88e50000 - 0x00007fff88e8b000 	C:\WINDOWS\SYSTEM32\dbgcore.DLL
0x00007fff994b0000 - 0x00007fff99558000 	C:\WINDOWS\System32\bcryptPrimitives.dll
0x00007fff70080000 - 0x00007fff7008f000 	c:\Users\LENOVO\.cursor\extensions\redhat.java-1.54.0-win32-x64\jre\21.0.10-win32-x86_64\bin\instrument.dll
0x00007fff3ebb0000 - 0x00007fff3ebd0000 	c:\Users\LENOVO\.cursor\extensions\redhat.java-1.54.0-win32-x64\jre\21.0.10-win32-x86_64\bin\java.dll
0x00007fff9b560000 - 0x00007fff9bcce000 	C:\WINDOWS\System32\SHELL32.dll
0x00007fff99710000 - 0x00007fff99f7c000 	C:\WINDOWS\System32\windows.storage.dll
0x00007fff9a700000 - 0x00007fff9a7f6000 	C:\WINDOWS\System32\SHCORE.dll
0x00007fff9a800000 - 0x00007fff9a866000 	C:\WINDOWS\System32\shlwapi.dll
0x00007fff98b50000 - 0x00007fff98b79000 	C:\WINDOWS\SYSTEM32\profapi.dll
0x00007fff38060000 - 0x00007fff38078000 	c:\Users\LENOVO\.cursor\extensions\redhat.java-1.54.0-win32-x64\jre\21.0.10-win32-x86_64\bin\zip.dll
0x00007fff86270000 - 0x00007fff86280000 	C:\Users\LENOVO\.cursor\extensions\redhat.java-1.54.0-win32-x64\jre\21.0.10-win32-x86_64\bin\net.dll
0x00007fff92050000 - 0x00007fff92179000 	C:\WINDOWS\SYSTEM32\WINHTTP.dll
0x00007fff97ed0000 - 0x00007fff97f3c000 	C:\WINDOWS\system32\mswsock.dll
0x00007fff3e5e0000 - 0x00007fff3e5f6000 	C:\Users\LENOVO\.cursor\extensions\redhat.java-1.54.0-win32-x64\jre\21.0.10-win32-x86_64\bin\nio.dll
0x00007fff70000000 - 0x00007fff70010000 	c:\Users\LENOVO\.cursor\extensions\redhat.java-1.54.0-win32-x64\jre\21.0.10-win32-x86_64\bin\verify.dll
0x00007fff246c0000 - 0x00007fff24705000 	C:\Users\LENOVO\AppData\Roaming\Cursor\User\globalStorage\redhat.java\1.54.0\config_win\org.eclipse.equinox.launcher\org.eclipse.equinox.launcher.win32.win32.x86_64_1.3.0.v20260203-2149\eclipse_11919.dll
0x00007fff9b290000 - 0x00007fff9b427000 	C:\WINDOWS\System32\ole32.dll
0x00007fff982d0000 - 0x00007fff982eb000 	C:\WINDOWS\SYSTEM32\CRYPTSP.dll
0x00007fff978e0000 - 0x00007fff97919000 	C:\WINDOWS\system32\rsaenh.dll
0x00007fff97f80000 - 0x00007fff97fb3000 	C:\WINDOWS\SYSTEM32\USERENV.dll
0x00007fff98b20000 - 0x00007fff98b4a000 	C:\WINDOWS\SYSTEM32\bcrypt.dll
0x00007fff98130000 - 0x00007fff9813c000 	C:\WINDOWS\SYSTEM32\CRYPTBASE.dll
0x00007fff973c0000 - 0x00007fff973f2000 	C:\WINDOWS\SYSTEM32\IPHLPAPI.DLL
0x00007fff9a0a0000 - 0x00007fff9a0aa000 	C:\WINDOWS\System32\NSI.dll
0x00007fff32ae0000 - 0x00007fff32b29000 	C:\Users\LENOVO\AppData\Local\Temp\jna--2053026509\jna7299902041888205728.dll
0x00007fff9bef0000 - 0x00007fff9bef8000 	C:\WINDOWS\System32\PSAPI.DLL
0x00007fff93090000 - 0x00007fff930ad000 	C:\WINDOWS\SYSTEM32\dhcpcsvc6.DLL
0x00007fff92fc0000 - 0x00007fff92fe5000 	C:\WINDOWS\SYSTEM32\dhcpcsvc.DLL

JVMTI agents:
c:\Users\LENOVO\.cursor\extensions\redhat.java-1.54.0-win32-x64\lombok\lombok-1.18.39-4050.jar path:c:\Users\LENOVO\.cursor\extensions\redhat.java-1.54.0-win32-x64\jre\21.0.10-win32-x86_64\bin\instrument.dll, loaded, initialized, instrumentlib options:none

dbghelp: loaded successfully - version: 4.0.5 - missing functions: none
symbol engine: initialized successfully - sym options: 0x614 - pdb path: .;c:\Users\LENOVO\.cursor\extensions\redhat.java-1.54.0-win32-x64\jre\21.0.10-win32-x86_64\bin;C:\WINDOWS\SYSTEM32;C:\Program Files\Avast Software\Avast;C:\WINDOWS\WinSxS\amd64_microsoft.windows.common-controls_6595b64144ccf1df_6.0.26100.8457_none_3e0b2faee331e92d;c:\Users\LENOVO\.cursor\extensions\redhat.java-1.54.0-win32-x64\jre\21.0.10-win32-x86_64\bin\server;C:\Users\LENOVO\AppData\Roaming\Cursor\User\globalStorage\redhat.java\1.54.0\config_win\org.eclipse.equinox.launcher\org.eclipse.equinox.launcher.win32.win32.x86_64_1.3.0.v20260203-2149;C:\Users\LENOVO\AppData\Local\Temp\jna--2053026509

VM Arguments:
jvm_args: --add-modules=ALL-SYSTEM --add-opens=java.base/java.util=ALL-UNNAMED --add-opens=java.base/java.lang=ALL-UNNAMED --add-opens=java.base/sun.nio.fs=ALL-UNNAMED -Declipse.application=org.eclipse.jdt.ls.core.id1 -Dosgi.bundles.defaultStartLevel=4 -Declipse.product=org.eclipse.jdt.ls.core.product -Djava.import.generatesMetadataFilesAtProjectRoot=false -DDetectVMInstallationsJob.disabled=true -Dfile.encoding=utf8 -XX:+UseParallelGC -XX:GCTimeRatio=4 -XX:AdaptiveSizePolicyWeight=90 -Dsun.zip.disableMemoryMapping=true -Xmx2G -Xms100m -Xlog:disable -javaagent:c:\Users\LENOVO\.cursor\extensions\redhat.java-1.54.0-win32-x64\lombok\lombok-1.18.39-4050.jar -XX:+HeapDumpOnOutOfMemoryError -XX:HeapDumpPath=c:\Users\LENOVO\AppData\Roaming\Cursor\User\workspaceStorage\a78203c44efd8367260fac9b3c4b3b31\redhat.java -Daether.dependencyCollector.impl=bf 
java_command: c:\Users\LENOVO\.cursor\extensions\redhat.java-1.54.0-win32-x64\server\plugins\org.eclipse.equinox.launcher_1.7.100.v20251111-0406.jar -configuration c:\Users\LENOVO\AppData\Roaming\Cursor\User\globalStorage\redhat.java\1.54.0\config_win -data c:\Users\LENOVO\AppData\Roaming\Cursor\User\workspaceStorage\a78203c44efd8367260fac9b3c4b3b31\redhat.java\jdt_ws --pipe=\\.\pipe\lsp-a09e7502ed8f6f8a7cf92d714ceeb9a3-sock
java_class_path (initial): c:\Users\LENOVO\.cursor\extensions\redhat.java-1.54.0-win32-x64\server\plugins\org.eclipse.equinox.launcher_1.7.100.v20251111-0406.jar
Launcher Type: SUN_STANDARD

[Global flags]
    uintx AdaptiveSizePolicyWeight                 = 90                                        {product} {command line}
     intx CICompilerCount                          = 4                                         {product} {ergonomic}
    uintx GCTimeRatio                              = 4                                         {product} {command line}
     bool HeapDumpOnOutOfMemoryError               = true                                   {manageable} {command line}
    ccstr HeapDumpPath                             = c:\Users\LENOVO\AppData\Roaming\Cursor\User\workspaceStorage\a78203c44efd8367260fac9b3c4b3b31\redhat.java         {manageable} {command line}
   size_t InitialHeapSize                          = 104857600                                 {product} {command line}
   size_t MaxHeapSize                              = 2147483648                                {product} {command line}
   size_t MaxNewSize                               = 715653120                                 {product} {ergonomic}
   size_t MinHeapDeltaBytes                        = 524288                                    {product} {ergonomic}
   size_t MinHeapSize                              = 104857600                                 {product} {command line}
   size_t NewSize                                  = 34603008                                  {product} {ergonomic}
    uintx NonNMethodCodeHeapSize                   = 5839372                                {pd product} {ergonomic}
    uintx NonProfiledCodeHeapSize                  = 122909434                              {pd product} {ergonomic}
   size_t OldSize                                  = 70254592                                  {product} {ergonomic}
    uintx ProfiledCodeHeapSize                     = 122909434                              {pd product} {ergonomic}
    uintx ReservedCodeCacheSize                    = 251658240                              {pd product} {ergonomic}
     bool SegmentedCodeCache                       = true                                      {product} {ergonomic}
   size_t SoftMaxHeapSize                          = 2147483648                             {manageable} {ergonomic}
     bool UseCompressedOops                        = true                           {product lp64_product} {ergonomic}
     bool UseLargePagesIndividualAllocation        = false                                  {pd product} {ergonomic}
     bool UseParallelGC                            = true                                      {product} {command line}

Logging:
Log output configuration:
 #0: stdout all=off uptime,level,tags foldmultilines=false
 #1: stderr all=off uptime,level,tags foldmultilines=false

Release file:
JAVA_VERSION="21.0.10" 
MODULES="java.base java.compiler java.datatransfer java.xml java.prefs java.desktop java.instrument java.logging java.management java.security.sasl java.naming java.rmi java.management.rmi java.net.http java.scripting java.security.jgss java.transaction.xa java.sql java.sql.rowset java.xml.crypto java.se java.smartcardio jdk.accessibility jdk.internal.jvmstat jdk.attach jdk.charsets jdk.internal.opt jdk.zipfs jdk.compiler jdk.crypto.ec jdk.crypto.cryptoki jdk.crypto.mscapi jdk.dynalink jdk.internal.ed jdk.editpad jdk.hotspot.agent jdk.httpserver jdk.internal.le jdk.internal.vm.ci jdk.internal.vm.compiler jdk.internal.vm.compiler.management jdk.jartool jdk.javadoc jdk.jcmd jdk.management jdk.management.agent jdk.jconsole jdk.jdeps jdk.jdwp.agent jdk.jdi jdk.jfr jdk.jshell jdk.jsobject jdk.jstatd jdk.localedata jdk.management.jfr jdk.naming.dns jdk.naming.rmi jdk.net jdk.nio.mapmode jdk.random jdk.sctp jdk.security.auth jdk.security.jgss jdk.unsupported jdk.unsupported.desktop jdk.xml.dom" 

Environment Variables:
JAVA_HOME=C:\Program Files\Java\jdk-25
PATH=C:\Program Files\Common Files\Oracle\Java\javapath;C:\Program Files (x86)\Common Files\Oracle\Java\java8path;C:\Program Files (x86)\Common Files\Oracle\Java\javapath;C:\WINDOWS\system32;C:\WINDOWS;C:\WINDOWS\System32\Wbem;C:\WINDOWS\System32\WindowsPowerShell\v1.0\;C:\WINDOWS\System32\OpenSSH\;C:\Program Files\Git\cmd;C:\Program Files\nodejs\;C:\Program Files\Docker\Docker\resources\bin;C:\Users\LENOVO\AppData\Local\Python\pythoncore-3.14-64\;C:\Users\LENOVO\AppData\Local\Python\pythoncore-3.14-64\Scripts\;C:\Program Files\Java\jdk-25\bin;C:\Users\LENOVO\scoop\apps\openssl\current\bin;C:\Ruby34-x64\bin;C:\Users\LENOVO\scoop\shims;C:\Users\LENOVO\AppData\Local\Microsoft\WindowsApps;C:\Users\LENOVO\AppData\Local\Programs\cursor\resources\app\bin;C:\Users\LENOVO\AppData\Roaming\npm;C:\Users\LENOVO\AppData\Local\JetBrains\Toolbox\scripts;C:\platform-tools;C:\Users\LENOVO\AppData\Local\Python\bin
USERNAME=LENOVO
OS=Windows_NT
PROCESSOR_IDENTIFIER=Intel64 Family 6 Model 140 Stepping 1, GenuineIntel
TMP=C:\Users\LENOVO\AppData\Local\Temp
TEMP=C:\Users\LENOVO\AppData\Local\Temp




Periodic native trim disabled

---------------  S Y S T E M  ---------------

OS:
 Windows 11 , 64 bit Build 26100 (10.0.26100.8328)
OS uptime: 1 days 6:53 hours
Hyper-V role detected

CPU: total 8 (initial active 8) (4 cores per cpu, 2 threads per core) family 6 model 140 stepping 1 microcode 0x8a, cx8, cmov, fxsr, ht, mmx, 3dnowpref, sse, sse2, sse3, ssse3, sse4.1, sse4.2, popcnt, lzcnt, tsc, tscinvbit, avx, avx2, aes, erms, clmul, bmi1, bmi2, adx, avx512f, avx512dq, avx512cd, avx512bw, avx512vl, sha, fma, vzeroupper, avx512_vpopcntdq, avx512_vpclmulqdq, avx512_vaes, avx512_vnni, clflush, clflushopt, clwb, avx512_vbmi2, avx512_vbmi, hv, rdtscp, rdpid, fsrm, gfni, avx512_bitalg, f16c, cet_ibt, cet_ss, avx512_ifma
Processor Information for the first 8 processors :
  Max Mhz: 2419, Current Mhz: 2419, Mhz Limit: 2419

Memory: 4k page, system-wide physical 20279M (1731M free)
TotalPageFile size 32958M (AvailPageFile size 0M)
current process WorkingSet (physical memory assigned to process): 173M, peak: 174M
current process commit charge ("private bytes"): 300M, peak: 301M

vm_info: OpenJDK 64-Bit Server VM (21.0.10+7-LTS) for windows-amd64 JRE (21.0.10+7-LTS), built on 2026-01-20T00:00:00Z by "admin" with MS VC++ 17.12 (VS2022)

END.
