#
# There is insufficient memory for the Java Runtime Environment to continue.
# Native memory allocation (malloc) failed to allocate 1048576 bytes. Error detail: AllocateHeap
# Possible reasons:
#   The system is out of physical RAM or swap space
#   This process is running with CompressedOops enabled, and the Java Heap may be blocking the growth of the native heap
# Possible solutions:
#   Reduce memory load on the system
#   Increase physical memory or swap space
#   Check if swap backing store is full
#   Decrease Java heap size (-Xmx/-Xms)
#   Decrease number of Java threads
#   Decrease Java thread stack sizes (-Xss)
#   Set larger code cache with -XX:ReservedCodeCacheSize=
#   JVM is running with Unscaled Compressed Oops mode in which the Java heap is
#     placed in the first 4GB address space. The Java Heap base address is the
#     maximum limit for the native heap growth. Please use -XX:HeapBaseMinAddress
#     to set the Java Heap base and to place the Java Heap above 4GB virtual address.
# This output file may be truncated or incomplete.
#
#  Out of Memory Error (allocation.cpp:44), pid=11244, tid=22324
#
# JRE version: OpenJDK Runtime Environment Temurin-21.0.11+10 (21.0.11+10) (build 21.0.11+10-LTS)
# Java VM: OpenJDK 64-Bit Server VM Temurin-21.0.11+10 (21.0.11+10-LTS, mixed mode, sharing, tiered, compressed oops, compressed class ptrs, parallel gc, windows-amd64)
# No core dump will be written. Minidumps are not enabled by default on client versions of Windows
#

---------------  S U M M A R Y ------------

Command Line: --add-modules=ALL-SYSTEM --add-opens=java.base/java.util=ALL-UNNAMED --add-opens=java.base/java.lang=ALL-UNNAMED --add-opens=java.base/sun.nio.fs=ALL-UNNAMED -Declipse.application=org.eclipse.jdt.ls.core.id1 -Dosgi.bundles.defaultStartLevel=4 -Declipse.product=org.eclipse.jdt.ls.core.product -Djava.import.generatesMetadataFilesAtProjectRoot=false -DDetectVMInstallationsJob.disabled=true -Dfile.encoding=utf8 -XX:+UseParallelGC -XX:GCTimeRatio=4 -XX:AdaptiveSizePolicyWeight=90 -Dsun.zip.disableMemoryMapping=true -Xmx2G -Xms100m -Xlog:disable -javaagent:c:\Users\LENOVO\.cursor\extensions\redhat.java-1.55.0-win32-x64\lombok\lombok-1.18.39-4050.jar -XX:+HeapDumpOnOutOfMemoryError -XX:HeapDumpPath=c:\Users\LENOVO\AppData\Roaming\Cursor\User\workspaceStorage\a78203c44efd8367260fac9b3c4b3b31\redhat.java -Daether.dependencyCollector.impl=bf c:\Users\LENOVO\.cursor\extensions\redhat.java-1.55.0-win32-x64\server\plugins\org.eclipse.equinox.launcher_1.7.200.v20260619-2039.jar -configuration c:\Users\LENOVO\AppData\Roaming\Cursor\User\globalStorage\redhat.java\1.55.0\config_win -data c:\Users\LENOVO\AppData\Roaming\Cursor\User\workspaceStorage\a78203c44efd8367260fac9b3c4b3b31\redhat.java\jdt_ws --pipe=\\.\pipe\lsp-d74eee006d01ac314484c69043b524f2-sock

Host: 11th Gen Intel(R) Core(TM) i5-1135G7 @ 2.40GHz, 8 cores, 19G,  Windows 11 , 64 bit Build 26100 (10.0.26100.8521)
Time: Sun Jul 12 23:26:02 2026 W. Central Africa Standard Time elapsed time: 31733.768326 seconds (0d 8h 48m 53s)

---------------  T H R E A D  ---------------

Current thread (0x000001ec70a9fdf0):  JavaThread "Attach Listener" daemon [_thread_in_vm, id=22324, stack(0x000000e37aa00000,0x000000e37ab00000) (1024K)]

Stack: [0x000000e37aa00000,0x000000e37ab00000]
Native frames: (J=compiled Java code, j=interpreted, Vv=VM code, C=native code)
V  [jvm.dll+0x6d7e19]
V  [jvm.dll+0x8b5096]
V  [jvm.dll+0x8b764e]
V  [jvm.dll+0x8b7d33]
V  [jvm.dll+0x284596]
V  [jvm.dll+0xc13c7]
V  [jvm.dll+0x6d86c9]
V  [jvm.dll+0x133616]
V  [jvm.dll+0x3f868e]
V  [jvm.dll+0x85fb0d]
V  [jvm.dll+0x6d664d]
C  [ucrtbase.dll+0x2cd30]
C  [KERNEL32.DLL+0x2e957]
C  [ntdll.dll+0x87c1c]


---------------  P R O C E S S  ---------------

Threads class SMR info:
_java_thread_list=0x000001ec725c9130, length=40, elements={
0x000001ec57c4b8e0, 0x000001ec5a0dd330, 0x000001ec70a94730, 0x000001ec70a9cfd0,
0x000001ec70a9fdf0, 0x000001ec70aa3ef0, 0x000001ec70aa4950, 0x000001ec70aa77a0,
0x000001ec7239f030, 0x000001ec725840a0, 0x000001ec725c8090, 0x000001ec72ba5d50,
0x000001ec7284c1f0, 0x000001ec728ed650, 0x000001ec72647be0, 0x000001ec772b47a0,
0x000001ec773a6b10, 0x000001ec72e3dae0, 0x000001ec72e408d0, 0x000001ec72e3e170,
0x000001ec72e40f60, 0x000001ec72e3f520, 0x000001ec77feb570, 0x000001ec77fe80f0,
0x000001ec77fea1c0, 0x000001ec77febc00, 0x000001ec77fe8780, 0x000001ec77fea850,
0x000001ec77fec290, 0x000001ec77fe8e10, 0x000001ec77fec920, 0x000001ec77fe94a0,
0x000001ec77fee9f0, 0x000001ec77fee360, 0x000001ec77fef710, 0x000001ec77fed640,
0x000001ec78acc8e0, 0x000001ec78ace9b0, 0x000001ec78acdc90, 0x000001ec78ad03f0
}

Java Threads: ( => current thread )
  0x000001ec57c4b8e0 JavaThread "main"                              [_thread_blocked, id=35324, stack(0x000000e37a300000,0x000000e37a400000) (1024K)]
  0x000001ec5a0dd330 JavaThread "Reference Handler"          daemon [_thread_blocked, id=36812, stack(0x000000e37a700000,0x000000e37a800000) (1024K)]
  0x000001ec70a94730 JavaThread "Finalizer"                  daemon [_thread_blocked, id=34616, stack(0x000000e37a800000,0x000000e37a900000) (1024K)]
  0x000001ec70a9cfd0 JavaThread "Signal Dispatcher"          daemon [_thread_blocked, id=36688, stack(0x000000e37a900000,0x000000e37aa00000) (1024K)]
=>0x000001ec70a9fdf0 JavaThread "Attach Listener"            daemon [_thread_in_vm, id=22324, stack(0x000000e37aa00000,0x000000e37ab00000) (1024K)]
  0x000001ec70aa3ef0 JavaThread "Service Thread"             daemon [_thread_blocked, id=29476, stack(0x000000e37ab00000,0x000000e37ac00000) (1024K)]
  0x000001ec70aa4950 JavaThread "Monitor Deflation Thread"   daemon [_thread_blocked, id=21564, stack(0x000000e37ac00000,0x000000e37ad00000) (1024K)]
  0x000001ec70aa77a0 JavaThread "C2 CompilerThread0"         daemon [_thread_blocked, id=25256, stack(0x000000e37ad00000,0x000000e37ae00000) (1024K)]
  0x000001ec7239f030 JavaThread "C1 CompilerThread0"         daemon [_thread_blocked, id=33004, stack(0x000000e37ae00000,0x000000e37af00000) (1024K)]
  0x000001ec725840a0 JavaThread "Common-Cleaner"             daemon [_thread_blocked, id=15996, stack(0x000000e37b000000,0x000000e37b100000) (1024K)]
  0x000001ec725c8090 JavaThread "Notification Thread"        daemon [_thread_blocked, id=29704, stack(0x000000e37af00000,0x000000e37b000000) (1024K)]
  0x000001ec72ba5d50 JavaThread "Active Thread: Equinox Container: 7e0cb9c7-9092-4a2b-877d-4e40fa6169b9"        [_thread_blocked, id=36576, stack(0x000000e37b700000,0x000000e37b800000) (1024K)]
  0x000001ec7284c1f0 JavaThread "Refresh Thread: Equinox Container: 7e0cb9c7-9092-4a2b-877d-4e40fa6169b9" daemon [_thread_blocked, id=28848, stack(0x000000e37b900000,0x000000e37ba00000) (1024K)]
  0x000001ec728ed650 JavaThread "Framework Event Dispatcher: Equinox Container: 7e0cb9c7-9092-4a2b-877d-4e40fa6169b9" daemon [_thread_blocked, id=29040, stack(0x000000e37ba00000,0x000000e37bb00000) (1024K)]
  0x000001ec72647be0 JavaThread "Start Level: Equinox Container: 7e0cb9c7-9092-4a2b-877d-4e40fa6169b9" daemon [_thread_blocked, id=34692, stack(0x000000e37bb00000,0x000000e37bc00000) (1024K)]
  0x000001ec772b47a0 JavaThread "Bundle File Closer"         daemon [_thread_blocked, id=28732, stack(0x000000e37bd00000,0x000000e37be00000) (1024K)]
  0x000001ec773a6b10 JavaThread "SCR Component Actor"        daemon [_thread_blocked, id=22296, stack(0x000000e37bc00000,0x000000e37bd00000) (1024K)]
  0x000001ec72e3dae0 JavaThread "Worker-JM"                         [_thread_blocked, id=30436, stack(0x000000e37bf00000,0x000000e37c000000) (1024K)]
  0x000001ec72e408d0 JavaThread "JNA Cleaner"                daemon [_thread_blocked, id=29396, stack(0x000000e37c000000,0x000000e37c100000) (1024K)]
  0x000001ec72e3e170 JavaThread "Worker-0"                          [_thread_blocked, id=24120, stack(0x000000e37c100000,0x000000e37c200000) (1024K)]
  0x000001ec72e40f60 JavaThread "Worker-2"                          [_thread_blocked, id=35380, stack(0x000000e37c300000,0x000000e37c400000) (1024K)]
  0x000001ec72e3f520 JavaThread "Java indexing"              daemon [_thread_blocked, id=23720, stack(0x000000e37c500000,0x000000e37c600000) (1024K)]
  0x000001ec77feb570 JavaThread "Thread-1"                   daemon [_thread_in_native, id=34456, stack(0x000000e37cb00000,0x000000e37cc00000) (1024K)]
  0x000001ec77fe80f0 JavaThread "Thread-2"                   daemon [_thread_in_native, id=1864, stack(0x000000e37cc00000,0x000000e37cd00000) (1024K)]
  0x000001ec77fea1c0 JavaThread "Thread-3"                   daemon [_thread_in_native, id=8096, stack(0x000000e37cd00000,0x000000e37ce00000) (1024K)]
  0x000001ec77febc00 JavaThread "Thread-4"                   daemon [_thread_in_native, id=20516, stack(0x000000e37ce00000,0x000000e37cf00000) (1024K)]
  0x000001ec77fe8780 JavaThread "Thread-5"                   daemon [_thread_in_native, id=22416, stack(0x000000e37cf00000,0x000000e37d000000) (1024K)]
  0x000001ec77fea850 JavaThread "Thread-6"                   daemon [_thread_in_native, id=33252, stack(0x000000e37d000000,0x000000e37d100000) (1024K)]
  0x000001ec77fec290 JavaThread "Thread-7"                   daemon [_thread_in_native, id=33172, stack(0x000000e37d100000,0x000000e37d200000) (1024K)]
  0x000001ec77fe8e10 JavaThread "Thread-8"                   daemon [_thread_in_native, id=27056, stack(0x000000e37d200000,0x000000e37d300000) (1024K)]
  0x000001ec77fec920 JavaThread "Thread-9"                   daemon [_thread_in_native, id=9448, stack(0x000000e37d300000,0x000000e37d400000) (1024K)]
  0x000001ec77fe94a0 JavaThread "pool-2-thread-1"                   [_thread_blocked, id=33548, stack(0x000000e37d400000,0x000000e37d500000) (1024K)]
  0x000001ec77fee9f0 JavaThread "Timer-0"                           [_thread_blocked, id=27484, stack(0x000000e37d500000,0x000000e37d600000) (1024K)]
  0x000001ec77fee360 JavaThread "Timer-1"                           [_thread_blocked, id=23260, stack(0x000000e37c900000,0x000000e37ca00000) (1024K)]
  0x000001ec77fef710 JavaThread "WorkspaceEventsHandler"            [_thread_blocked, id=22788, stack(0x000000e37d800000,0x000000e37d900000) (1024K)]
  0x000001ec77fed640 JavaThread "pool-1-thread-1"                   [_thread_blocked, id=23924, stack(0x000000e37d900000,0x000000e37da00000) (1024K)]
  0x000001ec78acc8e0 JavaThread "Timer-2"                           [_thread_blocked, id=21704, stack(0x000000e37d700000,0x000000e37d800000) (1024K)]
  0x000001ec78ace9b0 JavaThread "Timer-3"                           [_thread_blocked, id=23420, stack(0x000000e37db00000,0x000000e37dc00000) (1024K)]
  0x000001ec78acdc90 JavaThread "Timer-4"                           [_thread_blocked, id=38376, stack(0x000000e37dc00000,0x000000e37dd00000) (1024K)]
  0x000001ec78ad03f0 JavaThread "Timer-5"                           [_thread_blocked, id=4392, stack(0x000000e37dd00000,0x000000e37de00000) (1024K)]
Total: 40

Other Threads:
  0x000001ec5a0c3e20 VMThread "VM Thread"                           [id=36708, stack(0x000000e37a600000,0x000000e37a700000) (1024K)]
  0x000001ec5a08ee70 WatcherThread "VM Periodic Task Thread"        [id=18760, stack(0x000000e37a500000,0x000000e37a600000) (1024K)]
  0x000001ec5a0410d0 WorkerThread "GC Thread#0"                     [id=17800, stack(0x000000e37a400000,0x000000e37a500000) (1024K)]
  0x000001ec72ddcba0 WorkerThread "GC Thread#1"                     [id=18008, stack(0x000000e37b100000,0x000000e37b200000) (1024K)]
  0x000001ec72b8bbd0 WorkerThread "GC Thread#2"                     [id=23932, stack(0x000000e37b200000,0x000000e37b300000) (1024K)]
  0x000001ec72b8bf80 WorkerThread "GC Thread#3"                     [id=6388, stack(0x000000e37b300000,0x000000e37b400000) (1024K)]
  0x000001ec727ec9f0 WorkerThread "GC Thread#4"                     [id=6688, stack(0x000000e37b400000,0x000000e37b500000) (1024K)]
  0x000001ec727ecda0 WorkerThread "GC Thread#5"                     [id=20132, stack(0x000000e37b500000,0x000000e37b600000) (1024K)]
  0x000001ec727ed150 WorkerThread "GC Thread#6"                     [id=32088, stack(0x000000e37b600000,0x000000e37b700000) (1024K)]
  0x000001ec72c0ee10 WorkerThread "GC Thread#7"                     [id=32996, stack(0x000000e37b800000,0x000000e37b900000) (1024K)]
Total: 10

Threads with active compile tasks:
Total: 0

VM state: not at safepoint (normal execution)

VM Mutex/Monitor currently owned by a thread: None

Heap address: 0x0000000080000000, size: 2048 MB, Compressed Oops mode: 32-bit

CDS archive(s) mapped at: [0x000001ec00000000-0x000001ec00ba0000-0x000001ec00ba0000), size 12189696, SharedBaseAddress: 0x000001ec00000000, ArchiveRelocationMode: 1.
Compressed class space mapped at: 0x000001ec01000000-0x000001ec41000000, reserved size: 1073741824
Narrow klass base: 0x000001ec00000000, Narrow klass shift: 0, Narrow klass range: 0x100000000

GC Precious Log:
 CardTable entry size: 512
 CPUs: 8 total, 8 available
 Memory: 20279M
 Large Page Support: Disabled
 NUMA Support: Disabled
 Compressed Oops: Enabled (32-bit)
 Alignments: Space 512K, Generation 512K, Heap 2M
 Heap Min Capacity: 100M
 Heap Initial Capacity: 100M
 Heap Max Capacity: 2G
 Pre-touch: Disabled
 Parallel Workers: 8

Heap:
 PSYoungGen      total 22528K, used 4041K [0x00000000d5580000, 0x00000000d6d80000, 0x0000000100000000)
  eden space 22016K, 16% used [0x00000000d5580000,0x00000000d58f4320,0x00000000d6b00000)
  from space 512K, 98% used [0x00000000d6d00000,0x00000000d6d7e1b8,0x00000000d6d80000)
  to   space 1024K, 0% used [0x00000000d6b80000,0x00000000d6b80000,0x00000000d6c80000)
 ParOldGen       total 68608K, used 28281K [0x0000000080000000, 0x0000000084300000, 0x00000000d5580000)
  object space 68608K, 41% used [0x0000000080000000,0x0000000081b9e738,0x0000000084300000)
 Metaspace       used 54044K, committed 55296K, reserved 1114112K
  class space    used 6022K, committed 6528K, reserved 1048576K

Card table byte_map: [0x000001ec599c0000,0x000001ec59dd0000] _byte_map_base: 0x000001ec595c0000

Marking Bits: (ParMarkBitMap*) 0x00007ffd9e574460
 Begin Bits: [0x000001ec6c4d0000, 0x000001ec6e4d0000)
 End Bits:   [0x000001ec6e4d0000, 0x000001ec704d0000)

Polling page: 0x000001ec58200000

Metaspace:

Usage:
  Non-class:     46.90 MB used.
      Class:      5.88 MB used.
       Both:     52.78 MB used.

Virtual space:
  Non-class space:       64.00 MB reserved,      47.62 MB ( 74%) committed,  1 nodes.
      Class space:        1.00 GB reserved,       6.38 MB ( <1%) committed,  1 nodes.
             Both:        1.06 GB reserved,      54.00 MB (  5%) committed. 

Chunk freelists:
   Non-Class:  15.79 MB
       Class:  9.57 MB
        Both:  25.36 MB

MaxMetaspaceSize: unlimited
CompressedClassSpaceSize: 1.00 GB
Initial GC threshold: 21.00 MB
Current GC threshold: 58.38 MB
CDS: on
 - commit_granule_bytes: 65536.
 - commit_granule_words: 8192.
 - virtual_space_node_default_size: 8388608.
 - enlarge_chunks_in_place: 1.
 - use_allocation_guard: 0.


Internal statistics:

num_allocs_failed_limit: 8.
num_arena_births: 892.
num_arena_deaths: 36.
num_vsnodes_births: 2.
num_vsnodes_deaths: 0.
num_space_committed: 864.
num_space_uncommitted: 0.
num_chunks_returned_to_freelist: 51.
num_chunks_taken_from_freelist: 3237.
num_chunk_merges: 13.
num_chunk_splits: 1949.
num_chunks_enlarged: 1105.
num_inconsistent_stats: 0.

CodeHeap 'non-profiled nmethods': size=120000Kb used=4343Kb max_used=4343Kb free=115656Kb
 bounds [0x000001ec64cf0000, 0x000001ec65130000, 0x000001ec6c220000]
CodeHeap 'profiled nmethods': size=120000Kb used=14787Kb max_used=14787Kb free=105212Kb
 bounds [0x000001ec5d220000, 0x000001ec5e0a0000, 0x000001ec64750000]
CodeHeap 'non-nmethods': size=5760Kb used=1419Kb max_used=1469Kb free=4340Kb
 bounds [0x000001ec64750000, 0x000001ec649c0000, 0x000001ec64cf0000]
CodeCache: size=245760Kb, used=20549Kb, max_used=20599Kb, free=225208Kb
 total_blobs=7718, nmethods=7007, adapters=617, full_count=0
Compilation: enabled, stopped_count=0, restarted_count=0

Compilation events (20 events):
Event: 23723.555 Thread 0x000001ec7239f030 7581       3       sun.security.provider.SHA2::implReset (20 bytes)
Event: 23723.560 Thread 0x000001ec7239f030 nmethod 7581 0x000001ec5e090a90 code [0x000001ec5e090c40, 0x000001ec5e090df8]
Event: 25279.859 Thread 0x000001ec70aa77a0 7582   !   4       java.util.concurrent.locks.AbstractQueuedSynchronizer::acquire (424 bytes)
Event: 25279.910 Thread 0x000001ec70aa77a0 nmethod 7582 0x000001ec65129c90 code [0x000001ec65129f00, 0x000001ec6512ad78]
Event: 26346.978 Thread 0x000001ec70aa77a0 7583       4       java.util.concurrent.locks.AbstractQueuedSynchronizer$Node::getAndUnsetStatus (14 bytes)
Event: 26346.983 Thread 0x000001ec70aa77a0 nmethod 7583 0x000001ec6512b690 code [0x000001ec6512b820, 0x000001ec6512b8f0]
Event: 26577.629 Thread 0x000001ec70aa77a0 7584       4       java.util.concurrent.locks.AbstractQueuedSynchronizer$Node::clearStatus (12 bytes)
Event: 26577.630 Thread 0x000001ec70aa77a0 nmethod 7584 0x000001ec6512b990 code [0x000001ec6512bb20, 0x000001ec6512bbb0]
Event: 26740.316 Thread 0x000001ec70aa77a0 7585   !   4       java.util.concurrent.locks.AbstractQueuedSynchronizer::tryInitializeHead (66 bytes)
Event: 26740.318 Thread 0x000001ec70aa77a0 nmethod 7585 0x000001ec6512bc90 code [0x000001ec6512be20, 0x000001ec6512bfe0]
Event: 29130.246 Thread 0x000001ec70aa77a0 7586   !   4       java.util.concurrent.locks.AbstractQueuedSynchronizer$ConditionObject::newConditionNode (78 bytes)
Event: 29130.268 Thread 0x000001ec70aa77a0 nmethod 7586 0x000001ec6512c110 code [0x000001ec6512c300, 0x000001ec6512c6b8]
Event: 29160.256 Thread 0x000001ec70aa77a0 7587   !   4       java.util.concurrent.locks.AbstractQueuedSynchronizer::reacquire (64 bytes)
Event: 29160.265 Thread 0x000001ec70aa77a0 nmethod 7587 0x000001ec6512c990 code [0x000001ec6512cb40, 0x000001ec6512cd30]
Event: 29277.718 Thread 0x000001ec70aa77a0 7588       4       java.util.concurrent.locks.AbstractQueuedSynchronizer$ConditionObject::unlinkCancelledWaiters (91 bytes)
Event: 29277.719 Thread 0x000001ec70aa77a0 nmethod 7588 0x000001ec6512ce90 code [0x000001ec6512d020, 0x000001ec6512d188]
Event: 29700.380 Thread 0x000001ec70aa77a0 7589       4       java.util.concurrent.locks.AbstractQueuedSynchronizer$ConditionObject::enableWait (84 bytes)
Event: 29700.389 Thread 0x000001ec70aa77a0 nmethod 7589 0x000001ec6512d310 code [0x000001ec6512d4e0, 0x000001ec6512d7e0]
Event: 30923.737 Thread 0x000001ec70aa77a0 7590       4       org.eclipse.core.runtime.Assert::isNotNull (19 bytes)
Event: 30923.738 Thread 0x000001ec70aa77a0 nmethod 7590 0x000001ec6512da90 code [0x000001ec6512dc20, 0x000001ec6512dca8]

GC Heap History (20 events):
Event: 28.497 GC heap before
{Heap before GC invocations=17 (full 2):
 PSYoungGen      total 22528K, used 22527K [0x00000000d5580000, 0x00000000d7100000, 0x0000000100000000)
  eden space 22016K, 100% used [0x00000000d5580000,0x00000000d6b00000,0x00000000d6b00000)
  from space 512K, 99% used [0x00000000d7080000,0x00000000d70ffc90,0x00000000d7100000)
  to   space 2560K, 0% used [0x00000000d6c00000,0x00000000d6c00000,0x00000000d6e80000)
 ParOldGen       total 68608K, used 21015K [0x0000000080000000, 0x0000000084300000, 0x00000000d5580000)
  object space 68608K, 30% used [0x0000000080000000,0x0000000081485cb0,0x0000000084300000)
 Metaspace       used 41814K, committed 43008K, reserved 1114112K
  class space    used 4517K, committed 5056K, reserved 1048576K
}
Event: 28.499 GC heap after
{Heap after GC invocations=17 (full 2):
 PSYoungGen      total 24576K, used 1022K [0x00000000d5580000, 0x00000000d7100000, 0x0000000100000000)
  eden space 22016K, 0% used [0x00000000d5580000,0x00000000d5580000,0x00000000d6b00000)
  from space 2560K, 39% used [0x00000000d6c00000,0x00000000d6cffb78,0x00000000d6e80000)
  to   space 1536K, 0% used [0x00000000d6f80000,0x00000000d6f80000,0x00000000d7100000)
 ParOldGen       total 68608K, used 21319K [0x0000000080000000, 0x0000000084300000, 0x00000000d5580000)
  object space 68608K, 31% used [0x0000000080000000,0x00000000814d1e48,0x0000000084300000)
 Metaspace       used 41814K, committed 43008K, reserved 1114112K
  class space    used 4517K, committed 5056K, reserved 1048576K
}
Event: 29.052 GC heap before
{Heap before GC invocations=18 (full 2):
 PSYoungGen      total 24576K, used 23038K [0x00000000d5580000, 0x00000000d7100000, 0x0000000100000000)
  eden space 22016K, 100% used [0x00000000d5580000,0x00000000d6b00000,0x00000000d6b00000)
  from space 2560K, 39% used [0x00000000d6c00000,0x00000000d6cffb78,0x00000000d6e80000)
  to   space 1536K, 0% used [0x00000000d6f80000,0x00000000d6f80000,0x00000000d7100000)
 ParOldGen       total 68608K, used 21319K [0x0000000080000000, 0x0000000084300000, 0x00000000d5580000)
  object space 68608K, 31% used [0x0000000080000000,0x00000000814d1e48,0x0000000084300000)
 Metaspace       used 43596K, committed 44736K, reserved 1114112K
  class space    used 4755K, committed 5248K, reserved 1048576K
}
Event: 29.055 GC heap after
{Heap after GC invocations=18 (full 2):
 PSYoungGen      total 23040K, used 608K [0x00000000d5580000, 0x00000000d7080000, 0x0000000100000000)
  eden space 22016K, 0% used [0x00000000d5580000,0x00000000d5580000,0x00000000d6b00000)
  from space 1024K, 59% used [0x00000000d6f80000,0x00000000d7018000,0x00000000d7080000)
  to   space 1024K, 0% used [0x00000000d6e80000,0x00000000d6e80000,0x00000000d6f80000)
 ParOldGen       total 68608K, used 22036K [0x0000000080000000, 0x0000000084300000, 0x00000000d5580000)
  object space 68608K, 32% used [0x0000000080000000,0x00000000815853c8,0x0000000084300000)
 Metaspace       used 43596K, committed 44736K, reserved 1114112K
  class space    used 4755K, committed 5248K, reserved 1048576K
}
Event: 29.641 GC heap before
{Heap before GC invocations=19 (full 2):
 PSYoungGen      total 23040K, used 22624K [0x00000000d5580000, 0x00000000d7080000, 0x0000000100000000)
  eden space 22016K, 100% used [0x00000000d5580000,0x00000000d6b00000,0x00000000d6b00000)
  from space 1024K, 59% used [0x00000000d6f80000,0x00000000d7018000,0x00000000d7080000)
  to   space 1024K, 0% used [0x00000000d6e80000,0x00000000d6e80000,0x00000000d6f80000)
 ParOldGen       total 68608K, used 22036K [0x0000000080000000, 0x0000000084300000, 0x00000000d5580000)
  object space 68608K, 32% used [0x0000000080000000,0x00000000815853c8,0x0000000084300000)
 Metaspace       used 46286K, committed 47424K, reserved 1114112K
  class space    used 5098K, committed 5568K, reserved 1048576K
}
Event: 29.644 GC heap after
{Heap after GC invocations=19 (full 2):
 PSYoungGen      total 23040K, used 1015K [0x00000000d5580000, 0x00000000d7000000, 0x0000000100000000)
  eden space 22016K, 0% used [0x00000000d5580000,0x00000000d5580000,0x00000000d6b00000)
  from space 1024K, 99% used [0x00000000d6e80000,0x00000000d6f7dcd0,0x00000000d6f80000)
  to   space 512K, 0% used [0x00000000d6f80000,0x00000000d6f80000,0x00000000d7000000)
 ParOldGen       total 68608K, used 22852K [0x0000000080000000, 0x0000000084300000, 0x00000000d5580000)
  object space 68608K, 33% used [0x0000000080000000,0x00000000816513d8,0x0000000084300000)
 Metaspace       used 46286K, committed 47424K, reserved 1114112K
  class space    used 5098K, committed 5568K, reserved 1048576K
}
Event: 30.726 GC heap before
{Heap before GC invocations=20 (full 2):
 PSYoungGen      total 23040K, used 23031K [0x00000000d5580000, 0x00000000d7000000, 0x0000000100000000)
  eden space 22016K, 100% used [0x00000000d5580000,0x00000000d6b00000,0x00000000d6b00000)
  from space 1024K, 99% used [0x00000000d6e80000,0x00000000d6f7dcd0,0x00000000d6f80000)
  to   space 512K, 0% used [0x00000000d6f80000,0x00000000d6f80000,0x00000000d7000000)
 ParOldGen       total 68608K, used 22852K [0x0000000080000000, 0x0000000084300000, 0x00000000d5580000)
  object space 68608K, 33% used [0x0000000080000000,0x00000000816513d8,0x0000000084300000)
 Metaspace       used 48575K, committed 49792K, reserved 1114112K
  class space    used 5399K, committed 5952K, reserved 1048576K
}
Event: 30.733 GC heap after
{Heap after GC invocations=20 (full 2):
 PSYoungGen      total 22528K, used 512K [0x00000000d5580000, 0x00000000d7200000, 0x0000000100000000)
  eden space 22016K, 0% used [0x00000000d5580000,0x00000000d5580000,0x00000000d6b00000)
  from space 512K, 100% used [0x00000000d6f80000,0x00000000d7000000,0x00000000d7000000)
  to   space 3584K, 0% used [0x00000000d6b00000,0x00000000d6b00000,0x00000000d6e80000)
 ParOldGen       total 68608K, used 25344K [0x0000000080000000, 0x0000000084300000, 0x00000000d5580000)
  object space 68608K, 36% used [0x0000000080000000,0x00000000818c03e8,0x0000000084300000)
 Metaspace       used 48575K, committed 49792K, reserved 1114112K
  class space    used 5399K, committed 5952K, reserved 1048576K
}
Event: 32.495 GC heap before
{Heap before GC invocations=21 (full 2):
 PSYoungGen      total 22528K, used 22478K [0x00000000d5580000, 0x00000000d7200000, 0x0000000100000000)
  eden space 22016K, 99% used [0x00000000d5580000,0x00000000d6af39d8,0x00000000d6b00000)
  from space 512K, 100% used [0x00000000d6f80000,0x00000000d7000000,0x00000000d7000000)
  to   space 3584K, 0% used [0x00000000d6b00000,0x00000000d6b00000,0x00000000d6e80000)
 ParOldGen       total 68608K, used 25344K [0x0000000080000000, 0x0000000084300000, 0x00000000d5580000)
  object space 68608K, 36% used [0x0000000080000000,0x00000000818c03e8,0x0000000084300000)
 Metaspace       used 51067K, committed 52352K, reserved 1114112K
  class space    used 5731K, committed 6272K, reserved 1048576K
}
Event: 32.499 GC heap after
{Heap after GC invocations=21 (full 2):
 PSYoungGen      total 24064K, used 1561K [0x00000000d5580000, 0x00000000d7000000, 0x0000000100000000)
  eden space 22016K, 0% used [0x00000000d5580000,0x00000000d5580000,0x00000000d6b00000)
  from space 2048K, 76% used [0x00000000d6b00000,0x00000000d6c864b8,0x00000000d6d00000)
  to   space 2560K, 0% used [0x00000000d6d80000,0x00000000d6d80000,0x00000000d7000000)
 ParOldGen       total 68608K, used 25808K [0x0000000080000000, 0x0000000084300000, 0x00000000d5580000)
  object space 68608K, 37% used [0x0000000080000000,0x00000000819343e8,0x0000000084300000)
 Metaspace       used 51067K, committed 52352K, reserved 1114112K
  class space    used 5731K, committed 6272K, reserved 1048576K
}
Event: 34.262 GC heap before
{Heap before GC invocations=22 (full 2):
 PSYoungGen      total 24064K, used 23577K [0x00000000d5580000, 0x00000000d7000000, 0x0000000100000000)
  eden space 22016K, 100% used [0x00000000d5580000,0x00000000d6b00000,0x00000000d6b00000)
  from space 2048K, 76% used [0x00000000d6b00000,0x00000000d6c864b8,0x00000000d6d00000)
  to   space 2560K, 0% used [0x00000000d6d80000,0x00000000d6d80000,0x00000000d7000000)
 ParOldGen       total 68608K, used 25808K [0x0000000080000000, 0x0000000084300000, 0x00000000d5580000)
  object space 68608K, 37% used [0x0000000080000000,0x00000000819343e8,0x0000000084300000)
 Metaspace       used 52830K, committed 54080K, reserved 1114112K
  class space    used 5906K, committed 6464K, reserved 1048576K
}
Event: 34.265 GC heap after
{Heap after GC invocations=22 (full 2):
 PSYoungGen      total 23040K, used 864K [0x00000000d5580000, 0x00000000d6e80000, 0x0000000100000000)
  eden space 22016K, 0% used [0x00000000d5580000,0x00000000d5580000,0x00000000d6b00000)
  from space 1024K, 84% used [0x00000000d6d80000,0x00000000d6e58000,0x00000000d6e80000)
  to   space 1536K, 0% used [0x00000000d6b80000,0x00000000d6b80000,0x00000000d6d00000)
 ParOldGen       total 68608K, used 27045K [0x0000000080000000, 0x0000000084300000, 0x00000000d5580000)
  object space 68608K, 39% used [0x0000000080000000,0x0000000081a694c0,0x0000000084300000)
 Metaspace       used 52830K, committed 54080K, reserved 1114112K
  class space    used 5906K, committed 6464K, reserved 1048576K
}
Event: 37.215 GC heap before
{Heap before GC invocations=23 (full 2):
 PSYoungGen      total 23040K, used 22880K [0x00000000d5580000, 0x00000000d6e80000, 0x0000000100000000)
  eden space 22016K, 100% used [0x00000000d5580000,0x00000000d6b00000,0x00000000d6b00000)
  from space 1024K, 84% used [0x00000000d6d80000,0x00000000d6e58000,0x00000000d6e80000)
  to   space 1536K, 0% used [0x00000000d6b80000,0x00000000d6b80000,0x00000000d6d00000)
 ParOldGen       total 68608K, used 27045K [0x0000000080000000, 0x0000000084300000, 0x00000000d5580000)
  object space 68608K, 39% used [0x0000000080000000,0x0000000081a694c0,0x0000000084300000)
 Metaspace       used 52958K, committed 54208K, reserved 1114112K
  class space    used 5912K, committed 6464K, reserved 1048576K
}
Event: 37.217 GC heap after
{Heap after GC invocations=23 (full 2):
 PSYoungGen      total 23552K, used 416K [0x00000000d5580000, 0x00000000d6e00000, 0x0000000100000000)
  eden space 22016K, 0% used [0x00000000d5580000,0x00000000d5580000,0x00000000d6b00000)
  from space 1536K, 27% used [0x00000000d6b80000,0x00000000d6be8000,0x00000000d6d00000)
  to   space 1024K, 0% used [0x00000000d6d00000,0x00000000d6d00000,0x00000000d6e00000)
 ParOldGen       total 68608K, used 27737K [0x0000000080000000, 0x0000000084300000, 0x00000000d5580000)
  object space 68608K, 40% used [0x0000000080000000,0x0000000081b16728,0x0000000084300000)
 Metaspace       used 52958K, committed 54208K, reserved 1114112K
  class space    used 5912K, committed 6464K, reserved 1048576K
}
Event: 39.733 GC heap before
{Heap before GC invocations=24 (full 2):
 PSYoungGen      total 23552K, used 22432K [0x00000000d5580000, 0x00000000d6e00000, 0x0000000100000000)
  eden space 22016K, 100% used [0x00000000d5580000,0x00000000d6b00000,0x00000000d6b00000)
  from space 1536K, 27% used [0x00000000d6b80000,0x00000000d6be8000,0x00000000d6d00000)
  to   space 1024K, 0% used [0x00000000d6d00000,0x00000000d6d00000,0x00000000d6e00000)
 ParOldGen       total 68608K, used 27737K [0x0000000080000000, 0x0000000084300000, 0x00000000d5580000)
  object space 68608K, 40% used [0x0000000080000000,0x0000000081b16728,0x0000000084300000)
 Metaspace       used 53146K, committed 54400K, reserved 1114112K
  class space    used 5931K, committed 6464K, reserved 1048576K
}
Event: 39.736 GC heap after
{Heap after GC invocations=24 (full 2):
 PSYoungGen      total 22528K, used 320K [0x00000000d5580000, 0x00000000d6d80000, 0x0000000100000000)
  eden space 22016K, 0% used [0x00000000d5580000,0x00000000d5580000,0x00000000d6b00000)
  from space 512K, 62% used [0x00000000d6d00000,0x00000000d6d50000,0x00000000d6d80000)
  to   space 512K, 0% used [0x00000000d6c80000,0x00000000d6c80000,0x00000000d6d00000)
 ParOldGen       total 68608K, used 28009K [0x0000000080000000, 0x0000000084300000, 0x00000000d5580000)
  object space 68608K, 40% used [0x0000000080000000,0x0000000081b5a728,0x0000000084300000)
 Metaspace       used 53146K, committed 54400K, reserved 1114112K
  class space    used 5931K, committed 6464K, reserved 1048576K
}
Event: 40.628 GC heap before
{Heap before GC invocations=25 (full 2):
 PSYoungGen      total 22528K, used 22336K [0x00000000d5580000, 0x00000000d6d80000, 0x0000000100000000)
  eden space 22016K, 100% used [0x00000000d5580000,0x00000000d6b00000,0x00000000d6b00000)
  from space 512K, 62% used [0x00000000d6d00000,0x00000000d6d50000,0x00000000d6d80000)
  to   space 512K, 0% used [0x00000000d6c80000,0x00000000d6c80000,0x00000000d6d00000)
 ParOldGen       total 68608K, used 28009K [0x0000000080000000, 0x0000000084300000, 0x00000000d5580000)
  object space 68608K, 40% used [0x0000000080000000,0x0000000081b5a728,0x0000000084300000)
 Metaspace       used 53150K, committed 54400K, reserved 1114112K
  class space    used 5932K, committed 6464K, reserved 1048576K
}
Event: 40.629 GC heap after
{Heap after GC invocations=25 (full 2):
 PSYoungGen      total 22528K, used 192K [0x00000000d5580000, 0x00000000d6d80000, 0x0000000100000000)
  eden space 22016K, 0% used [0x00000000d5580000,0x00000000d5580000,0x00000000d6b00000)
  from space 512K, 37% used [0x00000000d6c80000,0x00000000d6cb0000,0x00000000d6d00000)
  to   space 512K, 0% used [0x00000000d6d00000,0x00000000d6d00000,0x00000000d6d80000)
 ParOldGen       total 68608K, used 28169K [0x0000000080000000, 0x0000000084300000, 0x00000000d5580000)
  object space 68608K, 41% used [0x0000000080000000,0x0000000081b82728,0x0000000084300000)
 Metaspace       used 53150K, committed 54400K, reserved 1114112K
  class space    used 5932K, committed 6464K, reserved 1048576K
}
Event: 42.076 GC heap before
{Heap before GC invocations=26 (full 2):
 PSYoungGen      total 22528K, used 22208K [0x00000000d5580000, 0x00000000d6d80000, 0x0000000100000000)
  eden space 22016K, 100% used [0x00000000d5580000,0x00000000d6b00000,0x00000000d6b00000)
  from space 512K, 37% used [0x00000000d6c80000,0x00000000d6cb0000,0x00000000d6d00000)
  to   space 512K, 0% used [0x00000000d6d00000,0x00000000d6d00000,0x00000000d6d80000)
 ParOldGen       total 68608K, used 28169K [0x0000000080000000, 0x0000000084300000, 0x00000000d5580000)
  object space 68608K, 41% used [0x0000000080000000,0x0000000081b82728,0x0000000084300000)
 Metaspace       used 53888K, committed 55104K, reserved 1114112K
  class space    used 6020K, committed 6528K, reserved 1048576K
}
Event: 42.078 GC heap after
{Heap after GC invocations=26 (full 2):
 PSYoungGen      total 22528K, used 504K [0x00000000d5580000, 0x00000000d6d80000, 0x0000000100000000)
  eden space 22016K, 0% used [0x00000000d5580000,0x00000000d5580000,0x00000000d6b00000)
  from space 512K, 98% used [0x00000000d6d00000,0x00000000d6d7e1b8,0x00000000d6d80000)
  to   space 1024K, 0% used [0x00000000d6b80000,0x00000000d6b80000,0x00000000d6c80000)
 ParOldGen       total 68608K, used 28281K [0x0000000080000000, 0x0000000084300000, 0x00000000d5580000)
  object space 68608K, 41% used [0x0000000080000000,0x0000000081b9e738,0x0000000084300000)
 Metaspace       used 53888K, committed 55104K, reserved 1114112K
  class space    used 6020K, committed 6528K, reserved 1048576K
}

Dll operation events (12 events):
Event: 0.072 Loaded shared library c:\Users\LENOVO\.cursor\extensions\redhat.java-1.55.0-win32-x64\jre\21.0.11-win32-x86_64\bin\java.dll
Event: 0.298 Loaded shared library c:\Users\LENOVO\.cursor\extensions\redhat.java-1.55.0-win32-x64\jre\21.0.11-win32-x86_64\bin\zip.dll
Event: 0.345 Loaded shared library C:\Users\LENOVO\.cursor\extensions\redhat.java-1.55.0-win32-x64\jre\21.0.11-win32-x86_64\bin\instrument.dll
Event: 0.352 Loaded shared library C:\Users\LENOVO\.cursor\extensions\redhat.java-1.55.0-win32-x64\jre\21.0.11-win32-x86_64\bin\net.dll
Event: 0.356 Loaded shared library C:\Users\LENOVO\.cursor\extensions\redhat.java-1.55.0-win32-x64\jre\21.0.11-win32-x86_64\bin\nio.dll
Event: 0.363 Loaded shared library C:\Users\LENOVO\.cursor\extensions\redhat.java-1.55.0-win32-x64\jre\21.0.11-win32-x86_64\bin\zip.dll
Event: 0.441 Loaded shared library C:\Users\LENOVO\.cursor\extensions\redhat.java-1.55.0-win32-x64\jre\21.0.11-win32-x86_64\bin\jimage.dll
Event: 0.868 Loaded shared library c:\Users\LENOVO\.cursor\extensions\redhat.java-1.55.0-win32-x64\jre\21.0.11-win32-x86_64\bin\verify.dll
Event: 11.405 Loaded shared library C:\Users\LENOVO\AppData\Roaming\Cursor\User\globalStorage\redhat.java\1.55.0\config_win\org.eclipse.equinox.launcher\org.eclipse.equinox.launcher.win32.win32.x86_64_1.3.100.v20260613-0559\eclipse_11924.dll
Event: 21.381 Loaded shared library C:\Users\LENOVO\AppData\Local\Temp\jna--2053026509\jna8177921114942197282.dll
Event: 26.941 Loaded shared library C:\Users\LENOVO\.cursor\extensions\redhat.java-1.55.0-win32-x64\jre\21.0.11-win32-x86_64\bin\sunmscapi.dll
Event: 27.416 Loaded shared library C:\Users\LENOVO\.cursor\extensions\redhat.java-1.55.0-win32-x64\jre\21.0.11-win32-x86_64\bin\extnet.dll

Deoptimization events (20 events):
Event: 42.008 Thread 0x000001ec77fef080 DEOPT PACKING pc=0x000001ec6503f31c sp=0x000000e37a1fe920
Event: 42.008 Thread 0x000001ec77fef080 DEOPT UNPACKING pc=0x000001ec647a6da2 sp=0x000000e37a1fe898 mode 2
Event: 42.380 Thread 0x000001ec72e40f60 Uncommon trap: trap_request=0xffffffde fr.pc=0x000001ec65091630 relative=0x00000000000004d0
Event: 42.380 Thread 0x000001ec72e40f60 Uncommon trap: reason=class_check action=maybe_recompile pc=0x000001ec65091630 method=java.util.AbstractMap.hashCode()I @ 3 c2
Event: 42.380 Thread 0x000001ec72e40f60 DEOPT PACKING pc=0x000001ec65091630 sp=0x000000e37c3fecf0
Event: 42.380 Thread 0x000001ec72e40f60 DEOPT UNPACKING pc=0x000001ec647a6da2 sp=0x000000e37c3fec98 mode 2
Event: 4610.249 Thread 0x000001ec77fee360 DEOPT PACKING pc=0x000001ec5e06342b sp=0x000000e37c9ff4e0
Event: 4610.253 Thread 0x000001ec77fee360 DEOPT UNPACKING pc=0x000001ec647a78e2 sp=0x000000e37c9fe9c8 mode 0
Event: 5362.836 Thread 0x000001ec78ace9b0 DEOPT PACKING pc=0x000001ec5e06342b sp=0x000000e37dbff0b0
Event: 5362.839 Thread 0x000001ec78ace9b0 DEOPT UNPACKING pc=0x000001ec647a78e2 sp=0x000000e37dbfe598 mode 0
Event: 5810.838 Thread 0x000001ec78ad03f0 DEOPT PACKING pc=0x000001ec5e06342b sp=0x000000e37ddff230
Event: 5810.839 Thread 0x000001ec78ad03f0 DEOPT UNPACKING pc=0x000001ec647a78e2 sp=0x000000e37ddfe718 mode 0
Event: 6471.918 Thread 0x000001ec77fee9f0 DEOPT PACKING pc=0x000001ec5e06342b sp=0x000000e37d5ff560
Event: 6471.918 Thread 0x000001ec77fee9f0 DEOPT UNPACKING pc=0x000001ec647a78e2 sp=0x000000e37d5fea48 mode 0
Event: 7367.841 Thread 0x000001ec78acdc90 DEOPT PACKING pc=0x000001ec5e06342b sp=0x000000e37dcff6c0
Event: 7367.842 Thread 0x000001ec78acdc90 DEOPT UNPACKING pc=0x000001ec647a78e2 sp=0x000000e37dcfeba8 mode 0
Event: 9287.468 Thread 0x000001ec78acc8e0 DEOPT PACKING pc=0x000001ec5e06342b sp=0x000000e37d7ff420
Event: 9287.472 Thread 0x000001ec78acc8e0 DEOPT UNPACKING pc=0x000001ec647a78e2 sp=0x000000e37d7fe908 mode 0
Event: 12023.184 Thread 0x000001ec72e40f60 DEOPT PACKING pc=0x000001ec5d61b2d9 sp=0x000000e37c3feb30
Event: 12023.185 Thread 0x000001ec72e40f60 DEOPT UNPACKING pc=0x000001ec647a78e2 sp=0x000000e37c3fdfc8 mode 0

Classes loaded (20 events):
Event: 35.867 Loading class sun/nio/cs/ISO_8859_1$Encoder
Event: 35.867 Loading class sun/nio/cs/ISO_8859_1$Encoder done
Event: 35.868 Loading class sun/nio/cs/Surrogate$Parser
Event: 35.868 Loading class sun/nio/cs/Surrogate$Parser done
Event: 35.868 Loading class sun/nio/cs/Surrogate
Event: 35.868 Loading class sun/nio/cs/Surrogate done
Event: 39.305 Loading class java/io/StreamCorruptedException
Event: 39.305 Loading class java/io/StreamCorruptedException done
Event: 39.422 Loading class java/security/DigestInputStream
Event: 39.423 Loading class java/security/DigestInputStream done
Event: 41.149 Loading class java/util/Collections$SynchronizedRandomAccessList
Event: 41.149 Loading class java/util/Collections$SynchronizedList
Event: 41.150 Loading class java/util/Collections$SynchronizedList done
Event: 41.150 Loading class java/util/Collections$SynchronizedRandomAccessList done
Event: 41.254 Loading class java/util/concurrent/CompletableFuture$UniApply
Event: 41.254 Loading class java/util/concurrent/CompletableFuture$UniApply done
Event: 41.257 Loading class java/util/concurrent/CompletableFuture$UniExceptionally
Event: 41.257 Loading class java/util/concurrent/CompletableFuture$UniExceptionally done
Event: 41.535 Loading class java/util/concurrent/CompletableFuture$Signaller
Event: 41.535 Loading class java/util/concurrent/CompletableFuture$Signaller done

Classes unloaded (18 events):
Event: 23.542 Thread 0x000001ec5a0c3e20 Unloading class 0x000001ec011af800 'java/lang/invoke/LambdaForm$MH+0x000001ec011af800'
Event: 23.542 Thread 0x000001ec5a0c3e20 Unloading class 0x000001ec011af400 'java/lang/invoke/LambdaForm$MH+0x000001ec011af400'
Event: 23.542 Thread 0x000001ec5a0c3e20 Unloading class 0x000001ec011af000 'java/lang/invoke/LambdaForm$MH+0x000001ec011af000'
Event: 23.542 Thread 0x000001ec5a0c3e20 Unloading class 0x000001ec011aec00 'java/lang/invoke/LambdaForm$MH+0x000001ec011aec00'
Event: 23.542 Thread 0x000001ec5a0c3e20 Unloading class 0x000001ec011ae800 'java/lang/invoke/LambdaForm$BMH+0x000001ec011ae800'
Event: 23.542 Thread 0x000001ec5a0c3e20 Unloading class 0x000001ec011ae400 'java/lang/invoke/LambdaForm$DMH+0x000001ec011ae400'
Event: 23.542 Thread 0x000001ec5a0c3e20 Unloading class 0x000001ec011ad000 'java/lang/invoke/LambdaForm$DMH+0x000001ec011ad000'
Event: 26.354 Thread 0x000001ec5a0c3e20 Unloading class 0x000001ec01320c00 'java/lang/invoke/LambdaForm$MH+0x000001ec01320c00'
Event: 26.354 Thread 0x000001ec5a0c3e20 Unloading class 0x000001ec0131fc00 'java/lang/invoke/LambdaForm$MH+0x000001ec0131fc00'
Event: 26.354 Thread 0x000001ec5a0c3e20 Unloading class 0x000001ec0131f400 'java/lang/invoke/LambdaForm$DMH+0x000001ec0131f400'
Event: 26.354 Thread 0x000001ec5a0c3e20 Unloading class 0x000001ec0131ec00 'java/lang/invoke/LambdaForm$MH+0x000001ec0131ec00'
Event: 26.354 Thread 0x000001ec5a0c3e20 Unloading class 0x000001ec0131b000 'java/lang/invoke/LambdaForm$MH+0x000001ec0131b000'
Event: 26.354 Thread 0x000001ec5a0c3e20 Unloading class 0x000001ec0131a800 'java/lang/invoke/LambdaForm$MH+0x000001ec0131a800'
Event: 26.354 Thread 0x000001ec5a0c3e20 Unloading class 0x000001ec0131a000 'java/lang/invoke/LambdaForm$MH+0x000001ec0131a000'
Event: 26.354 Thread 0x000001ec5a0c3e20 Unloading class 0x000001ec01319800 'java/lang/invoke/LambdaForm$MH+0x000001ec01319800'
Event: 26.354 Thread 0x000001ec5a0c3e20 Unloading class 0x000001ec01319000 'java/lang/invoke/LambdaForm$MH+0x000001ec01319000'
Event: 26.354 Thread 0x000001ec5a0c3e20 Unloading class 0x000001ec01318800 'java/lang/invoke/LambdaForm$MH+0x000001ec01318800'
Event: 26.354 Thread 0x000001ec5a0c3e20 Unloading class 0x000001ec01318400 'java/lang/invoke/LambdaForm$MH+0x000001ec01318400'

Classes redefined (0 events):
No events

Internal exceptions (20 events):
Event: 41.130 Thread 0x000001ec72e3ee90 Exception <a 'sun/nio/fs/WindowsException'{0x00000000d5fc2af8}> (0x00000000d5fc2af8) 
thrown [s\src\hotspot\share\prims\jni.cpp, line 520]
Event: 41.166 Thread 0x000001ec77fed640 Exception <a 'sun/nio/fs/WindowsException'{0x00000000d60c1810}> (0x00000000d60c1810) 
thrown [s\src\hotspot\share\prims\jni.cpp, line 520]
Event: 41.167 Thread 0x000001ec77fed640 Exception <a 'sun/nio/fs/WindowsException'{0x00000000d60c1e60}> (0x00000000d60c1e60) 
thrown [s\src\hotspot\share\prims\jni.cpp, line 520]
Event: 41.168 Thread 0x000001ec77fed640 Exception <a 'sun/nio/fs/WindowsException'{0x00000000d60c52a0}> (0x00000000d60c52a0) 
thrown [s\src\hotspot\share\prims\jni.cpp, line 520]
Event: 41.168 Thread 0x000001ec77fed640 Exception <a 'sun/nio/fs/WindowsException'{0x00000000d60c58f0}> (0x00000000d60c58f0) 
thrown [s\src\hotspot\share\prims\jni.cpp, line 520]
Event: 41.225 Thread 0x000001ec77fed640 Exception <a 'sun/nio/fs/WindowsException'{0x00000000d62e3e08}> (0x00000000d62e3e08) 
thrown [s\src\hotspot\share\prims\jni.cpp, line 520]
Event: 41.225 Thread 0x000001ec77fed640 Exception <a 'sun/nio/fs/WindowsException'{0x00000000d62e4708}> (0x00000000d62e4708) 
thrown [s\src\hotspot\share\prims\jni.cpp, line 520]
Event: 41.228 Thread 0x000001ec77fed640 Exception <a 'sun/nio/fs/WindowsException'{0x00000000d62ec848}> (0x00000000d62ec848) 
thrown [s\src\hotspot\share\prims\jni.cpp, line 520]
Event: 41.228 Thread 0x000001ec77fed640 Exception <a 'sun/nio/fs/WindowsException'{0x00000000d62ed398}> (0x00000000d62ed398) 
thrown [s\src\hotspot\share\prims\jni.cpp, line 520]
Event: 41.229 Thread 0x000001ec77fed640 Exception <a 'sun/nio/fs/WindowsException'{0x00000000d62f0450}> (0x00000000d62f0450) 
thrown [s\src\hotspot\share\prims\jni.cpp, line 520]
Event: 41.229 Thread 0x000001ec77fed640 Exception <a 'sun/nio/fs/WindowsException'{0x00000000d62f0d30}> (0x00000000d62f0d30) 
thrown [s\src\hotspot\share\prims\jni.cpp, line 520]
Event: 41.239 Thread 0x000001ec77fed640 Exception <a 'sun/nio/fs/WindowsException'{0x00000000d632f160}> (0x00000000d632f160) 
thrown [s\src\hotspot\share\prims\jni.cpp, line 520]
Event: 41.240 Thread 0x000001ec77fed640 Exception <a 'sun/nio/fs/WindowsException'{0x00000000d632f790}> (0x00000000d632f790) 
thrown [s\src\hotspot\share\prims\jni.cpp, line 520]
Event: 41.241 Thread 0x000001ec77fed640 Exception <a 'sun/nio/fs/WindowsException'{0x00000000d6330318}> (0x00000000d6330318) 
thrown [s\src\hotspot\share\prims\jni.cpp, line 520]
Event: 41.246 Thread 0x000001ec77fed640 Exception <a 'sun/nio/fs/WindowsException'{0x00000000d6330948}> (0x00000000d6330948) 
thrown [s\src\hotspot\share\prims\jni.cpp, line 520]
Event: 41.247 Thread 0x000001ec77fed640 Exception <a 'sun/nio/fs/WindowsException'{0x00000000d6331580}> (0x00000000d6331580) 
thrown [s\src\hotspot\share\prims\jni.cpp, line 520]
Event: 41.247 Thread 0x000001ec77fed640 Exception <a 'sun/nio/fs/WindowsException'{0x00000000d6331bb0}> (0x00000000d6331bb0) 
thrown [s\src\hotspot\share\prims\jni.cpp, line 520]
Event: 41.249 Thread 0x000001ec77fed640 Exception <a 'sun/nio/fs/WindowsException'{0x00000000d6332738}> (0x00000000d6332738) 
thrown [s\src\hotspot\share\prims\jni.cpp, line 520]
Event: 41.249 Thread 0x000001ec77fed640 Exception <a 'sun/nio/fs/WindowsException'{0x00000000d6332d68}> (0x00000000d6332d68) 
thrown [s\src\hotspot\share\prims\jni.cpp, line 520]
Event: 41.252 Thread 0x000001ec77fed640 Exception <a 'java/lang/IncompatibleClassChangeError'{0x00000000d637c848}: Found class java.lang.Object, but interface was expected> (0x00000000d637c848) 
thrown [s\src\hotspot\share\interpreter\linkResolver.cpp, line 840]

ZGC Phase Switch (0 events):
No events

VM Operations (20 events):
Event: 31051.177 Executing non-safepoint VM operation: HandshakeAllThreads (HandshakeForDeflation)
Event: 31051.177 Executing non-safepoint VM operation: HandshakeAllThreads (HandshakeForDeflation) done
Event: 31051.177 Executing non-safepoint VM operation: RendezvousGCThreads
Event: 31051.177 Executing non-safepoint VM operation: RendezvousGCThreads done
Event: 31111.389 Executing non-safepoint VM operation: HandshakeAllThreads (HandshakeForDeflation)
Event: 31111.389 Executing non-safepoint VM operation: HandshakeAllThreads (HandshakeForDeflation) done
Event: 31111.389 Executing non-safepoint VM operation: RendezvousGCThreads
Event: 31111.389 Executing non-safepoint VM operation: RendezvousGCThreads done
Event: 31171.624 Executing non-safepoint VM operation: HandshakeAllThreads (HandshakeForDeflation)
Event: 31171.624 Executing non-safepoint VM operation: HandshakeAllThreads (HandshakeForDeflation) done
Event: 31171.624 Executing non-safepoint VM operation: RendezvousGCThreads
Event: 31171.624 Executing non-safepoint VM operation: RendezvousGCThreads done
Event: 31472.436 Executing non-safepoint VM operation: HandshakeAllThreads (HandshakeForDeflation)
Event: 31472.436 Executing non-safepoint VM operation: HandshakeAllThreads (HandshakeForDeflation) done
Event: 31472.436 Executing non-safepoint VM operation: RendezvousGCThreads
Event: 31472.436 Executing non-safepoint VM operation: RendezvousGCThreads done
Event: 31653.095 Executing non-safepoint VM operation: HandshakeAllThreads (HandshakeForDeflation)
Event: 31653.095 Executing non-safepoint VM operation: HandshakeAllThreads (HandshakeForDeflation) done
Event: 31653.095 Executing non-safepoint VM operation: RendezvousGCThreads
Event: 31653.095 Executing non-safepoint VM operation: RendezvousGCThreads done

Memory protections (0 events):
No events

Nmethod flushes (20 events):
Event: 26.368 Thread 0x000001ec5a0c3e20 flushing  nmethod 0x000001ec5d8b3610
Event: 26.368 Thread 0x000001ec5a0c3e20 flushing  nmethod 0x000001ec5d8b5890
Event: 26.368 Thread 0x000001ec5a0c3e20 flushing  nmethod 0x000001ec5d8c2b90
Event: 26.368 Thread 0x000001ec5a0c3e20 flushing  nmethod 0x000001ec5d8c4510
Event: 26.368 Thread 0x000001ec5a0c3e20 flushing  nmethod 0x000001ec5d8e5690
Event: 26.368 Thread 0x000001ec5a0c3e20 flushing  nmethod 0x000001ec5d912f90
Event: 26.368 Thread 0x000001ec5a0c3e20 flushing  nmethod 0x000001ec5d93d790
Event: 26.368 Thread 0x000001ec5a0c3e20 flushing  nmethod 0x000001ec5d93eb90
Event: 26.368 Thread 0x000001ec5a0c3e20 flushing  nmethod 0x000001ec5d93f490
Event: 26.368 Thread 0x000001ec5a0c3e20 flushing  nmethod 0x000001ec5d941910
Event: 26.368 Thread 0x000001ec5a0c3e20 flushing  nmethod 0x000001ec5d943610
Event: 26.368 Thread 0x000001ec5a0c3e20 flushing  nmethod 0x000001ec5d943b10
Event: 26.368 Thread 0x000001ec5a0c3e20 flushing  nmethod 0x000001ec5d944690
Event: 26.368 Thread 0x000001ec5a0c3e20 flushing  nmethod 0x000001ec5d944e90
Event: 26.368 Thread 0x000001ec5a0c3e20 flushing  nmethod 0x000001ec5d945b90
Event: 26.368 Thread 0x000001ec5a0c3e20 flushing  nmethod 0x000001ec5d946e90
Event: 26.368 Thread 0x000001ec5a0c3e20 flushing  nmethod 0x000001ec5d947390
Event: 26.368 Thread 0x000001ec5a0c3e20 flushing  nmethod 0x000001ec5d948210
Event: 26.368 Thread 0x000001ec5a0c3e20 flushing  nmethod 0x000001ec5d997590
Event: 26.368 Thread 0x000001ec5a0c3e20 flushing  nmethod 0x000001ec5d9e7a90

Events (20 events):
Event: 41.273 Thread 0x000001ec78acf040 Thread added: 0x000001ec78accf70
Event: 41.290 Thread 0x000001ec78accf70 Thread added: 0x000001ec78ace320
Event: 41.306 Thread 0x000001ec78ace320 Thread added: 0x000001ec78ad24c0
Event: 41.339 Thread 0x000001ec78ad24c0 Thread added: 0x000001ec78ad2b50
Event: 42.017 Thread 0x000001ec72e40f60 Thread added: 0x000001ec78acf6d0
Event: 42.028 Thread 0x000001ec78acf6d0 Thread added: 0x000001ec78ad1e30
Event: 42.360 Thread 0x000001ec78ad1e30 Thread exited: 0x000001ec78ad1e30
Event: 42.366 Thread 0x000001ec78acf6d0 Thread exited: 0x000001ec78acf6d0
Event: 101.269 Thread 0x000001ec72e3ee90 Thread exited: 0x000001ec72e3ee90
Event: 101.306 Thread 0x000001ec77feaee0 Thread exited: 0x000001ec77feaee0
Event: 101.964 Thread 0x000001ec77fe9b30 Thread exited: 0x000001ec77fe9b30
Event: 102.187 Thread 0x000001ec78ad2b50 Thread exited: 0x000001ec78ad2b50
Event: 161.367 Thread 0x000001ec72e3e800 Thread exited: 0x000001ec72e3e800
Event: 162.187 Thread 0x000001ec78accf70 Thread exited: 0x000001ec78accf70
Event: 222.188 Thread 0x000001ec78acf040 Thread exited: 0x000001ec78acf040
Event: 282.188 Thread 0x000001ec78ace320 Thread exited: 0x000001ec78ace320
Event: 342.016 Thread 0x000001ec77fef080 Thread exited: 0x000001ec77fef080
Event: 342.189 Thread 0x000001ec78acd600 Thread exited: 0x000001ec78acd600
Event: 402.189 Thread 0x000001ec78ad24c0 Thread exited: 0x000001ec78ad24c0
Event: 642.016 Thread 0x000001ec77fedcd0 Thread exited: 0x000001ec77fedcd0


Dynamic libraries:
0x00007ff76f7e0000 - 0x00007ff76f7ee000 	c:\Users\LENOVO\.cursor\extensions\redhat.java-1.55.0-win32-x64\jre\21.0.11-win32-x86_64\bin\java.exe
0x00007ffe5cc00000 - 0x00007ffe5ce66000 	C:\WINDOWS\SYSTEM32\ntdll.dll
0x00007ffe53460000 - 0x00007ffe53481000 	C:\Program Files\Avast Software\Avast\aswhook.dll
0x00007ffe5bc40000 - 0x00007ffe5bd09000 	C:\WINDOWS\System32\KERNEL32.DLL
0x00007ffe5a0a0000 - 0x00007ffe5a49a000 	C:\WINDOWS\System32\KERNELBASE.dll
0x00007ffe59ec0000 - 0x00007ffe5a00c000 	C:\WINDOWS\System32\ucrtbase.dll
0x00007ffe3d6c0000 - 0x00007ffe3d6d8000 	c:\Users\LENOVO\.cursor\extensions\redhat.java-1.55.0-win32-x64\jre\21.0.11-win32-x86_64\bin\jli.dll
0x00007ffe5c950000 - 0x00007ffe5cb17000 	C:\WINDOWS\System32\USER32.dll
0x00007ffe59e90000 - 0x00007ffe59eb7000 	C:\WINDOWS\System32\win32u.dll
0x00007ffe5c6f0000 - 0x00007ffe5c71b000 	C:\WINDOWS\System32\GDI32.dll
0x00007ffe5a6d0000 - 0x00007ffe5a7fb000 	C:\WINDOWS\System32\gdi32full.dll
0x00007ffe5a800000 - 0x00007ffe5a8a3000 	C:\WINDOWS\System32\msvcp_win.dll
0x00007ffe3cec0000 - 0x00007ffe3cede000 	c:\Users\LENOVO\.cursor\extensions\redhat.java-1.55.0-win32-x64\jre\21.0.11-win32-x86_64\bin\VCRUNTIME140.dll
0x00007ffe40ff0000 - 0x00007ffe41282000 	C:\WINDOWS\WinSxS\amd64_microsoft.windows.common-controls_6595b64144ccf1df_6.0.26100.8521_none_3e08b75ce33403b3\COMCTL32.dll
0x00007ffe5a970000 - 0x00007ffe5aa19000 	C:\WINDOWS\System32\msvcrt.dll
0x00007ffe5c6b0000 - 0x00007ffe5c6e2000 	C:\WINDOWS\System32\IMM32.DLL
0x00007ffe52e20000 - 0x00007ffe52e2c000 	c:\Users\LENOVO\.cursor\extensions\redhat.java-1.55.0-win32-x64\jre\21.0.11-win32-x86_64\bin\vcruntime140_1.dll
0x00007ffe1e1e0000 - 0x00007ffe1e26d000 	c:\Users\LENOVO\.cursor\extensions\redhat.java-1.55.0-win32-x64\jre\21.0.11-win32-x86_64\bin\msvcp140.dll
0x00007ffd9d8b0000 - 0x00007ffd9e652000 	c:\Users\LENOVO\.cursor\extensions\redhat.java-1.55.0-win32-x64\jre\21.0.11-win32-x86_64\bin\server\jvm.dll
0x00007ffe5c720000 - 0x00007ffe5c7d6000 	C:\WINDOWS\System32\ADVAPI32.dll
0x00007ffe5ab40000 - 0x00007ffe5abea000 	C:\WINDOWS\System32\sechost.dll
0x00007ffe5aa20000 - 0x00007ffe5ab38000 	C:\WINDOWS\System32\RPCRT4.dll
0x00007ffe5bbb0000 - 0x00007ffe5bc30000 	C:\WINDOWS\System32\WS2_32.dll
0x00007ffe59cf0000 - 0x00007ffe59d4e000 	C:\WINDOWS\SYSTEM32\POWRPROF.dll
0x00007ffe42bb0000 - 0x00007ffe42be6000 	C:\WINDOWS\SYSTEM32\WINMM.dll
0x00007ffe554b0000 - 0x00007ffe554bb000 	C:\WINDOWS\SYSTEM32\VERSION.dll
0x00007ffe59cd0000 - 0x00007ffe59ce4000 	C:\WINDOWS\SYSTEM32\UMPDC.dll
0x00007ffe58be0000 - 0x00007ffe58bfb000 	C:\WINDOWS\SYSTEM32\kernel.appcore.dll
0x00007ffe41d20000 - 0x00007ffe41d2a000 	c:\Users\LENOVO\.cursor\extensions\redhat.java-1.55.0-win32-x64\jre\21.0.11-win32-x86_64\bin\jimage.dll
0x00007ffe56400000 - 0x00007ffe56642000 	C:\WINDOWS\SYSTEM32\DBGHELP.DLL
0x00007ffe5aed0000 - 0x00007ffe5b253000 	C:\WINDOWS\System32\combase.dll
0x00007ffe5b750000 - 0x00007ffe5b829000 	C:\WINDOWS\System32\OLEAUT32.dll
0x00007ffe483f0000 - 0x00007ffe4842b000 	C:\WINDOWS\SYSTEM32\dbgcore.DLL
0x00007ffe5a4a0000 - 0x00007ffe5a548000 	C:\WINDOWS\System32\bcryptPrimitives.dll
0x00007ffe24c00000 - 0x00007ffe24c0f000 	c:\Users\LENOVO\.cursor\extensions\redhat.java-1.55.0-win32-x64\jre\21.0.11-win32-x86_64\bin\instrument.dll
0x00007ffe2b190000 - 0x00007ffe2b1b0000 	c:\Users\LENOVO\.cursor\extensions\redhat.java-1.55.0-win32-x64\jre\21.0.11-win32-x86_64\bin\java.dll
0x00007ffe5be20000 - 0x00007ffe5c5a4000 	C:\WINDOWS\System32\SHELL32.dll
0x00007ffe57a10000 - 0x00007ffe58290000 	C:\WINDOWS\SYSTEM32\windows.storage.dll
0x00007ffe5c5b0000 - 0x00007ffe5c6a6000 	C:\WINDOWS\System32\SHCORE.dll
0x00007ffe5cb20000 - 0x00007ffe5cb87000 	C:\WINDOWS\System32\shlwapi.dll
0x00007ffe59db0000 - 0x00007ffe59dd9000 	C:\WINDOWS\SYSTEM32\profapi.dll
0x00007ffe298b0000 - 0x00007ffe298c8000 	c:\Users\LENOVO\.cursor\extensions\redhat.java-1.55.0-win32-x64\jre\21.0.11-win32-x86_64\bin\zip.dll
0x00007ffe24c10000 - 0x00007ffe24c20000 	C:\Users\LENOVO\.cursor\extensions\redhat.java-1.55.0-win32-x64\jre\21.0.11-win32-x86_64\bin\net.dll
0x00007ffe555d0000 - 0x00007ffe556f9000 	C:\WINDOWS\SYSTEM32\WINHTTP.dll
0x00007ffe59130000 - 0x00007ffe5919c000 	C:\WINDOWS\system32\mswsock.dll
0x00007ffe209f0000 - 0x00007ffe20a06000 	C:\Users\LENOVO\.cursor\extensions\redhat.java-1.55.0-win32-x64\jre\21.0.11-win32-x86_64\bin\nio.dll
0x00007ffe205c0000 - 0x00007ffe205d0000 	c:\Users\LENOVO\.cursor\extensions\redhat.java-1.55.0-win32-x64\jre\21.0.11-win32-x86_64\bin\verify.dll
0x00007ffe1d410000 - 0x00007ffe1d455000 	C:\Users\LENOVO\AppData\Roaming\Cursor\User\globalStorage\redhat.java\1.55.0\config_win\org.eclipse.equinox.launcher\org.eclipse.equinox.launcher.win32.win32.x86_64_1.3.100.v20260613-0559\eclipse_11924.dll
0x00007ffe5ba10000 - 0x00007ffe5bba8000 	C:\WINDOWS\System32\ole32.dll
0x00007ffe59530000 - 0x00007ffe5954b000 	C:\WINDOWS\SYSTEM32\CRYPTSP.dll
0x00007ffe58b40000 - 0x00007ffe58b79000 	C:\WINDOWS\system32\rsaenh.dll
0x00007ffe591e0000 - 0x00007ffe59213000 	C:\WINDOWS\SYSTEM32\USERENV.dll
0x00007ffe59d80000 - 0x00007ffe59daa000 	C:\WINDOWS\SYSTEM32\bcrypt.dll
0x00007ffe59390000 - 0x00007ffe5939c000 	C:\WINDOWS\SYSTEM32\CRYPTBASE.dll
0x00007ffe58560000 - 0x00007ffe58593000 	C:\WINDOWS\SYSTEM32\IPHLPAPI.DLL
0x00007ffe5c880000 - 0x00007ffe5c88a000 	C:\WINDOWS\System32\NSI.dll
0x00007ffdfa540000 - 0x00007ffdfa589000 	C:\Users\LENOVO\AppData\Local\Temp\jna--2053026509\jna8177921114942197282.dll
0x00007ffe5cbb0000 - 0x00007ffe5cbb8000 	C:\WINDOWS\System32\PSAPI.DLL
0x00007ffe55740000 - 0x00007ffe5575d000 	C:\WINDOWS\SYSTEM32\dhcpcsvc6.DLL
0x00007ffe55700000 - 0x00007ffe55725000 	C:\WINDOWS\SYSTEM32\dhcpcsvc.DLL
0x00007ffe3c8e0000 - 0x00007ffe3c8ee000 	C:\Users\LENOVO\.cursor\extensions\redhat.java-1.55.0-win32-x64\jre\21.0.11-win32-x86_64\bin\sunmscapi.dll
0x00007ffe5a550000 - 0x00007ffe5a6c8000 	C:\WINDOWS\System32\CRYPT32.dll
0x00007ffe59690000 - 0x00007ffe596c0000 	C:\WINDOWS\SYSTEM32\ncrypt.dll
0x00007ffe59640000 - 0x00007ffe5967f000 	C:\WINDOWS\SYSTEM32\NTASN1.dll
0x00007ffe585a0000 - 0x00007ffe586ea000 	C:\WINDOWS\SYSTEM32\DNSAPI.dll
0x00007ffe58f50000 - 0x00007ffe58f5d000 	C:\WINDOWS\SYSTEM32\DSPARSE.dll
0x00007ffe53ed0000 - 0x00007ffe53edb000 	C:\Windows\System32\rasadhlp.dll
0x00007ffe557d0000 - 0x00007ffe55856000 	C:\WINDOWS\System32\fwpuclnt.dll
0x00007ffe416f0000 - 0x00007ffe416f9000 	C:\Users\LENOVO\.cursor\extensions\redhat.java-1.55.0-win32-x64\jre\21.0.11-win32-x86_64\bin\extnet.dll

JVMTI agents:
c:\Users\LENOVO\.cursor\extensions\redhat.java-1.55.0-win32-x64\lombok\lombok-1.18.39-4050.jar path:c:\Users\LENOVO\.cursor\extensions\redhat.java-1.55.0-win32-x64\jre\21.0.11-win32-x86_64\bin\instrument.dll, loaded, initialized, instrumentlib options:none

dbghelp: loaded successfully - version: 4.0.5 - missing functions: none
symbol engine: initialized successfully - sym options: 0x614 - pdb path: .;c:\Users\LENOVO\.cursor\extensions\redhat.java-1.55.0-win32-x64\jre\21.0.11-win32-x86_64\bin;C:\WINDOWS\SYSTEM32;C:\Program Files\Avast Software\Avast;C:\WINDOWS\WinSxS\amd64_microsoft.windows.common-controls_6595b64144ccf1df_6.0.26100.8521_none_3e08b75ce33403b3;c:\Users\LENOVO\.cursor\extensions\redhat.java-1.55.0-win32-x64\jre\21.0.11-win32-x86_64\bin\server;C:\Users\LENOVO\AppData\Roaming\Cursor\User\globalStorage\redhat.java\1.55.0\config_win\org.eclipse.equinox.launcher\org.eclipse.equinox.launcher.win32.win32.x86_64_1.3.100.v20260613-0559;C:\Users\LENOVO\AppData\Local\Temp\jna--2053026509

VM Arguments:
jvm_args: --add-modules=ALL-SYSTEM --add-opens=java.base/java.util=ALL-UNNAMED --add-opens=java.base/java.lang=ALL-UNNAMED --add-opens=java.base/sun.nio.fs=ALL-UNNAMED -Declipse.application=org.eclipse.jdt.ls.core.id1 -Dosgi.bundles.defaultStartLevel=4 -Declipse.product=org.eclipse.jdt.ls.core.product -Djava.import.generatesMetadataFilesAtProjectRoot=false -DDetectVMInstallationsJob.disabled=true -Dfile.encoding=utf8 -XX:+UseParallelGC -XX:GCTimeRatio=4 -XX:AdaptiveSizePolicyWeight=90 -Dsun.zip.disableMemoryMapping=true -Xmx2G -Xms100m -Xlog:disable -javaagent:c:\Users\LENOVO\.cursor\extensions\redhat.java-1.55.0-win32-x64\lombok\lombok-1.18.39-4050.jar -XX:+HeapDumpOnOutOfMemoryError -XX:HeapDumpPath=c:\Users\LENOVO\AppData\Roaming\Cursor\User\workspaceStorage\a78203c44efd8367260fac9b3c4b3b31\redhat.java -Daether.dependencyCollector.impl=bf 
java_command: c:\Users\LENOVO\.cursor\extensions\redhat.java-1.55.0-win32-x64\server\plugins\org.eclipse.equinox.launcher_1.7.200.v20260619-2039.jar -configuration c:\Users\LENOVO\AppData\Roaming\Cursor\User\globalStorage\redhat.java\1.55.0\config_win -data c:\Users\LENOVO\AppData\Roaming\Cursor\User\workspaceStorage\a78203c44efd8367260fac9b3c4b3b31\redhat.java\jdt_ws --pipe=\\.\pipe\lsp-d74eee006d01ac314484c69043b524f2-sock
java_class_path (initial): c:\Users\LENOVO\.cursor\extensions\redhat.java-1.55.0-win32-x64\server\plugins\org.eclipse.equinox.launcher_1.7.200.v20260619-2039.jar
Launcher Type: SUN_STANDARD

[Global flags]
    uintx AdaptiveSizePolicyWeight                 = 90                                        {product} {command line}
     intx CICompilerCount                          = 4                                         {product} {ergonomic}
    uintx GCTimeRatio                              = 4                                         {product} {command line}
     bool HeapDumpOnOutOfMemoryError               = true                                   {manageable} {command line}
    ccstr HeapDumpPath                             = c:\Users\LENOVO\AppData\Roaming\Cursor\User\workspaceStorage\a78203c44efd8367260fac9b3c4b3b31\redhat.java         {manageable} {command line}
   size_t InitialHeapSize                          = 104857600                                 {product} {command line}
   size_t MaxHeapSize                              = 2147483648                                {product} {command line}
   size_t MaxNewSize                               = 715653120                                 {product} {ergonomic}
   size_t MinHeapDeltaBytes                        = 524288                                    {product} {ergonomic}
   size_t MinHeapSize                              = 104857600                                 {product} {command line}
   size_t NewSize                                  = 34603008                                  {product} {ergonomic}
    uintx NonNMethodCodeHeapSize                   = 5839372                                {pd product} {ergonomic}
    uintx NonProfiledCodeHeapSize                  = 122909434                              {pd product} {ergonomic}
   size_t OldSize                                  = 70254592                                  {product} {ergonomic}
    uintx ProfiledCodeHeapSize                     = 122909434                              {pd product} {ergonomic}
    uintx ReservedCodeCacheSize                    = 251658240                              {pd product} {ergonomic}
     bool SegmentedCodeCache                       = true                                      {product} {ergonomic}
   size_t SoftMaxHeapSize                          = 2147483648                             {manageable} {ergonomic}
     bool UseCompressedOops                        = true                           {product lp64_product} {ergonomic}
     bool UseLargePagesIndividualAllocation        = false                                  {pd product} {ergonomic}
     bool UseParallelGC                            = true                                      {product} {command line}

Logging:
Log output configuration:
 #0: stdout all=off uptime,level,tags foldmultilines=false
 #1: stderr all=off uptime,level,tags foldmultilines=false

Release file:
JAVA_VERSION="21.0.11" 
MODULES="java.base java.compiler java.datatransfer java.xml java.prefs java.desktop java.instrument java.logging java.management java.security.sasl java.naming java.rmi java.management.rmi java.net.http java.scripting java.security.jgss java.transaction.xa java.sql java.sql.rowset java.xml.crypto java.se java.smartcardio jdk.accessibility jdk.internal.jvmstat jdk.attach jdk.charsets jdk.internal.opt jdk.zipfs jdk.compiler jdk.crypto.ec jdk.crypto.cryptoki jdk.crypto.mscapi jdk.dynalink jdk.internal.ed jdk.editpad jdk.hotspot.agent jdk.httpserver jdk.internal.le jdk.internal.vm.ci jdk.internal.vm.compiler jdk.internal.vm.compiler.management jdk.jartool jdk.javadoc jdk.jcmd jdk.management jdk.management.agent jdk.jconsole jdk.jdeps jdk.jdwp.agent jdk.jdi jdk.jfr jdk.jshell jdk.jsobject jdk.jstatd jdk.localedata jdk.management.jfr jdk.naming.dns jdk.naming.rmi jdk.net jdk.nio.mapmode jdk.random jdk.sctp jdk.security.auth jdk.security.jgss jdk.unsupported jdk.unsupported.desktop jdk.xml.dom" 

Environment Variables:
JAVA_HOME=C:\Program Files\Java\jdk-25
PATH=C:\Program Files\Common Files\Oracle\Java\javapath;C:\Program Files (x86)\Common Files\Oracle\Java\java8path;C:\Program Files (x86)\Common Files\Oracle\Java\javapath;C:\WINDOWS\system32;C:\WINDOWS;C:\WINDOWS\System32\Wbem;C:\WINDOWS\System32\WindowsPowerShell\v1.0\;C:\WINDOWS\System32\OpenSSH\;C:\Program Files\Git\cmd;C:\Program Files\nodejs\;C:\Program Files\Docker\Docker\resources\bin;C:\Users\LENOVO\AppData\Local\Python\pythoncore-3.14-64\;C:\Users\LENOVO\AppData\Local\Python\pythoncore-3.14-64\Scripts\;C:\Program Files\Java\jdk-25\bin;C:\Program Files\Go\bin;C:\Users\LENOVO\scoop\apps\openssl\current\bin;C:\Ruby34-x64\bin;C:\Users\LENOVO\scoop\shims;C:\Users\LENOVO\AppData\Local\Microsoft\WindowsApps;C:\Users\LENOVO\AppData\Local\Programs\cursor\resources\app\bin;C:\Users\LENOVO\AppData\Roaming\npm;C:\Users\LENOVO\AppData\Local\JetBrains\Toolbox\scripts;C:\platform-tools;C:\Users\LENOVO\AppData\Local\Python\bin;C:\Users\LENOVO\go\bin;C:\Users\LENOVO\AppData\Local\Microsoft\WinGet\Packages\Ngrok.Ngrok_Microsoft.Winget.Source_8wekyb3d8bbwe;
USERNAME=LENOVO
OS=Windows_NT
PROCESSOR_IDENTIFIER=Intel64 Family 6 Model 140 Stepping 1, GenuineIntel
TMP=C:\Users\LENOVO\AppData\Local\Temp
TEMP=C:\Users\LENOVO\AppData\Local\Temp




Periodic native trim disabled

---------------  S Y S T E M  ---------------

OS:
 Windows 11 , 64 bit Build 26100 (10.0.26100.8521)
OS uptime: 3 days 16:47 hours
Hyper-V role detected

CPU: total 8 (initial active 8) (4 cores per cpu, 2 threads per core) family 6 model 140 stepping 1 microcode 0x8a, cx8, cmov, fxsr, ht, mmx, 3dnowpref, sse, sse2, sse3, ssse3, sse4.1, sse4.2, popcnt, lzcnt, tsc, tscinvbit, avx, avx2, aes, erms, clmul, bmi1, bmi2, adx, avx512f, avx512dq, avx512cd, avx512bw, avx512vl, sha, fma, vzeroupper, avx512_vpopcntdq, avx512_vpclmulqdq, avx512_vaes, avx512_vnni, clflush, clflushopt, clwb, avx512_vbmi2, avx512_vbmi, hv, rdtscp, rdpid, fsrm, gfni, avx512_bitalg, f16c, cet_ibt, cet_ss, avx512_ifma
Processor Information for the first 8 processors :
  Max Mhz: 2419, Current Mhz: 2419, Mhz Limit: 2419

Memory: 4k page, system-wide physical 20279M (1190M free)
TotalPageFile size 50644M (AvailPageFile size 0M)
current process WorkingSet (physical memory assigned to process): 14M, peak: 240M
current process commit charge ("private bytes"): 320M, peak: 353M

vm_info: OpenJDK 64-Bit Server VM (21.0.11+10-LTS) for windows-amd64 JRE (21.0.11+10-LTS), built on 2026-04-21T00:00:00Z by "admin" with MS VC++ 17.12 (VS2022)

END.
