#
# There is insufficient memory for the Java Runtime Environment to continue.
# Native memory allocation (malloc) failed to allocate 1048576 bytes. Error detail: AllocateHeap
# Possible reasons:
#   The system is out of physical RAM or swap space
#   This process is running with CompressedOops enabled, and the Java Heap may be blocking the growth of the native heap
# Possible solutions:
#   Reduce memory load on the system
#   Increase physical memory or swap space
#   Check if swap backing store is full
#   Decrease Java heap size (-Xmx/-Xms)
#   Decrease number of Java threads
#   Decrease Java thread stack sizes (-Xss)
#   Set larger code cache with -XX:ReservedCodeCacheSize=
#   JVM is running with Unscaled Compressed Oops mode in which the Java heap is
#     placed in the first 4GB address space. The Java Heap base address is the
#     maximum limit for the native heap growth. Please use -XX:HeapBaseMinAddress
#     to set the Java Heap base and to place the Java Heap above 4GB virtual address.
# This output file may be truncated or incomplete.
#
#  Out of Memory Error (allocation.cpp:44), pid=24888, tid=25488
#
# JRE version: OpenJDK Runtime Environment Temurin-21.0.10+7 (21.0.10+7) (build 21.0.10+7-LTS)
# Java VM: OpenJDK 64-Bit Server VM Temurin-21.0.10+7 (21.0.10+7-LTS, mixed mode, sharing, tiered, compressed oops, compressed class ptrs, parallel gc, windows-amd64)
# No core dump will be written. Minidumps are not enabled by default on client versions of Windows
#

---------------  S U M M A R Y ------------

Command Line: --add-modules=ALL-SYSTEM --add-opens=java.base/java.util=ALL-UNNAMED --add-opens=java.base/java.lang=ALL-UNNAMED --add-opens=java.base/sun.nio.fs=ALL-UNNAMED -Declipse.application=org.eclipse.jdt.ls.core.id1 -Dosgi.bundles.defaultStartLevel=4 -Declipse.product=org.eclipse.jdt.ls.core.product -Djava.import.generatesMetadataFilesAtProjectRoot=false -DDetectVMInstallationsJob.disabled=true -Dfile.encoding=utf8 -XX:+UseParallelGC -XX:GCTimeRatio=4 -XX:AdaptiveSizePolicyWeight=90 -Dsun.zip.disableMemoryMapping=true -Xmx2G -Xms100m -Xlog:disable -javaagent:c:\Users\LENOVO\.cursor\extensions\redhat.java-1.54.0-win32-x64\lombok\lombok-1.18.39-4050.jar -XX:+HeapDumpOnOutOfMemoryError -XX:HeapDumpPath=c:\Users\LENOVO\AppData\Roaming\Cursor\User\workspaceStorage\a78203c44efd8367260fac9b3c4b3b31\redhat.java -Daether.dependencyCollector.impl=bf c:\Users\LENOVO\.cursor\extensions\redhat.java-1.54.0-win32-x64\server\plugins\org.eclipse.equinox.launcher_1.7.100.v20251111-0406.jar -configuration c:\Users\LENOVO\AppData\Roaming\Cursor\User\globalStorage\redhat.java\1.54.0\config_win -data c:\Users\LENOVO\AppData\Roaming\Cursor\User\workspaceStorage\a78203c44efd8367260fac9b3c4b3b31\redhat.java\jdt_ws --pipe=\\.\pipe\lsp-4398d7b2c18b5b515893d1d2465d6db1-sock

Host: 11th Gen Intel(R) Core(TM) i5-1135G7 @ 2.40GHz, 8 cores, 19G,  Windows 11 , 64 bit Build 26100 (10.0.26100.8246)
Time: Mon Apr 20 15:00:07 2026 W. Central Africa Standard Time elapsed time: 2482.569626 seconds (0d 0h 41m 22s)

---------------  T H R E A D  ---------------

Current thread (0x000001d79b18c940):  JavaThread "Attach Listener" daemon [_thread_in_vm, id=25488, stack(0x0000004465800000,0x0000004465900000) (1024K)]

Stack: [0x0000004465800000,0x0000004465900000]
Native frames: (J=compiled Java code, j=interpreted, Vv=VM code, C=native code)
V  [jvm.dll+0x6d7a39]
V  [jvm.dll+0x8b4b26]
V  [jvm.dll+0x8b70de]
V  [jvm.dll+0x8b77c3]
V  [jvm.dll+0x284346]
V  [jvm.dll+0xc1277]
V  [jvm.dll+0x6d82e9]
V  [jvm.dll+0x1334a6]
V  [jvm.dll+0x3f857e]
V  [jvm.dll+0x85f59d]
V  [jvm.dll+0x6d626d]
C  [ucrtbase.dll+0x37b0]
C  [KERNEL32.DLL+0x2e8d7]
C  [ntdll.dll+0x8c3fc]


---------------  P R O C E S S  ---------------

Threads class SMR info:
_java_thread_list=0x000001d7fc2d1530, length=47, elements={
0x000001d798f19650, 0x000001d79b184180, 0x000001d79b187310, 0x000001d79b188300,
0x000001d79b18c940, 0x000001d79b18d3a0, 0x000001d79b18de00, 0x000001d79b192c60,
0x000001d7f4572f90, 0x000001d7f4723c90, 0x000001d7f479efd0, 0x000001d7f95b4890,
0x000001d7f45f8d20, 0x000001d7f47c8820, 0x000001d7f47caea0, 0x000001d7f9679f00,
0x000001d7f99d2280, 0x000001d7f9e59350, 0x000001d7f9e5a070, 0x000001d7f9e5c140,
0x000001d7f9e5bab0, 0x000001d7fbb442b0, 0x000001d7fbb44940, 0x000001d7fbb45cf0,
0x000001d7fbb46a10, 0x000001d7fbb44fd0, 0x000001d7fbb46380, 0x000001d7fbb45660,
0x000001d7fbb43590, 0x000001d7fbb470a0, 0x000001d7fbb43c20, 0x000001d7fbb49e90,
0x000001d7fbb4a520, 0x000001d7fbb49170, 0x000001d7fbb47dc0, 0x000001d7fc04b860,
0x000001d7fc049e20, 0x000001d7fc04d930, 0x000001d7fc04a4b0, 0x000001d7fc04ece0,
0x000001d7fc04dfc0, 0x000001d7fbb47730, 0x000001d7fc04bef0, 0x000001d7fc04e650,
0x000001d7fc04b1d0, 0x000001d7fc04fa00, 0x000001d7fc04c580
}

Java Threads: ( => current thread )
  0x000001d798f19650 JavaThread "main"                              [_thread_blocked, id=21084, stack(0x0000004465100000,0x0000004465200000) (1024K)]
  0x000001d79b184180 JavaThread "Reference Handler"          daemon [_thread_blocked, id=24656, stack(0x0000004465500000,0x0000004465600000) (1024K)]
  0x000001d79b187310 JavaThread "Finalizer"                  daemon [_thread_blocked, id=11796, stack(0x0000004465600000,0x0000004465700000) (1024K)]
  0x000001d79b188300 JavaThread "Signal Dispatcher"          daemon [_thread_blocked, id=7916, stack(0x0000004465700000,0x0000004465800000) (1024K)]
=>0x000001d79b18c940 JavaThread "Attach Listener"            daemon [_thread_in_vm, id=25488, stack(0x0000004465800000,0x0000004465900000) (1024K)]
  0x000001d79b18d3a0 JavaThread "Service Thread"             daemon [_thread_blocked, id=12624, stack(0x0000004465900000,0x0000004465a00000) (1024K)]
  0x000001d79b18de00 JavaThread "Monitor Deflation Thread"   daemon [_thread_blocked, id=21660, stack(0x0000004465a00000,0x0000004465b00000) (1024K)]
  0x000001d79b192c60 JavaThread "C2 CompilerThread0"         daemon [_thread_blocked, id=11580, stack(0x0000004465b00000,0x0000004465c00000) (1024K)]
  0x000001d7f4572f90 JavaThread "C1 CompilerThread0"         daemon [_thread_blocked, id=16636, stack(0x0000004465c00000,0x0000004465d00000) (1024K)]
  0x000001d7f4723c90 JavaThread "Common-Cleaner"             daemon [_thread_blocked, id=21680, stack(0x0000004465d00000,0x0000004465e00000) (1024K)]
  0x000001d7f479efd0 JavaThread "Notification Thread"        daemon [_thread_blocked, id=11108, stack(0x0000004465e00000,0x0000004465f00000) (1024K)]
  0x000001d7f95b4890 JavaThread "Active Thread: Equinox Container: 6e43cd79-7db0-4772-bb1f-aeaf0fb540d7"        [_thread_blocked, id=20320, stack(0x0000004466500000,0x0000004466600000) (1024K)]
  0x000001d7f45f8d20 JavaThread "Refresh Thread: Equinox Container: 6e43cd79-7db0-4772-bb1f-aeaf0fb540d7" daemon [_thread_blocked, id=13044, stack(0x0000004466700000,0x0000004466800000) (1024K)]
  0x000001d7f47c8820 JavaThread "Framework Event Dispatcher: Equinox Container: 6e43cd79-7db0-4772-bb1f-aeaf0fb540d7" daemon [_thread_blocked, id=23004, stack(0x0000004466800000,0x0000004466900000) (1024K)]
  0x000001d7f47caea0 JavaThread "Start Level: Equinox Container: 6e43cd79-7db0-4772-bb1f-aeaf0fb540d7" daemon [_thread_blocked, id=20540, stack(0x0000004466900000,0x0000004466a00000) (1024K)]
  0x000001d7f9679f00 JavaThread "Bundle File Closer"         daemon [_thread_blocked, id=21532, stack(0x0000004466b00000,0x0000004466c00000) (1024K)]
  0x000001d7f99d2280 JavaThread "SCR Component Actor"        daemon [_thread_blocked, id=12308, stack(0x0000004466a00000,0x0000004466b00000) (1024K)]
  0x000001d7f9e59350 JavaThread "Worker-JM"                         [_thread_blocked, id=12408, stack(0x0000004466d00000,0x0000004466e00000) (1024K)]
  0x000001d7f9e5a070 JavaThread "JNA Cleaner"                daemon [_thread_blocked, id=11576, stack(0x0000004466e00000,0x0000004466f00000) (1024K)]
  0x000001d7f9e5c140 JavaThread "Java indexing"              daemon [_thread_blocked, id=3936, stack(0x0000004467100000,0x0000004467200000) (1024K)]
  0x000001d7f9e5bab0 JavaThread "Worker-3"                          [_thread_blocked, id=20900, stack(0x0000004467700000,0x0000004467800000) (1024K)]
  0x000001d7fbb442b0 JavaThread "Thread-1"                   daemon [_thread_in_native, id=17616, stack(0x0000004467800000,0x0000004467900000) (1024K)]
  0x000001d7fbb44940 JavaThread "Thread-2"                   daemon [_thread_in_native, id=24516, stack(0x0000004467900000,0x0000004467a00000) (1024K)]
  0x000001d7fbb45cf0 JavaThread "Thread-3"                   daemon [_thread_in_native, id=25396, stack(0x0000004467a00000,0x0000004467b00000) (1024K)]
  0x000001d7fbb46a10 JavaThread "Thread-4"                   daemon [_thread_in_native, id=18620, stack(0x0000004467b00000,0x0000004467c00000) (1024K)]
  0x000001d7fbb44fd0 JavaThread "Thread-5"                   daemon [_thread_in_native, id=23404, stack(0x0000004467c00000,0x0000004467d00000) (1024K)]
  0x000001d7fbb46380 JavaThread "Thread-6"                   daemon [_thread_in_native, id=24560, stack(0x0000004467d00000,0x0000004467e00000) (1024K)]
  0x000001d7fbb45660 JavaThread "Thread-7"                   daemon [_thread_in_native, id=21524, stack(0x0000004467e00000,0x0000004467f00000) (1024K)]
  0x000001d7fbb43590 JavaThread "Thread-8"                   daemon [_thread_in_native, id=25508, stack(0x0000004467f00000,0x0000004468000000) (1024K)]
  0x000001d7fbb470a0 JavaThread "Thread-9"                   daemon [_thread_in_native, id=16340, stack(0x0000004468000000,0x0000004468100000) (1024K)]
  0x000001d7fbb43c20 JavaThread "pool-2-thread-1"                   [_thread_blocked, id=22372, stack(0x0000004468100000,0x0000004468200000) (1024K)]
  0x000001d7fbb49e90 JavaThread "WorkspaceEventsHandler"            [_thread_blocked, id=23224, stack(0x0000004468200000,0x0000004468300000) (1024K)]
  0x000001d7fbb4a520 JavaThread "pool-1-thread-1"                   [_thread_blocked, id=21340, stack(0x0000004468300000,0x0000004468400000) (1024K)]
  0x000001d7fbb49170 JavaThread "Timer-0"                           [_thread_blocked, id=22216, stack(0x0000004468400000,0x0000004468500000) (1024K)]
  0x000001d7fbb47dc0 JavaThread "Timer-1"                           [_thread_blocked, id=6452, stack(0x0000004468500000,0x0000004468600000) (1024K)]
  0x000001d7fc04b860 JavaThread "Timer-2"                           [_thread_blocked, id=23788, stack(0x0000004466c00000,0x0000004466d00000) (1024K)]
  0x000001d7fc049e20 JavaThread "Timer-3"                           [_thread_blocked, id=24264, stack(0x0000004464e00000,0x0000004464f00000) (1024K)]
  0x000001d7fc04d930 JavaThread "Timer-4"                           [_thread_blocked, id=24436, stack(0x0000004464f00000,0x0000004465000000) (1024K)]
  0x000001d7fc04a4b0 JavaThread "Timer-5"                           [_thread_blocked, id=24536, stack(0x0000004467200000,0x0000004467300000) (1024K)]
  0x000001d7fc04ece0 JavaThread "Timer-6"                           [_thread_blocked, id=24156, stack(0x0000004468800000,0x0000004468900000) (1024K)]
  0x000001d7fc04dfc0 JavaThread "Timer-7"                           [_thread_blocked, id=20372, stack(0x0000004468c00000,0x0000004468d00000) (1024K)]
  0x000001d7fbb47730 JavaThread "Timer-8"                           [_thread_blocked, id=26324, stack(0x0000004466f00000,0x0000004467000000) (1024K)]
  0x000001d7fc04bef0 JavaThread "Timer-9"                           [_thread_blocked, id=20324, stack(0x0000004465000000,0x0000004465100000) (1024K)]
  0x000001d7fc04e650 JavaThread "Timer-10"                          [_thread_blocked, id=24600, stack(0x0000004467300000,0x0000004467400000) (1024K)]
  0x000001d7fc04b1d0 JavaThread "Timer-11"                          [_thread_blocked, id=24380, stack(0x0000004467500000,0x0000004467600000) (1024K)]
  0x000001d7fc04fa00 JavaThread "Timer-12"                          [_thread_blocked, id=16048, stack(0x0000004468a00000,0x0000004468b00000) (1024K)]
  0x000001d7fc04c580 JavaThread "Worker-7"                          [_thread_blocked, id=25848, stack(0x0000004467400000,0x0000004467500000) (1024K)]
Total: 47

Other Threads:
  0x000001d79b181490 VMThread "VM Thread"                           [id=5672, stack(0x0000004465400000,0x0000004465500000) (1024K)]
  0x000001d79b27f8f0 WatcherThread "VM Periodic Task Thread"        [id=19324, stack(0x0000004465300000,0x0000004465400000) (1024K)]
  0x000001d79b2305a0 WorkerThread "GC Thread#0"                     [id=21112, stack(0x0000004465200000,0x0000004465300000) (1024K)]
  0x000001d7f9226960 WorkerThread "GC Thread#1"                     [id=15600, stack(0x0000004465f00000,0x0000004466000000) (1024K)]
  0x000001d7f9225e50 WorkerThread "GC Thread#2"                     [id=2432, stack(0x0000004466000000,0x0000004466100000) (1024K)]
  0x000001d7f9226d10 WorkerThread "GC Thread#3"                     [id=21832, stack(0x0000004466100000,0x0000004466200000) (1024K)]
  0x000001d7f9226200 WorkerThread "GC Thread#4"                     [id=22664, stack(0x0000004466200000,0x0000004466300000) (1024K)]
  0x000001d7f92270c0 WorkerThread "GC Thread#5"                     [id=18420, stack(0x0000004466300000,0x0000004466400000) (1024K)]
  0x000001d7f92265b0 WorkerThread "GC Thread#6"                     [id=18384, stack(0x0000004466400000,0x0000004466500000) (1024K)]
  0x000001d7f9227470 WorkerThread "GC Thread#7"                     [id=24832, stack(0x0000004466600000,0x0000004466700000) (1024K)]
Total: 10

Threads with active compile tasks:
Total: 0

VM state: not at safepoint (normal execution)

VM Mutex/Monitor currently owned by a thread: None

Heap address: 0x0000000080000000, size: 2048 MB, Compressed Oops mode: 32-bit

CDS archive(s) mapped at: [0x000001d7b2000000-0x000001d7b2ba0000-0x000001d7b2ba0000), size 12189696, SharedBaseAddress: 0x000001d7b2000000, ArchiveRelocationMode: 1.
Compressed class space mapped at: 0x000001d7b3000000-0x000001d7f3000000, reserved size: 1073741824
Narrow klass base: 0x000001d7b2000000, Narrow klass shift: 0, Narrow klass range: 0x100000000

GC Precious Log:
 CardTable entry size: 512
 CPUs: 8 total, 8 available
 Memory: 20279M
 Large Page Support: Disabled
 NUMA Support: Disabled
 Compressed Oops: Enabled (32-bit)
 Alignments: Space 512K, Generation 512K, Heap 2M
 Heap Min Capacity: 100M
 Heap Initial Capacity: 100M
 Heap Max Capacity: 2G
 Pre-touch: Disabled
 Parallel Workers: 8

Heap:
 PSYoungGen      total 15360K, used 12587K [0x00000000d5580000, 0x00000000d6d80000, 0x0000000100000000)
  eden space 14336K, 80% used [0x00000000d5580000,0x00000000d60cfce8,0x00000000d6380000)
  from space 1024K, 98% used [0x00000000d6800000,0x00000000d68fb0a0,0x00000000d6900000)
  to   space 4608K, 0% used [0x00000000d6900000,0x00000000d6900000,0x00000000d6d80000)
 ParOldGen       total 68608K, used 53582K [0x0000000080000000, 0x0000000084300000, 0x00000000d5580000)
  object space 68608K, 78% used [0x0000000080000000,0x0000000083453900,0x0000000084300000)
 Metaspace       used 66421K, committed 67968K, reserved 1114112K
  class space    used 8368K, committed 9024K, reserved 1048576K

Card table byte_map: [0x000001d79abb0000,0x000001d79afc0000] _byte_map_base: 0x000001d79a7b0000

Marking Bits: (ParMarkBitMap*) 0x00007ff875583450
 Begin Bits: [0x000001d7ad6c0000, 0x000001d7af6c0000)
 End Bits:   [0x000001d7af6c0000, 0x000001d7b16c0000)

Polling page: 0x000001d799040000

Metaspace:

Usage:
  Non-class:     56.69 MB used.
      Class:      8.17 MB used.
       Both:     64.87 MB used.

Virtual space:
  Non-class space:       64.00 MB reserved,      57.56 MB ( 90%) committed,  1 nodes.
      Class space:        1.00 GB reserved,       8.81 MB ( <1%) committed,  1 nodes.
             Both:        1.06 GB reserved,      66.38 MB (  6%) committed. 

Chunk freelists:
   Non-Class:  6.25 MB
       Class:  7.19 MB
        Both:  13.44 MB

MaxMetaspaceSize: unlimited
CompressedClassSpaceSize: 1.00 GB
Initial GC threshold: 21.00 MB
Current GC threshold: 97.31 MB
CDS: on
 - commit_granule_bytes: 65536.
 - commit_granule_words: 8192.
 - virtual_space_node_default_size: 8388608.
 - enlarge_chunks_in_place: 1.
 - use_allocation_guard: 0.


Internal statistics:

num_allocs_failed_limit: 9.
num_arena_births: 1386.
num_arena_deaths: 14.
num_vsnodes_births: 2.
num_vsnodes_deaths: 0.
num_space_committed: 1062.
num_space_uncommitted: 0.
num_chunks_returned_to_freelist: 23.
num_chunks_taken_from_freelist: 4388.
num_chunk_merges: 15.
num_chunk_splits: 2792.
num_chunks_enlarged: 1694.
num_inconsistent_stats: 0.

CodeHeap 'non-profiled nmethods': size=120000Kb used=6699Kb max_used=6699Kb free=113300Kb
 bounds [0x000001d7a5ee0000, 0x000001d7a6570000, 0x000001d7ad410000]
CodeHeap 'profiled nmethods': size=120000Kb used=16589Kb max_used=16589Kb free=103410Kb
 bounds [0x000001d79e410000, 0x000001d79f450000, 0x000001d7a5940000]
CodeHeap 'non-nmethods': size=5760Kb used=1409Kb max_used=1464Kb free=4350Kb
 bounds [0x000001d7a5940000, 0x000001d7a5bb0000, 0x000001d7a5ee0000]
CodeCache: size=245760Kb, used=24697Kb, max_used=24752Kb, free=221060Kb
 total_blobs=8973, nmethods=8271, adapters=608, full_count=0
Compilation: enabled, stopped_count=0, restarted_count=0

Compilation events (20 events):
Event: 1406.152 Thread 0x000001d79b192c60 9005       4       java.util.TaskQueue::fixDown (108 bytes)
Event: 1406.152 Thread 0x000001d79b192c60 nmethod 9005 0x000001d7a6567a90 code [0x000001d7a6567c20, 0x000001d7a6567cd8]
Event: 1422.635 Thread 0x000001d79b192c60 9006       4       org.eclipse.osgi.container.ModuleDatabase::readLock (11 bytes)
Event: 1422.639 Thread 0x000001d79b192c60 nmethod 9006 0x000001d7a6567d90 code [0x000001d7a6567f80, 0x000001d7a6568320]
Event: 1719.609 Thread 0x000001d7f4572f90 9007       1       com.sun.jna.internal.Cleaner::access$100 (5 bytes)
Event: 1719.610 Thread 0x000001d7f4572f90 nmethod 9007 0x000001d7a6568690 code [0x000001d7a6568820, 0x000001d7a65688d0]
Event: 2018.353 Thread 0x000001d79b192c60 9008       4       org.eclipse.core.internal.jobs.JobQueue::peek (26 bytes)
Event: 2018.355 Thread 0x000001d79b192c60 nmethod 9008 0x000001d7a6568990 code [0x000001d7a6568b20, 0x000001d7a6568bd0]
Event: 2041.689 Thread 0x000001d79b192c60 9009 % !   4       java.util.TimerThread::mainLoop @ 0 (232 bytes)
Event: 2041.706 Thread 0x000001d79b192c60 nmethod 9009% 0x000001d7a6568c90 code [0x000001d7a6568f00, 0x000001d7a6569af0]
Event: 2149.784 Thread 0x000001d79b192c60 9010       4       java.util.concurrent.ThreadPoolExecutor::beforeExecute (1 bytes)
Event: 2149.784 Thread 0x000001d79b192c60 nmethod 9010 0x000001d7a656a510 code [0x000001d7a656a6a0, 0x000001d7a656a728]
Event: 2232.658 Thread 0x000001d79b192c60 9011       4       java.util.concurrent.ThreadPoolExecutor::afterExecute (1 bytes)
Event: 2232.658 Thread 0x000001d79b192c60 nmethod 9011 0x000001d7a656a810 code [0x000001d7a656a9a0, 0x000001d7a656aa28]
Event: 2259.626 Thread 0x000001d7f4572f90 9012   !   3       java.util.logging.LogManager::ensureLogManagerInitialized (144 bytes)
Event: 2259.631 Thread 0x000001d7f4572f90 nmethod 9012 0x000001d79f441690 code [0x000001d79f4419a0, 0x000001d79f442ac0]
Event: 2412.662 Thread 0x000001d7f4572f90 9013       1       org.eclipse.osgi.internal.framework.EquinoxContainer::getStorage (5 bytes)
Event: 2412.663 Thread 0x000001d7f4572f90 nmethod 9013 0x000001d7a656ab10 code [0x000001d7a656aca0, 0x000001d7a656ad68]
Event: 2469.815 Thread 0x000001d7f4572f90 9014       3       java.util.Optional::get (22 bytes)
Event: 2469.816 Thread 0x000001d7f4572f90 nmethod 9014 0x000001d79f443090 code [0x000001d79f443240, 0x000001d79f443460]

GC Heap History (20 events):
Event: 154.240 GC heap before
{Heap before GC invocations=81 (full 3):
 PSYoungGen      total 14848K, used 14496K [0x00000000d5580000, 0x00000000d6a00000, 0x0000000100000000)
  eden space 14336K, 100% used [0x00000000d5580000,0x00000000d6380000,0x00000000d6380000)
  from space 512K, 31% used [0x00000000d6900000,0x00000000d6928000,0x00000000d6980000)
  to   space 512K, 0% used [0x00000000d6980000,0x00000000d6980000,0x00000000d6a00000)
 ParOldGen       total 68608K, used 50160K [0x0000000080000000, 0x0000000084300000, 0x00000000d5580000)
  object space 68608K, 73% used [0x0000000080000000,0x00000000830fc030,0x0000000084300000)
 Metaspace       used 64751K, committed 66176K, reserved 1114112K
  class space    used 8192K, committed 8832K, reserved 1048576K
}
Event: 154.242 GC heap after
{Heap after GC invocations=81 (full 3):
 PSYoungGen      total 14848K, used 128K [0x00000000d5580000, 0x00000000d6a00000, 0x0000000100000000)
  eden space 14336K, 0% used [0x00000000d5580000,0x00000000d5580000,0x00000000d6380000)
  from space 512K, 25% used [0x00000000d6980000,0x00000000d69a0000,0x00000000d6a00000)
  to   space 512K, 0% used [0x00000000d6900000,0x00000000d6900000,0x00000000d6980000)
 ParOldGen       total 68608K, used 50192K [0x0000000080000000, 0x0000000084300000, 0x00000000d5580000)
  object space 68608K, 73% used [0x0000000080000000,0x0000000083104030,0x0000000084300000)
 Metaspace       used 64751K, committed 66176K, reserved 1114112K
  class space    used 8192K, committed 8832K, reserved 1048576K
}
Event: 154.284 GC heap before
{Heap before GC invocations=82 (full 3):
 PSYoungGen      total 14848K, used 14464K [0x00000000d5580000, 0x00000000d6a00000, 0x0000000100000000)
  eden space 14336K, 100% used [0x00000000d5580000,0x00000000d6380000,0x00000000d6380000)
  from space 512K, 25% used [0x00000000d6980000,0x00000000d69a0000,0x00000000d6a00000)
  to   space 512K, 0% used [0x00000000d6900000,0x00000000d6900000,0x00000000d6980000)
 ParOldGen       total 68608K, used 50192K [0x0000000080000000, 0x0000000084300000, 0x00000000d5580000)
  object space 68608K, 73% used [0x0000000080000000,0x0000000083104030,0x0000000084300000)
 Metaspace       used 64751K, committed 66176K, reserved 1114112K
  class space    used 8192K, committed 8832K, reserved 1048576K
}
Event: 154.284 GC heap after
{Heap after GC invocations=82 (full 3):
 PSYoungGen      total 14848K, used 256K [0x00000000d5580000, 0x00000000d6a00000, 0x0000000100000000)
  eden space 14336K, 0% used [0x00000000d5580000,0x00000000d5580000,0x00000000d6380000)
  from space 512K, 50% used [0x00000000d6900000,0x00000000d6940000,0x00000000d6980000)
  to   space 512K, 0% used [0x00000000d6980000,0x00000000d6980000,0x00000000d6a00000)
 ParOldGen       total 68608K, used 50272K [0x0000000080000000, 0x0000000084300000, 0x00000000d5580000)
  object space 68608K, 73% used [0x0000000080000000,0x0000000083118030,0x0000000084300000)
 Metaspace       used 64751K, committed 66176K, reserved 1114112K
  class space    used 8192K, committed 8832K, reserved 1048576K
}
Event: 154.409 GC heap before
{Heap before GC invocations=83 (full 3):
 PSYoungGen      total 14848K, used 14592K [0x00000000d5580000, 0x00000000d6a00000, 0x0000000100000000)
  eden space 14336K, 100% used [0x00000000d5580000,0x00000000d6380000,0x00000000d6380000)
  from space 512K, 50% used [0x00000000d6900000,0x00000000d6940000,0x00000000d6980000)
  to   space 512K, 0% used [0x00000000d6980000,0x00000000d6980000,0x00000000d6a00000)
 ParOldGen       total 68608K, used 50272K [0x0000000080000000, 0x0000000084300000, 0x00000000d5580000)
  object space 68608K, 73% used [0x0000000080000000,0x0000000083118030,0x0000000084300000)
 Metaspace       used 64751K, committed 66176K, reserved 1114112K
  class space    used 8192K, committed 8832K, reserved 1048576K
}
Event: 154.410 GC heap after
{Heap after GC invocations=83 (full 3):
 PSYoungGen      total 14848K, used 128K [0x00000000d5580000, 0x00000000d6a00000, 0x0000000100000000)
  eden space 14336K, 0% used [0x00000000d5580000,0x00000000d5580000,0x00000000d6380000)
  from space 512K, 25% used [0x00000000d6980000,0x00000000d69a0000,0x00000000d6a00000)
  to   space 512K, 0% used [0x00000000d6900000,0x00000000d6900000,0x00000000d6980000)
 ParOldGen       total 68608K, used 50272K [0x0000000080000000, 0x0000000084300000, 0x00000000d5580000)
  object space 68608K, 73% used [0x0000000080000000,0x0000000083118030,0x0000000084300000)
 Metaspace       used 64751K, committed 66176K, reserved 1114112K
  class space    used 8192K, committed 8832K, reserved 1048576K
}
Event: 154.889 GC heap before
{Heap before GC invocations=84 (full 3):
 PSYoungGen      total 14848K, used 14464K [0x00000000d5580000, 0x00000000d6a00000, 0x0000000100000000)
  eden space 14336K, 100% used [0x00000000d5580000,0x00000000d6380000,0x00000000d6380000)
  from space 512K, 25% used [0x00000000d6980000,0x00000000d69a0000,0x00000000d6a00000)
  to   space 512K, 0% used [0x00000000d6900000,0x00000000d6900000,0x00000000d6980000)
 ParOldGen       total 68608K, used 50272K [0x0000000080000000, 0x0000000084300000, 0x00000000d5580000)
  object space 68608K, 73% used [0x0000000080000000,0x0000000083118030,0x0000000084300000)
 Metaspace       used 64753K, committed 66176K, reserved 1114112K
  class space    used 8192K, committed 8832K, reserved 1048576K
}
Event: 154.890 GC heap after
{Heap after GC invocations=84 (full 3):
 PSYoungGen      total 14848K, used 128K [0x00000000d5580000, 0x00000000d6a00000, 0x0000000100000000)
  eden space 14336K, 0% used [0x00000000d5580000,0x00000000d5580000,0x00000000d6380000)
  from space 512K, 25% used [0x00000000d6900000,0x00000000d6920000,0x00000000d6980000)
  to   space 512K, 0% used [0x00000000d6980000,0x00000000d6980000,0x00000000d6a00000)
 ParOldGen       total 68608K, used 50312K [0x0000000080000000, 0x0000000084300000, 0x00000000d5580000)
  object space 68608K, 73% used [0x0000000080000000,0x0000000083122030,0x0000000084300000)
 Metaspace       used 64753K, committed 66176K, reserved 1114112K
  class space    used 8192K, committed 8832K, reserved 1048576K
}
Event: 154.955 GC heap before
{Heap before GC invocations=85 (full 3):
 PSYoungGen      total 14848K, used 14464K [0x00000000d5580000, 0x00000000d6a00000, 0x0000000100000000)
  eden space 14336K, 100% used [0x00000000d5580000,0x00000000d6380000,0x00000000d6380000)
  from space 512K, 25% used [0x00000000d6900000,0x00000000d6920000,0x00000000d6980000)
  to   space 512K, 0% used [0x00000000d6980000,0x00000000d6980000,0x00000000d6a00000)
 ParOldGen       total 68608K, used 50312K [0x0000000080000000, 0x0000000084300000, 0x00000000d5580000)
  object space 68608K, 73% used [0x0000000080000000,0x0000000083122030,0x0000000084300000)
 Metaspace       used 64753K, committed 66176K, reserved 1114112K
  class space    used 8192K, committed 8832K, reserved 1048576K
}
Event: 154.956 GC heap after
{Heap after GC invocations=85 (full 3):
 PSYoungGen      total 14848K, used 290K [0x00000000d5580000, 0x00000000d6a00000, 0x0000000100000000)
  eden space 14336K, 0% used [0x00000000d5580000,0x00000000d5580000,0x00000000d6380000)
  from space 512K, 56% used [0x00000000d6980000,0x00000000d69c8930,0x00000000d6a00000)
  to   space 512K, 0% used [0x00000000d6900000,0x00000000d6900000,0x00000000d6980000)
 ParOldGen       total 68608K, used 50320K [0x0000000080000000, 0x0000000084300000, 0x00000000d5580000)
  object space 68608K, 73% used [0x0000000080000000,0x0000000083124030,0x0000000084300000)
 Metaspace       used 64753K, committed 66176K, reserved 1114112K
  class space    used 8192K, committed 8832K, reserved 1048576K
}
Event: 155.382 GC heap before
{Heap before GC invocations=86 (full 3):
 PSYoungGen      total 14848K, used 14626K [0x00000000d5580000, 0x00000000d6a00000, 0x0000000100000000)
  eden space 14336K, 100% used [0x00000000d5580000,0x00000000d6380000,0x00000000d6380000)
  from space 512K, 56% used [0x00000000d6980000,0x00000000d69c8930,0x00000000d6a00000)
  to   space 512K, 0% used [0x00000000d6900000,0x00000000d6900000,0x00000000d6980000)
 ParOldGen       total 68608K, used 50320K [0x0000000080000000, 0x0000000084300000, 0x00000000d5580000)
  object space 68608K, 73% used [0x0000000080000000,0x0000000083124030,0x0000000084300000)
 Metaspace       used 64974K, committed 66496K, reserved 1114112K
  class space    used 8205K, committed 8896K, reserved 1048576K
}
Event: 155.382 GC heap after
{Heap after GC invocations=86 (full 3):
 PSYoungGen      total 14848K, used 224K [0x00000000d5580000, 0x00000000d6a00000, 0x0000000100000000)
  eden space 14336K, 0% used [0x00000000d5580000,0x00000000d5580000,0x00000000d6380000)
  from space 512K, 43% used [0x00000000d6900000,0x00000000d6938000,0x00000000d6980000)
  to   space 512K, 0% used [0x00000000d6980000,0x00000000d6980000,0x00000000d6a00000)
 ParOldGen       total 68608K, used 50336K [0x0000000080000000, 0x0000000084300000, 0x00000000d5580000)
  object space 68608K, 73% used [0x0000000080000000,0x0000000083128030,0x0000000084300000)
 Metaspace       used 64974K, committed 66496K, reserved 1114112K
  class space    used 8205K, committed 8896K, reserved 1048576K
}
Event: 155.572 GC heap before
{Heap before GC invocations=87 (full 3):
 PSYoungGen      total 14848K, used 14560K [0x00000000d5580000, 0x00000000d6a00000, 0x0000000100000000)
  eden space 14336K, 100% used [0x00000000d5580000,0x00000000d6380000,0x00000000d6380000)
  from space 512K, 43% used [0x00000000d6900000,0x00000000d6938000,0x00000000d6980000)
  to   space 512K, 0% used [0x00000000d6980000,0x00000000d6980000,0x00000000d6a00000)
 ParOldGen       total 68608K, used 50336K [0x0000000080000000, 0x0000000084300000, 0x00000000d5580000)
  object space 68608K, 73% used [0x0000000080000000,0x0000000083128030,0x0000000084300000)
 Metaspace       used 64975K, committed 66496K, reserved 1114112K
  class space    used 8205K, committed 8896K, reserved 1048576K
}
Event: 155.573 GC heap after
{Heap after GC invocations=87 (full 3):
 PSYoungGen      total 14848K, used 160K [0x00000000d5580000, 0x00000000d6a00000, 0x0000000100000000)
  eden space 14336K, 0% used [0x00000000d5580000,0x00000000d5580000,0x00000000d6380000)
  from space 512K, 31% used [0x00000000d6980000,0x00000000d69a8000,0x00000000d6a00000)
  to   space 512K, 0% used [0x00000000d6900000,0x00000000d6900000,0x00000000d6980000)
 ParOldGen       total 68608K, used 50436K [0x0000000080000000, 0x0000000084300000, 0x00000000d5580000)
  object space 68608K, 73% used [0x0000000080000000,0x0000000083141040,0x0000000084300000)
 Metaspace       used 64975K, committed 66496K, reserved 1114112K
  class space    used 8205K, committed 8896K, reserved 1048576K
}
Event: 155.787 GC heap before
{Heap before GC invocations=88 (full 3):
 PSYoungGen      total 14848K, used 14496K [0x00000000d5580000, 0x00000000d6a00000, 0x0000000100000000)
  eden space 14336K, 100% used [0x00000000d5580000,0x00000000d6380000,0x00000000d6380000)
  from space 512K, 31% used [0x00000000d6980000,0x00000000d69a8000,0x00000000d6a00000)
  to   space 512K, 0% used [0x00000000d6900000,0x00000000d6900000,0x00000000d6980000)
 ParOldGen       total 68608K, used 50436K [0x0000000080000000, 0x0000000084300000, 0x00000000d5580000)
  object space 68608K, 73% used [0x0000000080000000,0x0000000083141040,0x0000000084300000)
 Metaspace       used 64976K, committed 66496K, reserved 1114112K
  class space    used 8205K, committed 8896K, reserved 1048576K
}
Event: 155.787 GC heap after
{Heap after GC invocations=88 (full 3):
 PSYoungGen      total 14848K, used 192K [0x00000000d5580000, 0x00000000d6a00000, 0x0000000100000000)
  eden space 14336K, 0% used [0x00000000d5580000,0x00000000d5580000,0x00000000d6380000)
  from space 512K, 37% used [0x00000000d6900000,0x00000000d6930000,0x00000000d6980000)
  to   space 512K, 0% used [0x00000000d6980000,0x00000000d6980000,0x00000000d6a00000)
 ParOldGen       total 68608K, used 50444K [0x0000000080000000, 0x0000000084300000, 0x00000000d5580000)
  object space 68608K, 73% used [0x0000000080000000,0x0000000083143040,0x0000000084300000)
 Metaspace       used 64976K, committed 66496K, reserved 1114112K
  class space    used 8205K, committed 8896K, reserved 1048576K
}
Event: 156.734 GC heap before
{Heap before GC invocations=89 (full 3):
 PSYoungGen      total 14848K, used 14528K [0x00000000d5580000, 0x00000000d6a00000, 0x0000000100000000)
  eden space 14336K, 100% used [0x00000000d5580000,0x00000000d6380000,0x00000000d6380000)
  from space 512K, 37% used [0x00000000d6900000,0x00000000d6930000,0x00000000d6980000)
  to   space 512K, 0% used [0x00000000d6980000,0x00000000d6980000,0x00000000d6a00000)
 ParOldGen       total 68608K, used 50444K [0x0000000080000000, 0x0000000084300000, 0x00000000d5580000)
  object space 68608K, 73% used [0x0000000080000000,0x0000000083143040,0x0000000084300000)
 Metaspace       used 65303K, committed 66880K, reserved 1114112K
  class space    used 8242K, committed 8960K, reserved 1048576K
}
Event: 156.735 GC heap after
{Heap after GC invocations=89 (full 3):
 PSYoungGen      total 14848K, used 472K [0x00000000d5580000, 0x00000000d6a00000, 0x0000000100000000)
  eden space 14336K, 0% used [0x00000000d5580000,0x00000000d5580000,0x00000000d6380000)
  from space 512K, 92% used [0x00000000d6980000,0x00000000d69f61a8,0x00000000d6a00000)
  to   space 1024K, 0% used [0x00000000d6800000,0x00000000d6800000,0x00000000d6900000)
 ParOldGen       total 68608K, used 50476K [0x0000000080000000, 0x0000000084300000, 0x00000000d5580000)
  object space 68608K, 73% used [0x0000000080000000,0x000000008314b040,0x0000000084300000)
 Metaspace       used 65303K, committed 66880K, reserved 1114112K
  class space    used 8242K, committed 8960K, reserved 1048576K
}
Event: 157.614 GC heap before
{Heap before GC invocations=90 (full 3):
 PSYoungGen      total 14848K, used 14808K [0x00000000d5580000, 0x00000000d6a00000, 0x0000000100000000)
  eden space 14336K, 100% used [0x00000000d5580000,0x00000000d6380000,0x00000000d6380000)
  from space 512K, 92% used [0x00000000d6980000,0x00000000d69f61a8,0x00000000d6a00000)
  to   space 1024K, 0% used [0x00000000d6800000,0x00000000d6800000,0x00000000d6900000)
 ParOldGen       total 68608K, used 50476K [0x0000000080000000, 0x0000000084300000, 0x00000000d5580000)
  object space 68608K, 73% used [0x0000000080000000,0x000000008314b040,0x0000000084300000)
 Metaspace       used 65938K, committed 67392K, reserved 1114112K
  class space    used 8313K, committed 8960K, reserved 1048576K
}
Event: 157.617 GC heap after
{Heap after GC invocations=90 (full 3):
 PSYoungGen      total 15360K, used 1004K [0x00000000d5580000, 0x00000000d6d80000, 0x0000000100000000)
  eden space 14336K, 0% used [0x00000000d5580000,0x00000000d5580000,0x00000000d6380000)
  from space 1024K, 98% used [0x00000000d6800000,0x00000000d68fb0a0,0x00000000d6900000)
  to   space 4608K, 0% used [0x00000000d6900000,0x00000000d6900000,0x00000000d6d80000)
 ParOldGen       total 68608K, used 53582K [0x0000000080000000, 0x0000000084300000, 0x00000000d5580000)
  object space 68608K, 78% used [0x0000000080000000,0x0000000083453900,0x0000000084300000)
 Metaspace       used 65938K, committed 67392K, reserved 1114112K
  class space    used 8313K, committed 8960K, reserved 1048576K
}

Dll operation events (15 events):
Event: 0.034 Loaded shared library c:\Users\LENOVO\.cursor\extensions\redhat.java-1.54.0-win32-x64\jre\21.0.10-win32-x86_64\bin\java.dll
Event: 0.334 Loaded shared library c:\Users\LENOVO\.cursor\extensions\redhat.java-1.54.0-win32-x64\jre\21.0.10-win32-x86_64\bin\zip.dll
Event: 0.399 Loaded shared library C:\Users\LENOVO\.cursor\extensions\redhat.java-1.54.0-win32-x64\jre\21.0.10-win32-x86_64\bin\instrument.dll
Event: 0.413 Loaded shared library C:\Users\LENOVO\.cursor\extensions\redhat.java-1.54.0-win32-x64\jre\21.0.10-win32-x86_64\bin\net.dll
Event: 0.416 Loaded shared library C:\Users\LENOVO\.cursor\extensions\redhat.java-1.54.0-win32-x64\jre\21.0.10-win32-x86_64\bin\nio.dll
Event: 0.429 Loaded shared library C:\Users\LENOVO\.cursor\extensions\redhat.java-1.54.0-win32-x64\jre\21.0.10-win32-x86_64\bin\zip.dll
Event: 0.470 Loaded shared library C:\Users\LENOVO\.cursor\extensions\redhat.java-1.54.0-win32-x64\jre\21.0.10-win32-x86_64\bin\jimage.dll
Event: 0.858 Loaded shared library c:\Users\LENOVO\.cursor\extensions\redhat.java-1.54.0-win32-x64\jre\21.0.10-win32-x86_64\bin\verify.dll
Event: 22.217 Loaded shared library C:\Users\LENOVO\AppData\Roaming\Cursor\User\globalStorage\redhat.java\1.54.0\config_win\org.eclipse.equinox.launcher\org.eclipse.equinox.launcher.win32.win32.x86_64_1.3.0.v20260203-2149\eclipse_11919.dll
Event: 38.251 Loaded shared library C:\Users\LENOVO\AppData\Local\Temp\jna--2053026509\jna15993832957480951067.dll
Event: 53.076 Loaded shared library C:\Users\LENOVO\.gradle\native\1def1411415f61bf3af743bc5b6707747c0891f09f0c88961ee8f79bc544acac\windows-amd64\native-platform.dll
Event: 62.669 Loaded shared library C:\Users\LENOVO\.cursor\extensions\redhat.java-1.54.0-win32-x64\jre\21.0.10-win32-x86_64\bin\management.dll
Event: 62.697 Loaded shared library C:\Users\LENOVO\.cursor\extensions\redhat.java-1.54.0-win32-x64\jre\21.0.10-win32-x86_64\bin\management_ext.dll
Event: 64.988 Loaded shared library C:\Users\LENOVO\.cursor\extensions\redhat.java-1.54.0-win32-x64\jre\21.0.10-win32-x86_64\bin\extnet.dll
Event: 70.928 Loaded shared library C:\Users\LENOVO\.cursor\extensions\redhat.java-1.54.0-win32-x64\jre\21.0.10-win32-x86_64\bin\sunmscapi.dll

Deoptimization events (20 events):
Event: 364.446 Thread 0x000001d7fc04c580 DEOPT PACKING pc=0x000001d7a63609e4 sp=0x00000044674feef0
Event: 364.446 Thread 0x000001d7fc04c580 DEOPT UNPACKING pc=0x000001d7a5996da2 sp=0x00000044674fee30 mode 2
Event: 364.447 Thread 0x000001d7fc04c580 Uncommon trap: trap_request=0xffffffc6 fr.pc=0x000001d7a6436794 relative=0x0000000000000794
Event: 364.447 Thread 0x000001d7fc04c580 Uncommon trap: reason=bimorphic_or_optimized_type_check action=maybe_recompile pc=0x000001d7a6436794 method=java.io.DataOutputStream.writeInt(I)V @ 19 c2
Event: 364.447 Thread 0x000001d7fc04c580 DEOPT PACKING pc=0x000001d7a6436794 sp=0x00000044674fecf0
Event: 364.447 Thread 0x000001d7fc04c580 DEOPT UNPACKING pc=0x000001d7a5996da2 sp=0x00000044674fecc8 mode 2
Event: 364.447 Thread 0x000001d7fc04c580 Uncommon trap: trap_request=0xffffffc6 fr.pc=0x000001d7a6436794 relative=0x0000000000000794
Event: 364.447 Thread 0x000001d7fc04c580 Uncommon trap: reason=bimorphic_or_optimized_type_check action=maybe_recompile pc=0x000001d7a6436794 method=java.io.DataOutputStream.writeInt(I)V @ 19 c2
Event: 364.447 Thread 0x000001d7fc04c580 DEOPT PACKING pc=0x000001d7a6436794 sp=0x00000044674fec80
Event: 364.447 Thread 0x000001d7fc04c580 DEOPT UNPACKING pc=0x000001d7a5996da2 sp=0x00000044674fec58 mode 2
Event: 364.451 Thread 0x000001d7fc04c580 Uncommon trap: trap_request=0xffffff45 fr.pc=0x000001d7a61fdc84 relative=0x00000000000003c4
Event: 364.451 Thread 0x000001d7fc04c580 Uncommon trap: reason=unstable_if action=reinterpret pc=0x000001d7a61fdc84 method=java.io.BufferedOutputStream.implWrite([BII)V @ 5 c2
Event: 364.451 Thread 0x000001d7fc04c580 DEOPT PACKING pc=0x000001d7a61fdc84 sp=0x00000044674fec90
Event: 364.451 Thread 0x000001d7fc04c580 DEOPT UNPACKING pc=0x000001d7a5996da2 sp=0x00000044674febe0 mode 2
Event: 364.452 Thread 0x000001d7fc04c580 Uncommon trap: trap_request=0xffffff45 fr.pc=0x000001d7a61fca44 relative=0x0000000000000204
Event: 364.452 Thread 0x000001d7fc04c580 Uncommon trap: reason=unstable_if action=reinterpret pc=0x000001d7a61fca44 method=java.io.BufferedOutputStream.implWrite([BII)V @ 5 c2
Event: 364.452 Thread 0x000001d7fc04c580 DEOPT PACKING pc=0x000001d7a61fca44 sp=0x00000044674fec20
Event: 364.452 Thread 0x000001d7fc04c580 DEOPT UNPACKING pc=0x000001d7a5996da2 sp=0x00000044674febe8 mode 2
Event: 2199.260 Thread 0x000001d7fbb47730 DEOPT PACKING pc=0x000001d79f43f3ab sp=0x0000004466fff710
Event: 2199.261 Thread 0x000001d7fbb47730 DEOPT UNPACKING pc=0x000001d7a59978e2 sp=0x0000004466ffebf8 mode 0

Classes loaded (20 events):
Event: 156.071 Loading class java/util/Collections$SynchronizedRandomAccessList
Event: 156.071 Loading class java/util/Collections$SynchronizedList
Event: 156.072 Loading class java/util/Collections$SynchronizedList done
Event: 156.072 Loading class java/util/Collections$SynchronizedRandomAccessList done
Event: 156.747 Loading class java/util/concurrent/CompletableFuture$Signaller
Event: 156.748 Loading class java/util/concurrent/CompletableFuture$Signaller done
Event: 157.107 Loading class java/util/concurrent/CompletableFuture$UniApply
Event: 157.107 Loading class java/util/concurrent/CompletableFuture$UniApply done
Event: 157.108 Loading class java/util/concurrent/CompletableFuture$UniExceptionally
Event: 157.108 Loading class java/util/concurrent/CompletableFuture$UniExceptionally done
Event: 364.416 Loading class java/util/stream/Nodes$CollectorTask$OfRef
Event: 364.416 Loading class java/util/stream/Nodes$CollectorTask
Event: 364.416 Loading class java/util/stream/Nodes$CollectorTask done
Event: 364.416 Loading class java/util/stream/Nodes$CollectorTask$OfRef done
Event: 364.416 Loading class java/util/function/LongFunction
Event: 364.417 Loading class java/util/function/LongFunction done
Event: 364.417 Loading class java/util/stream/Nodes$ConcNode
Event: 364.417 Loading class java/util/stream/Nodes$AbstractConcNode
Event: 364.417 Loading class java/util/stream/Nodes$AbstractConcNode done
Event: 364.417 Loading class java/util/stream/Nodes$ConcNode done

Classes unloaded (7 events):
Event: 38.773 Thread 0x000001d79b181490 Unloading class 0x000001d7b31a4c00 'java/lang/invoke/LambdaForm$MH+0x000001d7b31a4c00'
Event: 38.773 Thread 0x000001d79b181490 Unloading class 0x000001d7b31a4800 'java/lang/invoke/LambdaForm$MH+0x000001d7b31a4800'
Event: 38.773 Thread 0x000001d79b181490 Unloading class 0x000001d7b31a4400 'java/lang/invoke/LambdaForm$MH+0x000001d7b31a4400'
Event: 38.773 Thread 0x000001d79b181490 Unloading class 0x000001d7b31a4000 'java/lang/invoke/LambdaForm$MH+0x000001d7b31a4000'
Event: 38.773 Thread 0x000001d79b181490 Unloading class 0x000001d7b31a3c00 'java/lang/invoke/LambdaForm$BMH+0x000001d7b31a3c00'
Event: 38.773 Thread 0x000001d79b181490 Unloading class 0x000001d7b31a3800 'java/lang/invoke/LambdaForm$DMH+0x000001d7b31a3800'
Event: 38.773 Thread 0x000001d79b181490 Unloading class 0x000001d7b31a2400 'java/lang/invoke/LambdaForm$DMH+0x000001d7b31a2400'

Classes redefined (0 events):
No events

Internal exceptions (20 events):
Event: 157.103 Thread 0x000001d7fbb4a520 Exception <a 'sun/nio/fs/WindowsException'{0x00000000d5a00a40}> (0x00000000d5a00a40) 
thrown [s\src\hotspot\share\prims\jni.cpp, line 520]
Event: 157.103 Thread 0x000001d7fbb4a520 Exception <a 'sun/nio/fs/WindowsException'{0x00000000d5a01070}> (0x00000000d5a01070) 
thrown [s\src\hotspot\share\prims\jni.cpp, line 520]
Event: 157.103 Thread 0x000001d7fbb4a520 Exception <a 'sun/nio/fs/WindowsException'{0x00000000d5a02090}> (0x00000000d5a02090) 
thrown [s\src\hotspot\share\prims\jni.cpp, line 520]
Event: 157.103 Thread 0x000001d7fbb4a520 Exception <a 'sun/nio/fs/WindowsException'{0x00000000d5a026c0}> (0x00000000d5a026c0) 
thrown [s\src\hotspot\share\prims\jni.cpp, line 520]
Event: 157.103 Thread 0x000001d7fbb4a520 Exception <a 'sun/nio/fs/WindowsException'{0x00000000d5a03790}> (0x00000000d5a03790) 
thrown [s\src\hotspot\share\prims\jni.cpp, line 520]
Event: 157.103 Thread 0x000001d7fbb4a520 Exception <a 'sun/nio/fs/WindowsException'{0x00000000d5a03dc0}> (0x00000000d5a03dc0) 
thrown [s\src\hotspot\share\prims\jni.cpp, line 520]
Event: 157.104 Thread 0x000001d7fbb4a520 Exception <a 'sun/nio/fs/WindowsException'{0x00000000d5a04e10}> (0x00000000d5a04e10) 
thrown [s\src\hotspot\share\prims\jni.cpp, line 520]
Event: 157.104 Thread 0x000001d7fbb4a520 Exception <a 'sun/nio/fs/WindowsException'{0x00000000d5a05440}> (0x00000000d5a05440) 
thrown [s\src\hotspot\share\prims\jni.cpp, line 520]
Event: 157.105 Thread 0x000001d7fbb4a520 Exception <a 'java/lang/IncompatibleClassChangeError'{0x00000000d5a273e8}: Found class java.lang.Object, but interface was expected> (0x00000000d5a273e8) 
thrown [s\src\hotspot\share\interpreter\linkResolver.cpp, line 840]
Event: 173.427 Thread 0x000001d7fc050090 Implicit null exception at 0x000001d7a6503ea0 to 0x000001d7a6504318
Event: 173.427 Thread 0x000001d7fc050090 Implicit null exception at 0x000001d7a6500832 to 0x000001d7a6500ca4
Event: 173.446 Thread 0x000001d7fc050090 Exception <a 'java/lang/NoSuchMethodError'{0x00000000d59c9880}: static Lcom/android/builder/errors/EvalIssueException;.<clinit>()V> (0x00000000d59c9880) 
thrown [s\src\hotspot\share\prims\jni.cpp, line 1111]
Event: 173.468 Thread 0x000001d7fc050090 Exception <a 'java/lang/NoSuchMethodError'{0x00000000d5b52620}: static Lorg/gradle/api/GradleException;.<clinit>()V> (0x00000000d5b52620) 
thrown [s\src\hotspot\share\prims\jni.cpp, line 1111]
Event: 173.468 Thread 0x000001d7fc050090 Exception <a 'java/lang/NoSuchMethodError'{0x00000000d5b54788}: static Lorg/gradle/internal/exceptions/DefaultMultiCauseException;.<clinit>()V> (0x00000000d5b54788) 
thrown [s\src\hotspot\share\prims\jni.cpp, line 1111]
Event: 173.468 Thread 0x000001d7fc050090 Exception <a 'java/lang/NoSuchMethodError'{0x00000000d5b58ab8}: static Lorg/gradle/api/ProjectConfigurationException;.<clinit>()V> (0x00000000d5b58ab8) 
thrown [s\src\hotspot\share\prims\jni.cpp, line 1111]
Event: 173.475 Thread 0x000001d7fc050090 Exception <a 'java/lang/NoSuchMethodError'{0x00000000d5be93b8}: static Lorg/gradle/api/internal/plugins/PluginApplicationException;.<clinit>()V> (0x00000000d5be93b8) 
thrown [s\src\hotspot\share\prims\jni.cpp, line 1111]
Event: 173.477 Thread 0x000001d7fc050090 Exception <a 'java/lang/NoSuchMethodError'{0x00000000d5c2b598}: static Lorg/gradle/api/GradleScriptException;.<clinit>()V> (0x00000000d5c2b598) 
thrown [s\src\hotspot\share\prims\jni.cpp, line 1111]
Event: 173.483 Thread 0x000001d7fc050090 Exception <a 'java/lang/NoSuchMethodError'{0x00000000d5cbb820}: static Lorg/gradle/internal/exceptions/ContextAwareException;.<clinit>()V> (0x00000000d5cbb820) 
thrown [s\src\hotspot\share\prims\jni.cpp, line 1111]
Event: 173.483 Thread 0x000001d7fc050090 Exception <a 'java/lang/NoSuchMethodError'{0x00000000d5cbdbf0}: static Lorg/gradle/internal/exceptions/LocationAwareException;.<clinit>()V> (0x00000000d5cbdbf0) 
thrown [s\src\hotspot\share\prims\jni.cpp, line 1111]
Event: 364.449 Thread 0x000001d7fc04c580 Exception <a 'java/lang/NoSuchMethodError'{0x00000000d6055018}: 'java.lang.Object java.lang.invoke.DirectMethodHandle$Holder.newInvokeSpecial(java.lang.Object, java.lang.Object, java.lang.Object, java.lang.Object, java.lang.Object, java.lang.Object, java.lang.Object, java.lang.Object)'> (0x00000000d6055018) 
thrown [s\src\hotspot\share\interpreter\linkResolver.cpp, line 773]

ZGC Phase Switch (0 events):
No events

VM Operations (20 events):
Event: 1924.572 Executing non-safepoint VM operation: RendezvousGCThreads
Event: 1924.572 Executing non-safepoint VM operation: RendezvousGCThreads done
Event: 2044.862 Executing non-safepoint VM operation: HandshakeAllThreads (HandshakeForDeflation)
Event: 2044.862 Executing non-safepoint VM operation: HandshakeAllThreads (HandshakeForDeflation) done
Event: 2044.863 Executing non-safepoint VM operation: RendezvousGCThreads
Event: 2044.863 Executing non-safepoint VM operation: RendezvousGCThreads done
Event: 2104.999 Executing non-safepoint VM operation: HandshakeAllThreads (HandshakeForDeflation)
Event: 2104.999 Executing non-safepoint VM operation: HandshakeAllThreads (HandshakeForDeflation) done
Event: 2104.999 Executing non-safepoint VM operation: RendezvousGCThreads
Event: 2104.999 Executing non-safepoint VM operation: RendezvousGCThreads done
Event: 2139.014 Executing safepoint VM operation: Cleanup
Event: 2139.014 Executing safepoint VM operation: Cleanup done
Event: 2165.153 Executing non-safepoint VM operation: HandshakeAllThreads (HandshakeForDeflation)
Event: 2165.153 Executing non-safepoint VM operation: HandshakeAllThreads (HandshakeForDeflation) done
Event: 2165.153 Executing non-safepoint VM operation: RendezvousGCThreads
Event: 2165.153 Executing non-safepoint VM operation: RendezvousGCThreads done
Event: 2225.318 Executing non-safepoint VM operation: HandshakeAllThreads (HandshakeForDeflation)
Event: 2225.318 Executing non-safepoint VM operation: HandshakeAllThreads (HandshakeForDeflation) done
Event: 2225.318 Executing non-safepoint VM operation: RendezvousGCThreads
Event: 2225.318 Executing non-safepoint VM operation: RendezvousGCThreads done

Memory protections (0 events):
No events

Nmethod flushes (20 events):
Event: 63.701 Thread 0x000001d79b181490 flushing  nmethod 0x000001d79ec4e510
Event: 63.701 Thread 0x000001d79b181490 flushing  nmethod 0x000001d79ec4ec10
Event: 63.701 Thread 0x000001d79b181490 flushing  nmethod 0x000001d79ec4f390
Event: 63.701 Thread 0x000001d79b181490 flushing  nmethod 0x000001d79ec4f990
Event: 63.701 Thread 0x000001d79b181490 flushing  nmethod 0x000001d79ec4fe10
Event: 63.701 Thread 0x000001d79b181490 flushing  nmethod 0x000001d79ec51810
Event: 63.701 Thread 0x000001d79b181490 flushing  nmethod 0x000001d79ec58e10
Event: 63.701 Thread 0x000001d79b181490 flushing  nmethod 0x000001d79ec5eb10
Event: 63.701 Thread 0x000001d79b181490 flushing  nmethod 0x000001d79ec67c90
Event: 63.701 Thread 0x000001d79b181490 flushing  nmethod 0x000001d79ec6a690
Event: 63.701 Thread 0x000001d79b181490 flushing  nmethod 0x000001d79ec99a90
Event: 63.701 Thread 0x000001d79b181490 flushing  nmethod 0x000001d79ec9d490
Event: 63.701 Thread 0x000001d79b181490 flushing  nmethod 0x000001d79ecb0c90
Event: 63.701 Thread 0x000001d79b181490 flushing  nmethod 0x000001d79ecc8e10
Event: 63.701 Thread 0x000001d79b181490 flushing  nmethod 0x000001d79eccd090
Event: 63.701 Thread 0x000001d79b181490 flushing  nmethod 0x000001d79ecd1d10
Event: 63.701 Thread 0x000001d79b181490 flushing  nmethod 0x000001d79ecd3590
Event: 63.701 Thread 0x000001d79b181490 flushing  nmethod 0x000001d79ecd3d10
Event: 63.701 Thread 0x000001d79b181490 flushing  nmethod 0x000001d79ecd4410
Event: 63.701 Thread 0x000001d79b181490 flushing  nmethod 0x000001d79ecdf090

Events (20 events):
Event: 157.562 Thread 0x000001d7fdf3eaa0 Thread exited: 0x000001d7fdf3eaa0
Event: 157.563 Thread 0x000001d7fc050090 Thread exited: 0x000001d7fc050090
Event: 157.607 Thread 0x000001d7f9e5ad90 Thread added: 0x000001d7fc050090
Event: 173.433 Thread 0x000001d7f4572f90 Thread added: 0x000001d7f9ff7440
Event: 173.497 Thread 0x000001d7fc050090 Thread exited: 0x000001d7fc050090
Event: 178.502 Thread 0x000001d7f9ff7440 Thread exited: 0x000001d7f9ff7440
Event: 217.578 Thread 0x000001d7fc050720 Thread exited: 0x000001d7fc050720
Event: 217.601 Thread 0x000001d7fbb49800 Thread exited: 0x000001d7fbb49800
Event: 217.627 Thread 0x000001d7fc04c580 Thread exited: 0x000001d7fc04c580
Event: 277.581 Thread 0x000001d7f9e599e0 Thread exited: 0x000001d7f9e599e0
Event: 277.627 Thread 0x000001d7fc051440 Thread exited: 0x000001d7fc051440
Event: 337.628 Thread 0x000001d7f9e5b420 Thread exited: 0x000001d7f9e5b420
Event: 338.334 Thread 0x000001d7f9e5bab0 Thread added: 0x000001d7fc04c580
Event: 364.394 Thread 0x000001d7f9e5ad90 Thread exited: 0x000001d7f9e5ad90
Event: 364.409 Thread 0x000001d7fc04c580 Thread added: 0x000001d7fc050090
Event: 364.418 Thread 0x000001d7fc050090 Thread exited: 0x000001d7fc050090
Event: 364.441 Thread 0x000001d7fc04c580 Thread added: 0x000001d7fc050090
Event: 364.442 Thread 0x000001d7fc050090 Thread exited: 0x000001d7fc050090
Event: 397.628 Thread 0x000001d7fc04ab40 Thread exited: 0x000001d7fc04ab40
Event: 457.628 Thread 0x000001d7fc050db0 Thread exited: 0x000001d7fc050db0


Dynamic libraries:
0x00007ff7d2e60000 - 0x00007ff7d2e6e000 	c:\Users\LENOVO\.cursor\extensions\redhat.java-1.54.0-win32-x64\jre\21.0.10-win32-x86_64\bin\java.exe
0x00007ff952fa0000 - 0x00007ff953207000 	C:\WINDOWS\SYSTEM32\ntdll.dll
0x00007ff92e730000 - 0x00007ff92e751000 	C:\Program Files\Avast Software\Avast\aswhook.dll
0x00007ff9525d0000 - 0x00007ff952699000 	C:\WINDOWS\System32\KERNEL32.DLL
0x00007ff950800000 - 0x00007ff950bf4000 	C:\WINDOWS\System32\KERNELBASE.dll
0x00007ff950600000 - 0x00007ff95074b000 	C:\WINDOWS\System32\ucrtbase.dll
0x00007ff8bcbe0000 - 0x00007ff8bcbf8000 	c:\Users\LENOVO\.cursor\extensions\redhat.java-1.54.0-win32-x64\jre\21.0.10-win32-x86_64\bin\jli.dll
0x00007ff9515a0000 - 0x00007ff951765000 	C:\WINDOWS\System32\USER32.dll
0x00007ff94f930000 - 0x00007ff94f957000 	C:\WINDOWS\System32\win32u.dll
0x00007ff952a80000 - 0x00007ff952aab000 	C:\WINDOWS\System32\GDI32.dll
0x00007ff8f4d30000 - 0x00007ff8f4d4e000 	c:\Users\LENOVO\.cursor\extensions\redhat.java-1.54.0-win32-x64\jre\21.0.10-win32-x86_64\bin\VCRUNTIME140.dll
0x00007ff950c00000 - 0x00007ff950d2b000 	C:\WINDOWS\System32\gdi32full.dll
0x00007ff94f960000 - 0x00007ff94fa03000 	C:\WINDOWS\System32\msvcp_win.dll
0x00007ff93ae50000 - 0x00007ff93b0e3000 	C:\WINDOWS\WinSxS\amd64_microsoft.windows.common-controls_6595b64144ccf1df_6.0.26100.8115_none_3e075c82e3354f9c\COMCTL32.dll
0x00007ff952c30000 - 0x00007ff952cd9000 	C:\WINDOWS\System32\msvcrt.dll
0x00007ff950dc0000 - 0x00007ff950df2000 	C:\WINDOWS\System32\IMM32.DLL
0x00007ff93b520000 - 0x00007ff93b52c000 	c:\Users\LENOVO\.cursor\extensions\redhat.java-1.54.0-win32-x64\jre\21.0.10-win32-x86_64\bin\vcruntime140_1.dll
0x00007ff8aa2e0000 - 0x00007ff8aa36d000 	c:\Users\LENOVO\.cursor\extensions\redhat.java-1.54.0-win32-x64\jre\21.0.10-win32-x86_64\bin\msvcp140.dll
0x00007ff8748c0000 - 0x00007ff875661000 	c:\Users\LENOVO\.cursor\extensions\redhat.java-1.54.0-win32-x64\jre\21.0.10-win32-x86_64\bin\server\jvm.dll
0x00007ff951b50000 - 0x00007ff951c06000 	C:\WINDOWS\System32\ADVAPI32.dll
0x00007ff951c20000 - 0x00007ff951cc7000 	C:\WINDOWS\System32\sechost.dll
0x00007ff952900000 - 0x00007ff952a18000 	C:\WINDOWS\System32\RPCRT4.dll
0x00007ff952de0000 - 0x00007ff952e60000 	C:\WINDOWS\System32\WS2_32.dll
0x00007ff94f6d0000 - 0x00007ff94f72e000 	C:\WINDOWS\SYSTEM32\POWRPROF.dll
0x00007ff9321f0000 - 0x00007ff932226000 	C:\WINDOWS\SYSTEM32\WINMM.dll
0x00007ff942f70000 - 0x00007ff942f7b000 	C:\WINDOWS\SYSTEM32\VERSION.dll
0x00007ff94f6b0000 - 0x00007ff94f6c4000 	C:\WINDOWS\SYSTEM32\UMPDC.dll
0x00007ff94e5c0000 - 0x00007ff94e5db000 	C:\WINDOWS\SYSTEM32\kernel.appcore.dll
0x00007ff93b500000 - 0x00007ff93b50a000 	c:\Users\LENOVO\.cursor\extensions\redhat.java-1.54.0-win32-x64\jre\21.0.10-win32-x86_64\bin\jimage.dll
0x00007ff94d810000 - 0x00007ff94da52000 	C:\WINDOWS\SYSTEM32\DBGHELP.DLL
0x00007ff952240000 - 0x00007ff9525c2000 	C:\WINDOWS\System32\combase.dll
0x00007ff952160000 - 0x00007ff952238000 	C:\WINDOWS\System32\OLEAUT32.dll
0x00007ff9403d0000 - 0x00007ff94040b000 	C:\WINDOWS\SYSTEM32\dbgcore.DLL
0x00007ff950750000 - 0x00007ff9507f5000 	C:\WINDOWS\System32\bcryptPrimitives.dll
0x00007ff92a2b0000 - 0x00007ff92a2bf000 	c:\Users\LENOVO\.cursor\extensions\redhat.java-1.54.0-win32-x64\jre\21.0.10-win32-x86_64\bin\instrument.dll
0x00007ff8bc820000 - 0x00007ff8bc840000 	c:\Users\LENOVO\.cursor\extensions\redhat.java-1.54.0-win32-x64\jre\21.0.10-win32-x86_64\bin\java.dll
0x00007ff950e30000 - 0x00007ff951597000 	C:\WINDOWS\System32\SHELL32.dll
0x00007ff94faa0000 - 0x00007ff94fc0a000 	C:\WINDOWS\System32\wintypes.dll
0x00007ff94fd90000 - 0x00007ff9505f8000 	C:\WINDOWS\System32\windows.storage.dll
0x00007ff952ce0000 - 0x00007ff952dd8000 	C:\WINDOWS\System32\SHCORE.dll
0x00007ff950d30000 - 0x00007ff950d96000 	C:\WINDOWS\System32\shlwapi.dll
0x00007ff94f790000 - 0x00007ff94f7b9000 	C:\WINDOWS\SYSTEM32\profapi.dll
0x00007ff8b1690000 - 0x00007ff8b16a8000 	c:\Users\LENOVO\.cursor\extensions\redhat.java-1.54.0-win32-x64\jre\21.0.10-win32-x86_64\bin\zip.dll
0x00007ff92a180000 - 0x00007ff92a190000 	C:\Users\LENOVO\.cursor\extensions\redhat.java-1.54.0-win32-x64\jre\21.0.10-win32-x86_64\bin\net.dll
0x00007ff947c40000 - 0x00007ff947d6d000 	C:\WINDOWS\SYSTEM32\WINHTTP.dll
0x00007ff94eb10000 - 0x00007ff94eb7c000 	C:\WINDOWS\system32\mswsock.dll
0x00007ff8ae390000 - 0x00007ff8ae3a6000 	C:\Users\LENOVO\.cursor\extensions\redhat.java-1.54.0-win32-x64\jre\21.0.10-win32-x86_64\bin\nio.dll
0x00007ff936760000 - 0x00007ff936770000 	c:\Users\LENOVO\.cursor\extensions\redhat.java-1.54.0-win32-x64\jre\21.0.10-win32-x86_64\bin\verify.dll
0x00007ff894ac0000 - 0x00007ff894b05000 	C:\Users\LENOVO\AppData\Roaming\Cursor\User\globalStorage\redhat.java\1.54.0\config_win\org.eclipse.equinox.launcher\org.eclipse.equinox.launcher.win32.win32.x86_64_1.3.0.v20260203-2149\eclipse_11919.dll
0x00007ff9526a0000 - 0x00007ff952837000 	C:\WINDOWS\System32\ole32.dll
0x00007ff94ef10000 - 0x00007ff94ef2b000 	C:\WINDOWS\SYSTEM32\CRYPTSP.dll
0x00007ff94e520000 - 0x00007ff94e559000 	C:\WINDOWS\system32\rsaenh.dll
0x00007ff94ebc0000 - 0x00007ff94ebf3000 	C:\WINDOWS\SYSTEM32\USERENV.dll
0x00007ff94f760000 - 0x00007ff94f78a000 	C:\WINDOWS\SYSTEM32\bcrypt.dll
0x00007ff94ed70000 - 0x00007ff94ed7c000 	C:\WINDOWS\SYSTEM32\CRYPTBASE.dll
0x00007ff94df40000 - 0x00007ff94df72000 	C:\WINDOWS\SYSTEM32\IPHLPAPI.DLL
0x00007ff951780000 - 0x00007ff95178a000 	C:\WINDOWS\System32\NSI.dll
0x00007ff8a9aa0000 - 0x00007ff8a9ae9000 	C:\Users\LENOVO\AppData\Local\Temp\jna--2053026509\jna15993832957480951067.dll
0x00007ff951c10000 - 0x00007ff951c18000 	C:\WINDOWS\System32\PSAPI.DLL
0x00007ff949bb0000 - 0x00007ff949bcd000 	C:\WINDOWS\SYSTEM32\dhcpcsvc6.DLL
0x00007ff949b80000 - 0x00007ff949ba5000 	C:\WINDOWS\SYSTEM32\dhcpcsvc.DLL
0x00007ff8acc80000 - 0x00007ff8acca7000 	C:\Users\LENOVO\.gradle\native\1def1411415f61bf3af743bc5b6707747c0891f09f0c88961ee8f79bc544acac\windows-amd64\native-platform.dll
0x00007ff936750000 - 0x00007ff93675a000 	C:\Users\LENOVO\.cursor\extensions\redhat.java-1.54.0-win32-x64\jre\21.0.10-win32-x86_64\bin\management.dll
0x00007ff926720000 - 0x00007ff92672c000 	C:\Users\LENOVO\.cursor\extensions\redhat.java-1.54.0-win32-x64\jre\21.0.10-win32-x86_64\bin\management_ext.dll
0x00007ff93b530000 - 0x00007ff93b539000 	C:\Users\LENOVO\.cursor\extensions\redhat.java-1.54.0-win32-x64\jre\21.0.10-win32-x86_64\bin\extnet.dll
0x00007ff93b540000 - 0x00007ff93b54e000 	C:\Users\LENOVO\.cursor\extensions\redhat.java-1.54.0-win32-x64\jre\21.0.10-win32-x86_64\bin\sunmscapi.dll
0x00007ff94fc10000 - 0x00007ff94fd87000 	C:\WINDOWS\System32\CRYPT32.dll
0x00007ff94f070000 - 0x00007ff94f0a0000 	C:\WINDOWS\SYSTEM32\ncrypt.dll
0x00007ff94f020000 - 0x00007ff94f05f000 	C:\WINDOWS\SYSTEM32\NTASN1.dll
0x00007ff8f97c0000 - 0x00007ff8f97c8000 	C:\WINDOWS\system32\wshunix.dll

JVMTI agents:
c:\Users\LENOVO\.cursor\extensions\redhat.java-1.54.0-win32-x64\lombok\lombok-1.18.39-4050.jar path:c:\Users\LENOVO\.cursor\extensions\redhat.java-1.54.0-win32-x64\jre\21.0.10-win32-x86_64\bin\instrument.dll, loaded, initialized, instrumentlib options:none

dbghelp: loaded successfully - version: 4.0.5 - missing functions: none
symbol engine: initialized successfully - sym options: 0x614 - pdb path: .;c:\Users\LENOVO\.cursor\extensions\redhat.java-1.54.0-win32-x64\jre\21.0.10-win32-x86_64\bin;C:\WINDOWS\SYSTEM32;C:\Program Files\Avast Software\Avast;C:\WINDOWS\WinSxS\amd64_microsoft.windows.common-controls_6595b64144ccf1df_6.0.26100.8115_none_3e075c82e3354f9c;c:\Users\LENOVO\.cursor\extensions\redhat.java-1.54.0-win32-x64\jre\21.0.10-win32-x86_64\bin\server;C:\Users\LENOVO\AppData\Roaming\Cursor\User\globalStorage\redhat.java\1.54.0\config_win\org.eclipse.equinox.launcher\org.eclipse.equinox.launcher.win32.win32.x86_64_1.3.0.v20260203-2149;C:\Users\LENOVO\AppData\Local\Temp\jna--2053026509;C:\Users\LENOVO\.gradle\native\1def1411415f61bf3af743bc5b6707747c0891f09f0c88961ee8f79bc544acac\windows-amd64

VM Arguments:
jvm_args: --add-modules=ALL-SYSTEM --add-opens=java.base/java.util=ALL-UNNAMED --add-opens=java.base/java.lang=ALL-UNNAMED --add-opens=java.base/sun.nio.fs=ALL-UNNAMED -Declipse.application=org.eclipse.jdt.ls.core.id1 -Dosgi.bundles.defaultStartLevel=4 -Declipse.product=org.eclipse.jdt.ls.core.product -Djava.import.generatesMetadataFilesAtProjectRoot=false -DDetectVMInstallationsJob.disabled=true -Dfile.encoding=utf8 -XX:+UseParallelGC -XX:GCTimeRatio=4 -XX:AdaptiveSizePolicyWeight=90 -Dsun.zip.disableMemoryMapping=true -Xmx2G -Xms100m -Xlog:disable -javaagent:c:\Users\LENOVO\.cursor\extensions\redhat.java-1.54.0-win32-x64\lombok\lombok-1.18.39-4050.jar -XX:+HeapDumpOnOutOfMemoryError -XX:HeapDumpPath=c:\Users\LENOVO\AppData\Roaming\Cursor\User\workspaceStorage\a78203c44efd8367260fac9b3c4b3b31\redhat.java -Daether.dependencyCollector.impl=bf 
java_command: c:\Users\LENOVO\.cursor\extensions\redhat.java-1.54.0-win32-x64\server\plugins\org.eclipse.equinox.launcher_1.7.100.v20251111-0406.jar -configuration c:\Users\LENOVO\AppData\Roaming\Cursor\User\globalStorage\redhat.java\1.54.0\config_win -data c:\Users\LENOVO\AppData\Roaming\Cursor\User\workspaceStorage\a78203c44efd8367260fac9b3c4b3b31\redhat.java\jdt_ws --pipe=\\.\pipe\lsp-4398d7b2c18b5b515893d1d2465d6db1-sock
java_class_path (initial): c:\Users\LENOVO\.cursor\extensions\redhat.java-1.54.0-win32-x64\server\plugins\org.eclipse.equinox.launcher_1.7.100.v20251111-0406.jar
Launcher Type: SUN_STANDARD

[Global flags]
    uintx AdaptiveSizePolicyWeight                 = 90                                        {product} {command line}
     intx CICompilerCount                          = 4                                         {product} {ergonomic}
    uintx GCTimeRatio                              = 4                                         {product} {command line}
     bool HeapDumpOnOutOfMemoryError               = true                                   {manageable} {command line}
    ccstr HeapDumpPath                             = c:\Users\LENOVO\AppData\Roaming\Cursor\User\workspaceStorage\a78203c44efd8367260fac9b3c4b3b31\redhat.java         {manageable} {command line}
   size_t InitialHeapSize                          = 104857600                                 {product} {command line}
   size_t MaxHeapSize                              = 2147483648                                {product} {command line}
   size_t MaxNewSize                               = 715653120                                 {product} {ergonomic}
   size_t MinHeapDeltaBytes                        = 524288                                    {product} {ergonomic}
   size_t MinHeapSize                              = 104857600                                 {product} {command line}
   size_t NewSize                                  = 34603008                                  {product} {ergonomic}
    uintx NonNMethodCodeHeapSize                   = 5839372                                {pd product} {ergonomic}
    uintx NonProfiledCodeHeapSize                  = 122909434                              {pd product} {ergonomic}
   size_t OldSize                                  = 70254592                                  {product} {ergonomic}
    uintx ProfiledCodeHeapSize                     = 122909434                              {pd product} {ergonomic}
    uintx ReservedCodeCacheSize                    = 251658240                              {pd product} {ergonomic}
     bool SegmentedCodeCache                       = true                                      {product} {ergonomic}
   size_t SoftMaxHeapSize                          = 2147483648                             {manageable} {ergonomic}
     bool UseCompressedOops                        = true                           {product lp64_product} {ergonomic}
     bool UseLargePagesIndividualAllocation        = false                                  {pd product} {ergonomic}
     bool UseParallelGC                            = true                                      {product} {command line}

Logging:
Log output configuration:
 #0: stdout all=off uptime,level,tags foldmultilines=false
 #1: stderr all=off uptime,level,tags foldmultilines=false

Release file:
JAVA_VERSION="21.0.10" 
MODULES="java.base java.compiler java.datatransfer java.xml java.prefs java.desktop java.instrument java.logging java.management java.security.sasl java.naming java.rmi java.management.rmi java.net.http java.scripting java.security.jgss java.transaction.xa java.sql java.sql.rowset java.xml.crypto java.se java.smartcardio jdk.accessibility jdk.internal.jvmstat jdk.attach jdk.charsets jdk.internal.opt jdk.zipfs jdk.compiler jdk.crypto.ec jdk.crypto.cryptoki jdk.crypto.mscapi jdk.dynalink jdk.internal.ed jdk.editpad jdk.hotspot.agent jdk.httpserver jdk.internal.le jdk.internal.vm.ci jdk.internal.vm.compiler jdk.internal.vm.compiler.management jdk.jartool jdk.javadoc jdk.jcmd jdk.management jdk.management.agent jdk.jconsole jdk.jdeps jdk.jdwp.agent jdk.jdi jdk.jfr jdk.jshell jdk.jsobject jdk.jstatd jdk.localedata jdk.management.jfr jdk.naming.dns jdk.naming.rmi jdk.net jdk.nio.mapmode jdk.random jdk.sctp jdk.security.auth jdk.security.jgss jdk.unsupported jdk.unsupported.desktop jdk.xml.dom" 

Environment Variables:
JAVA_HOME=C:\Program Files\Java\jdk-25
PATH=C:\Program Files\Common Files\Oracle\Java\javapath;C:\Program Files (x86)\Common Files\Oracle\Java\java8path;C:\Program Files (x86)\Common Files\Oracle\Java\javapath;C:\WINDOWS\system32;C:\WINDOWS;C:\WINDOWS\System32\Wbem;C:\WINDOWS\System32\WindowsPowerShell\v1.0\;C:\WINDOWS\System32\OpenSSH\;C:\Program Files\Git\cmd;C:\Program Files\nodejs\;C:\Program Files\Docker\Docker\resources\bin;C:\Users\LENOVO\AppData\Local\Python\pythoncore-3.14-64\;C:\Users\LENOVO\AppData\Local\Python\pythoncore-3.14-64\Scripts\;C:\Program Files\Java\jdk-25\bin;C:\Users\LENOVO\scoop\apps\openssl\current\bin;C:\Ruby34-x64\bin;C:\Users\LENOVO\scoop\shims;C:\Users\LENOVO\AppData\Local\Microsoft\WindowsApps;C:\Users\LENOVO\AppData\Local\Programs\cursor\resources\app\bin;C:\Users\LENOVO\AppData\Roaming\npm;C:\Users\LENOVO\AppData\Local\JetBrains\Toolbox\scripts;C:\platform-tools;C:\Users\LENOVO\AppData\Local\Python\bin
USERNAME=LENOVO
OS=Windows_NT
PROCESSOR_IDENTIFIER=Intel64 Family 6 Model 140 Stepping 1, GenuineIntel
TMP=C:\Users\LENOVO\AppData\Local\Temp
TEMP=C:\Users\LENOVO\AppData\Local\Temp




Periodic native trim disabled

---------------  S Y S T E M  ---------------

OS:
 Windows 11 , 64 bit Build 26100 (10.0.26100.8246)
OS uptime: 0 days 22:15 hours
Hyper-V role detected

CPU: total 8 (initial active 8) (4 cores per cpu, 2 threads per core) family 6 model 140 stepping 1 microcode 0x8a, cx8, cmov, fxsr, ht, mmx, 3dnowpref, sse, sse2, sse3, ssse3, sse4.1, sse4.2, popcnt, lzcnt, tsc, tscinvbit, avx, avx2, aes, erms, clmul, bmi1, bmi2, adx, avx512f, avx512dq, avx512cd, avx512bw, avx512vl, sha, fma, vzeroupper, avx512_vpopcntdq, avx512_vpclmulqdq, avx512_vaes, avx512_vnni, clflush, clflushopt, clwb, avx512_vbmi2, avx512_vbmi, hv, rdtscp, rdpid, fsrm, gfni, avx512_bitalg, f16c, cet_ibt, cet_ss, avx512_ifma
Processor Information for the first 8 processors :
  Max Mhz: 2419, Current Mhz: 2419, Mhz Limit: 2419

Memory: 4k page, system-wide physical 20279M (2743M free)
TotalPageFile size 36837M (AvailPageFile size 0M)
current process WorkingSet (physical memory assigned to process): 44M, peak: 282M
current process commit charge ("private bytes"): 373M, peak: 380M

vm_info: OpenJDK 64-Bit Server VM (21.0.10+7-LTS) for windows-amd64 JRE (21.0.10+7-LTS), built on 2026-01-20T00:00:00Z by "admin" with MS VC++ 17.12 (VS2022)

END.
